
Note: No compatibility mode selected!


Circuit: * wrom2 -- back end delay: bitline -> dout0  (column 236, tt)

Doing analysis at TEMP = 25.000000 and TNOM = 27.000000

Using SPARSE 1.3 as Direct Linear Solver
Operating point simulation skipped by 'uic',
  now using transient initial conditions.

No. of Data Rows : 4024

  Measurements for Transient Analysis

t_bl2dout           =  1.827998e-09 targ=  3.337603e-08 trig=  3.154804e-08
t_dout_slew         =  8.018954e-10 targ=  3.377279e-08 trig=  3.297090e-08


Total analysis time (seconds) = 27.1512

Total elapsed time (seconds) = 130.664 

Total DRAM available = 31789.566 MB.
DRAM currently available = 8075.578 MB.
Maximum ngspice program size =  752.336 MB.
Current ngspice program size =  685.738 MB.

Shared ngspice pages =   11.492 MB.
Text (code) pages =    6.520 MB.
Stack = 0 bytes.
Library pages =  730.172 MB.

