
Note: No compatibility mode selected!


Circuit: * wrom2 -- arka uc gecikmesi: bitline -> dout0  (kolon 236, ss)

Doing analysis at TEMP = 100.000000 and TNOM = 27.000000

Using SPARSE 1.3 as Direct Linear Solver
Operating point simulation skipped by 'uic',
  now using transient initial conditions.

No. of Data Rows : 4023

  Measurements for Transient Analysis

t_bl2dout           =  1.334551e-09 targ=  4.963690e-08 trig=  4.830235e-08
t_dout_slew         =  2.426889e-09 targ=  5.108922e-08 trig=  4.866233e-08


Total analysis time (seconds) = 26.8964

Total elapsed time (seconds) = 127.886 

Total DRAM available = 31789.582 MB.
DRAM currently available = 10517.391 MB.
Maximum ngspice program size =  753.285 MB.
Current ngspice program size =  686.832 MB.

Shared ngspice pages =   11.641 MB.
Text (code) pages =    6.520 MB.
Stack = 0 bytes.
Library pages =  731.121 MB.

