
Note: No compatibility mode selected!


Circuit: * wrom2 -- back end delay: bitline -> dout0  (column 236, tt)

Doing analysis at TEMP = 25.000000 and TNOM = 27.000000

Using SPARSE 1.3 as Direct Linear Solver
Operating point simulation skipped by 'uic',
  now using transient initial conditions.

No. of Data Rows : 4024

  Measurements for Transient Analysis

t_bl2dout           =  1.584893e-09 targ=  3.313293e-08 trig=  3.154804e-08
t_dout_slew         =  5.331602e-10 targ=  3.341443e-08 trig=  3.288127e-08


Total analysis time (seconds) = 26.5293

Total elapsed time (seconds) = 119.056 

Total DRAM available = 31789.566 MB.
DRAM currently available = 9642.812 MB.
Maximum ngspice program size =  752.336 MB.
Current ngspice program size =  685.668 MB.

Shared ngspice pages =   11.418 MB.
Text (code) pages =    6.520 MB.
Stack = 0 bytes.
Library pages =  730.172 MB.

