
Note: No compatibility mode selected!


Circuit: * wrom2 -- back end delay: bitline -> dout0  (column 236, ss)

Doing analysis at TEMP = 100.000000 and TNOM = 27.000000

Using SPARSE 1.3 as Direct Linear Solver
Operating point simulation skipped by 'uic',
  now using transient initial conditions.

No. of Data Rows : 4023

  Measurements for Transient Analysis

t_bl2dout           =  1.012065e-09 targ=  5.421025e-08 trig=  5.319819e-08
t_dout_slew         =  2.377784e-09 targ=  5.570639e-08 trig=  5.332861e-08


Total analysis time (seconds) = 35.2361

Total elapsed time (seconds) = 149.496 

Total DRAM available = 31789.559 MB.
DRAM currently available = 13200.078 MB.
Maximum ngspice program size =  753.301 MB.
Current ngspice program size =  686.602 MB.

Shared ngspice pages =   11.391 MB.
Text (code) pages =    6.520 MB.
Stack = 0 bytes.
Library pages =  731.137 MB.

