
Note: No compatibility mode selected!


Circuit: * wrom2 -- back end delay: bitline -> dout0  (column 236, ff)

Doing analysis at TEMP = -40.000000 and TNOM = 27.000000

Using SPARSE 1.3 as Direct Linear Solver
Operating point simulation skipped by 'uic',
  now using transient initial conditions.

No. of Data Rows : 4024

  Measurements for Transient Analysis

t_bl2dout           =  1.620681e-09 targ=  2.374181e-08 trig=  2.212112e-08
t_dout_slew         =  5.276031e-10 targ=  2.398044e-08 trig=  2.345284e-08


Total analysis time (seconds) = 22.6574

Total elapsed time (seconds) = 109.302 

Total DRAM available = 31789.566 MB.
DRAM currently available = 14631.703 MB.
Maximum ngspice program size =  754.777 MB.
Current ngspice program size =  688.125 MB.

Shared ngspice pages =   11.457 MB.
Text (code) pages =    6.520 MB.
Stack = 0 bytes.
Library pages =  732.613 MB.

