
Note: No compatibility mode selected!


Circuit: * wrom2 -- arka uc gecikmesi: bitline -> dout0  (kolon 236, tt)

Doing analysis at TEMP = 25.000000 and TNOM = 27.000000

Using SPARSE 1.3 as Direct Linear Solver
Operating point simulation skipped by 'uic',
  now using transient initial conditions.

No. of Data Rows : 4024

  Measurements for Transient Analysis

t_bl2dout           =  1.459291e-09 targ=  2.713220e-08 trig=  2.567291e-08
t_dout_slew         =  5.135131e-10 targ=  2.739552e-08 trig=  2.688201e-08


Total analysis time (seconds) = 28.5956

Total elapsed time (seconds) = 132.923 

Total DRAM available = 31789.582 MB.
DRAM currently available = 12252.523 MB.
Maximum ngspice program size =  752.332 MB.
Current ngspice program size =  685.648 MB.

Shared ngspice pages =   11.410 MB.
Text (code) pages =    6.520 MB.
Stack = 0 bytes.
Library pages =  730.168 MB.

