
Note: No compatibility mode selected!


Circuit: * wrom2 -- back end delay: bitline -> dout0  (column 236, ss)

Doing analysis at TEMP = 100.000000 and TNOM = 27.000000

Using SPARSE 1.3 as Direct Linear Solver
Operating point simulation skipped by 'uic',
  now using transient initial conditions.

No. of Data Rows : 6598

  Measurements for Transient Analysis

t_bl2dout           =  2.450818e-09 targ=  4.790812e-08 trig=  4.545730e-08
t_dout_slew         =  2.822450e-09 targ=  4.947894e-08 trig=  4.665649e-08


Total analysis time (seconds) = 28.9364

Total elapsed time (seconds) = 104.682 

Total DRAM available = 31789.570 MB.
DRAM currently available = 12973.660 MB.
Maximum ngspice program size =  753.695 MB.
Current ngspice program size =  686.371 MB.

Shared ngspice pages =   10.871 MB.
Text (code) pages =    6.520 MB.
Stack = 0 bytes.
Library pages =  731.531 MB.

