
Note: No compatibility mode selected!


Circuit: * wrom2 -- back end delay: bitline -> dout0  (column 236, ff)

Doing analysis at TEMP = -40.000000 and TNOM = 27.000000

Using SPARSE 1.3 as Direct Linear Solver
Operating point simulation skipped by 'uic',
  now using transient initial conditions.

No. of Data Rows : 4024

  Measurements for Transient Analysis

t_bl2dout           =  1.499138e-09 targ=  2.320680e-08 trig=  2.170766e-08
t_dout_slew         =  4.468709e-10 targ=  2.342366e-08 trig=  2.297679e-08


Total analysis time (seconds) = 29.5881

Total elapsed time (seconds) = 164.711 

Total DRAM available = 31789.559 MB.
DRAM currently available = 19228.609 MB.
Maximum ngspice program size =  754.777 MB.
Current ngspice program size =  688.234 MB.

Shared ngspice pages =   11.566 MB.
Text (code) pages =    6.520 MB.
Stack = 0 bytes.
Library pages =  732.613 MB.

