
Note: No compatibility mode selected!


Circuit: * wrom2 -- cell equivalent gate capacitance (tt)

Doing analysis at TEMP = 25.000000 and TNOM = 27.000000

Using SPARSE 1.3 as Direct Linear Solver
Operating point simulation skipped by 'uic',
  now using transient initial conditions.

No. of Data Rows : 2414

  Measurements for Transient Analysis

q_one               =   -8.19710e-16 from=  5.00000e-14 to=  1.00000e-08
q_zero              =   -8.19710e-16 from=  5.00000e-14 to=  1.00000e-08
c_one_ff            =  4.55394e-01
c_zero_ff           =  4.55394e-01


Total analysis time (seconds) = 0.0581984

Total elapsed time (seconds) = 36.014 

Total DRAM available = 31789.566 MB.
DRAM currently available = 15720.484 MB.
Maximum ngspice program size =  420.363 MB.
Current ngspice program size =  353.570 MB.

Shared ngspice pages =   11.344 MB.
Text (code) pages =    6.520 MB.
Stack = 0 bytes.
Library pages =  398.199 MB.

