
Note: No compatibility mode selected!


Circuit: * wrom2 column 236 -- active cycle energy (per column)

Doing analysis at TEMP = 100.000000 and TNOM = 27.000000

Using SPARSE 1.3 as Direct Linear Solver
Operating point simulation skipped by 'uic',
  now using transient initial conditions.

No. of Data Rows : 1688

  Measurements for Transient Analysis

q_c2                =   -2.20569e-13 from=  2.00000e-07 to=  4.00000e-07
q_c3                =   -2.19010e-13 from=  4.00000e-07 to=  6.00000e-07
e_col_pj            =  3.50415e-01


Total analysis time (seconds) = 0.578295

Total elapsed time (seconds) = 40.172 

Total DRAM available = 31789.559 MB.
DRAM currently available = 18093.422 MB.
Maximum ngspice program size =  420.633 MB.
Current ngspice program size =  353.965 MB.

Shared ngspice pages =   11.469 MB.
Text (code) pages =    6.520 MB.
Stack = 0 bytes.
Library pages =  398.469 MB.

