
Note: No compatibility mode selected!


Circuit: * wrom2 column 236 -- active cycle energy (per column)

Doing analysis at TEMP = -40.000000 and TNOM = 27.000000

Using SPARSE 1.3 as Direct Linear Solver
Operating point simulation skipped by 'uic',
  now using transient initial conditions.

No. of Data Rows : 1693

  Measurements for Transient Analysis

q_c2                =   -4.65304e-13 from=  2.00000e-07 to=  4.00000e-07
q_c3                =   -4.64725e-13 from=  4.00000e-07 to=  6.00000e-07
e_col_pj            =  9.06215e-01


Total analysis time (seconds) = 0.70247

Total elapsed time (seconds) = 39.974 

Total DRAM available = 31789.559 MB.
DRAM currently available = 18087.125 MB.
Maximum ngspice program size =  420.637 MB.
Current ngspice program size =  353.984 MB.

Shared ngspice pages =   11.484 MB.
Text (code) pages =    6.520 MB.
Stack = 0 bytes.
Library pages =  398.473 MB.

