
Note: No compatibility mode selected!


Circuit: * wrom2 -- gercek parazitik c ile kolon 236 izole olcum

Doing analysis at TEMP = -40.000000 and TNOM = 27.000000

Using SPARSE 1.3 as Direct Linear Solver
Note: Starting dynamic gmin stepping
Note: Dynamic gmin stepping completed

Initial Transient Solution
--------------------------

Node                                   Voltage
----                                   -------
vdd                                       1.95
gnd_uq0                                      0
precharge                                    0
wl_0_0                                    1.95
wl_0_1                                    1.95
wl_0_2                                    1.95
wl_0_3                                    1.95
wl_0_4                                    1.95
wl_0_5                                    1.95
wl_0_6                                    1.95
wl_0_7                                    1.95
wl_0_8                                    1.95
wl_0_9                                    1.95
wl_0_10                                   1.95
wl_0_11                                   1.95
wl_0_12                                   1.95
wl_0_13                                   1.95
wl_0_14                                   1.95
wl_0_15                                   1.95
wl_0_16                                   1.95
wl_0_17                                   1.95
wl_0_18                                   1.95
wl_0_19                                   1.95
wl_0_20                                   1.95
wl_0_21                                   1.95
wl_0_22                                   1.95
wl_0_23                                   1.95
wl_0_24                                   1.95
wl_0_25                                   1.95
wl_0_26                                   1.95
wl_0_27                                   1.95
wl_0_28                                   1.95
wl_0_29                                   1.95
wl_0_30                                   1.95
wl_0_31                                   1.95
wl_0_32                                   1.95
wl_0_33                                   1.95
wl_0_34                                   1.95
wl_0_35                                   1.95
wl_0_36                                   1.95
wl_0_37                                   1.95
wl_0_38                                   1.95
wl_0_39                                   1.95
wl_0_40                                   1.95
wl_0_41                                   1.95
wl_0_42                                   1.95
wl_0_43                                   1.95
wl_0_44                                   1.95
wl_0_45                                   1.95
wl_0_46                                   1.95
wl_0_47                                   1.95
wl_0_48                                   1.95
wl_0_49                                   1.95
wl_0_50                                   1.95
wl_0_51                                   1.95
wl_0_52                                   1.95
wl_0_53                                   1.95
wl_0_54                                   1.95
wl_0_55                                   1.95
wl_0_56                                   1.95
wl_0_57                                   1.95
wl_0_58                                   1.95
wl_0_59                                   1.95
wl_0_60                                   1.95
wl_0_61                                   1.95
wl_0_62                                   1.95
wl_0_63                                   1.95
wl_0_64                                   1.95
wl_0_65                                   1.95
wl_0_66                                   1.95
wl_0_67                                   1.95
wl_0_68                                   1.95
wl_0_69                                   1.95
wl_0_70                                   1.95
wl_0_71                                   1.95
wl_0_72                                   1.95
wl_0_73                                   1.95
wl_0_74                                   1.95
wl_0_75                                   1.95
wl_0_76                                   1.95
wl_0_77                                   1.95
wl_0_78                                   1.95
wl_0_79                                   1.95
wl_0_80                                   1.95
wl_0_81                                   1.95
wl_0_82                                   1.95
wl_0_83                                   1.95
wl_0_84                                   1.95
wl_0_85                                   1.95
wl_0_86                                   1.95
wl_0_87                                   1.95
wl_0_88                                   1.95
wl_0_89                                   1.95
wl_0_90                                   1.95
wl_0_91                                   1.95
wl_0_92                                   1.95
wl_0_93                                   1.95
wl_0_94                                   1.95
wl_0_95                                   1.95
wl_0_96                                   1.95
wl_0_97                                   1.95
wl_0_98                                   1.95
wl_0_99                                   1.95
wl_0_100                                  1.95
wl_0_101                                  1.95
wl_0_102                                  1.95
wl_0_103                                  1.95
wl_0_104                                  1.95
wl_0_105                                  1.95
wl_0_106                                  1.95
wl_0_107                                  1.95
wl_0_108                                  1.95
wl_0_109                                  1.95
wl_0_110                                  1.95
wl_0_111                                  1.95
wl_0_112                                  1.95
wl_0_113                                  1.95
wl_0_114                                  1.95
wl_0_115                                  1.95
wl_0_116                                  1.95
wl_0_117                                  1.95
wl_0_118                                  1.95
wl_0_119                                  1.95
wl_0_120                                  1.95
wl_0_121                                  1.95
wl_0_122                                  1.95
wl_0_123                                  1.95
wl_0_124                                  1.95
wl_0_125                                  1.95
wl_0_126                                  1.95
wl_0_127                                  1.95
wl_0_128                                  1.95
wl_0_129                                  1.95
wl_0_130                                  1.95
wl_0_131                                  1.95
wl_0_132                                  1.95
bl_0_236                                  1.95
bl_b                               3.46052e-08
wrom2_rom_base_one_cell_17154/d         1.45726
wrom2_rom_base_one_cell_17028/d         1.41078
wrom2_rom_base_one_cell_16778/d         1.39381
wrom2_rom_base_one_cell_16647/d         1.38343
wrom2_rom_base_one_cell_16531/d         1.37598
wrom2_rom_base_one_cell_16415/d         1.37019
wrom2_rom_base_one_cell_16282/d         1.36545
wrom2_rom_base_one_cell_15918/d         1.36151
wrom2_rom_base_one_cell_15655/d         1.35811
wrom2_rom_base_one_cell_15516/d         1.35512
wrom2_rom_base_one_cell_15123/d         1.35249
wrom2_rom_base_one_cell_14994/d         1.35011
wrom2_rom_base_one_cell_14588/d         1.34797
wrom2_rom_base_one_cell_14460/d           1.346
wrom2_rom_base_one_cell_14346/d         1.34418
wrom2_rom_base_one_cell_13943/d         1.34251
wrom2_rom_base_one_cell_13816/d         1.34095
wrom2_rom_base_one_cell_13271/d         1.33953
wrom2_rom_base_one_cell_13137/d         1.33819
wrom2_rom_base_one_cell_12913/d         1.33694
wrom2_rom_base_one_cell_12661/d         1.33576
wrom2_rom_base_one_cell_12543/d         1.33464
wrom2_rom_base_one_cell_12405/d         1.33357
wrom2_rom_base_one_cell_12175/d         1.33257
wrom2_rom_base_one_cell_12064/d         1.33161
wrom2_rom_base_one_cell_11925/d         1.33069
wrom2_rom_base_one_cell_11805/d          1.3298
wrom2_rom_base_one_cell_11684/d         1.32896
wrom2_rom_base_one_cell_11545/d         1.32815
wrom2_rom_base_one_cell_11294/d         1.32738
wrom2_rom_base_one_cell_11017/d         1.32664
wrom2_rom_base_one_cell_10893/d         1.32593
wrom2_rom_base_one_cell_10764/d         1.32525
wrom2_rom_base_one_cell_10633/d         1.32459
wrom2_rom_base_one_cell_10499/d         1.32395
wrom2_rom_base_one_cell_10375/d         1.32334
wrom2_rom_base_one_cell_10248/d         1.32274
wrom2_rom_base_one_cell_9892/s         1.32217
wrom2_rom_base_one_cell_9892/d         1.32162
wrom2_rom_base_one_cell_9769/d         1.32108
wrom2_rom_base_one_cell_9492/d         1.32058
wrom2_rom_base_one_cell_9274/d         1.32009
wrom2_rom_base_one_cell_9156/d         1.31962
wrom2_rom_base_one_cell_9023/d         1.31916
wrom2_rom_base_one_cell_8904/d         1.31871
wrom2_rom_base_one_cell_8780/d         1.31828
wrom2_rom_base_one_cell_8651/d         1.31786
wrom2_rom_base_one_cell_8525/d         1.31746
wrom2_rom_base_one_cell_8406/d         1.31706
wrom2_rom_base_one_cell_8264/d         1.31668
wrom2_rom_base_one_cell_7615/d         1.31633
wrom2_rom_base_one_cell_7490/d         1.31599
wrom2_rom_base_one_cell_7350/d         1.31566
wrom2_rom_base_one_cell_7095/d         1.31535
wrom2_rom_base_one_cell_6952/d         1.31504
wrom2_rom_base_one_cell_6828/d         1.31474
wrom2_rom_base_one_cell_6681/d         1.31446
wrom2_rom_base_one_cell_6559/d         1.31418
wrom2_rom_base_one_cell_6434/d         1.31391
wrom2_rom_base_one_cell_6296/d         1.31364
wrom2_rom_base_one_cell_6036/d         1.31339
wrom2_rom_base_one_cell_5908/d         1.31315
wrom2_rom_base_one_cell_5780/d         1.31292
wrom2_rom_base_one_cell_5267/d          1.3127
wrom2_rom_base_one_cell_5157/d          1.3125
wrom2_rom_base_one_cell_4904/d          1.3123
wrom2_rom_base_one_cell_4634/d         1.31212
wrom2_rom_base_one_cell_4492/d         1.31194
wrom2_rom_base_one_cell_4103/d         1.31178
wrom2_rom_base_one_cell_3984/d         1.31163
wrom2_rom_base_one_cell_3592/d         1.31149
wrom2_rom_base_one_cell_3449/d         1.31136
wrom2_rom_base_one_cell_3198/d         1.31124
wrom2_rom_base_one_cell_3057/d         1.31112
wrom2_rom_base_one_cell_2933/d         1.31101
wrom2_rom_base_one_cell_2805/d          1.3109
wrom2_rom_base_one_cell_2437/d         1.31081
wrom2_rom_base_one_cell_2296/d         1.31073
wrom2_rom_base_one_cell_2155/d         1.31065
wrom2_rom_base_one_cell_2027/d         1.31057
wrom2_rom_base_one_cell_1915/d          1.3105
wrom2_rom_base_one_cell_1804/d         1.31044
wrom2_rom_base_zero_cell_898/s         1.31039
wrom2_rom_base_one_cell_924/s          1.31035
wrom2_rom_base_one_cell_924/d          1.31032
wrom2_rom_base_one_cell_785/d           1.3103
wrom2_rom_base_one_cell_656/d          1.31028
wrom2_rom_base_one_cell_534/d          1.31026
wrom2_rom_base_one_cell_405/d          1.31025
wrom2_rom_base_one_cell_19/s           1.31024
vwl132#branch                                0
vwl131#branch                                0
vwl130#branch                                0
vwl129#branch                                0
vwl128#branch                                0
vwl127#branch                                0
vwl126#branch                                0
vwl125#branch                                0
vwl124#branch                                0
vwl123#branch                                0
vwl122#branch                                0
vwl121#branch                                0
vwl120#branch                                0
vwl119#branch                                0
vwl118#branch                                0
vwl117#branch                                0
vwl116#branch                                0
vwl115#branch                                0
vwl114#branch                                0
vwl113#branch                                0
vwl112#branch                                0
vwl111#branch                                0
vwl110#branch                                0
vwl109#branch                                0
vwl108#branch                                0
vwl107#branch                                0
vwl106#branch                                0
vwl105#branch                                0
vwl104#branch                                0
vwl103#branch                                0
vwl102#branch                                0
vwl101#branch                                0
vwl100#branch                                0
vwl99#branch                                 0
vwl98#branch                                 0
vwl97#branch                                 0
vwl96#branch                                 0
vwl95#branch                                 0
vwl94#branch                                 0
vwl93#branch                                 0
vwl92#branch                                 0
vwl91#branch                                 0
vwl90#branch                                 0
vwl89#branch                                 0
vwl88#branch                                 0
vwl87#branch                                 0
vwl86#branch                                 0
vwl85#branch                                 0
vwl84#branch                                 0
vwl83#branch                                 0
vwl82#branch                                 0
vwl81#branch                                 0
vwl80#branch                                 0
vwl79#branch                                 0
vwl78#branch                                 0
vwl77#branch                                 0
vwl76#branch                                 0
vwl75#branch                                 0
vwl74#branch                                 0
vwl73#branch                                 0
vwl72#branch                                 0
vwl71#branch                                 0
vwl70#branch                                 0
vwl69#branch                                 0
vwl68#branch                                 0
vwl67#branch                                 0
vwl66#branch                                 0
vwl65#branch                                 0
vwl64#branch                                 0
vwl63#branch                                 0
vwl62#branch                                 0
vwl61#branch                                 0
vwl60#branch                                 0
vwl59#branch                                 0
vwl58#branch                                 0
vwl57#branch                                 0
vwl56#branch                                 0
vwl55#branch                                 0
vwl54#branch                                 0
vwl53#branch                                 0
vwl52#branch                                 0
vwl51#branch                                 0
vwl50#branch                                 0
vwl49#branch                                 0
vwl48#branch                                 0
vwl47#branch                                 0
vwl46#branch                                 0
vwl45#branch                                 0
vwl44#branch                                 0
vwl43#branch                                 0
vwl42#branch                                 0
vwl41#branch                                 0
vwl40#branch                                 0
vwl39#branch                                 0
vwl38#branch                                 0
vwl37#branch                                 0
vwl36#branch                                 0
vwl35#branch                                 0
vwl34#branch                                 0
vwl33#branch                                 0
vwl32#branch                                 0
vwl31#branch                                 0
vwl30#branch                                 0
vwl29#branch                                 0
vwl28#branch                                 0
vwl27#branch                                 0
vwl26#branch                                 0
vwl25#branch                                 0
vwl24#branch                                 0
vwl23#branch                                 0
vwl22#branch                                 0
vwl21#branch                                 0
vwl20#branch                                 0
vwl19#branch                                 0
vwl18#branch                                 0
vwl17#branch                                 0
vwl16#branch                                 0
vwl15#branch                                 0
vwl14#branch                                 0
vwl13#branch                                 0
vwl12#branch                                 0
vwl11#branch                                 0
vwl10#branch                                 0
vwl9#branch                                  0
vwl8#branch                                  0
vwl7#branch                                  0
vwl6#branch                                  0
vwl5#branch                                  0
vwl4#branch                                  0
vwl3#branch                                  0
vwl2#branch                                  0
vwl1#branch                                  0
vwl0#branch                                  0
vprecharge#branch                            0
vgndgnd_uq0#branch                 7.47367e-15
vvdd#branch                       -1.53593e-10


No. of Data Rows : 4029

  Measurements for Transient Analysis

t_dis_50            =  7.582683e-09 targ=  1.076327e-07 trig=  1.000500e-07
t_dis_10            =  1.663784e-08 targ=  1.166878e-07 trig=  1.000500e-07
t_pre_90            =  4.203728e-10 targ=  2.004704e-07 trig=  2.000500e-07
t_pre_99            =  9.430941e-09 targ=  2.094809e-07 trig=  2.000500e-07


Total analysis time (seconds) = 5.75107

Total elapsed time (seconds) = 152.509 

Total DRAM available = 31789.582 MB.
DRAM currently available =  821.383 MB.
Maximum ngspice program size =  421.129 MB.
Current ngspice program size =  354.477 MB.

Shared ngspice pages =   11.484 MB.
Text (code) pages =    6.520 MB.
Stack = 0 bytes.
Library pages =  398.965 MB.

