
Note: No compatibility mode selected!


Circuit: * wrom2 kolon 42 -- aktif cevrim enerjisi (kolon basina)

Doing analysis at TEMP = 25.000000 and TNOM = 27.000000

Using SPARSE 1.3 as Direct Linear Solver
Operating point simulation skipped by 'uic',
  now using transient initial conditions.

No. of Data Rows : 1684

  Measurements for Transient Analysis

q_c2                =   -2.06527e-13 from=  2.00000e-07 to=  4.00000e-07
q_c3                =   -1.95277e-13 from=  4.00000e-07 to=  6.00000e-07
e_col_pj            =  3.51499e-01


Total analysis time (seconds) = 0.859031

Total elapsed time (seconds) = 80.226 

Total DRAM available = 31789.582 MB.
DRAM currently available = 5018.707 MB.
Maximum ngspice program size =  420.602 MB.
Current ngspice program size =  354.082 MB.

Shared ngspice pages =   11.617 MB.
Text (code) pages =    6.520 MB.
Stack = 0 bytes.
Library pages =  398.438 MB.

