Note: Starting dynamic gmin stepping
Note: Dynamic gmin stepping completed

Note: No compatibility mode selected!


Circuit: * wrom2 -- gercek parazitik c ile kolon 42 izole olcum

Doing analysis at TEMP = 27.000000 and TNOM = 27.000000

Using SPARSE 1.3 as Direct Linear Solver

Initial Transient Solution
--------------------------

Node                                   Voltage
----                                   -------
vdd                                        1.8
gnd_uq0                                      0
precharge                                    0
wl_0_0                                     1.8
wl_0_1                                     1.8
wl_0_2                                     1.8
wl_0_3                                     1.8
wl_0_4                                     1.8
wl_0_5                                     1.8
wl_0_6                                     1.8
wl_0_7                                     1.8
wl_0_8                                     1.8
wl_0_9                                     1.8
wl_0_10                                    1.8
wl_0_11                                    1.8
wl_0_12                                    1.8
wl_0_13                                    1.8
wl_0_14                                    1.8
wl_0_15                                    1.8
wl_0_16                                    1.8
wl_0_17                                    1.8
wl_0_18                                    1.8
wl_0_19                                    1.8
wl_0_20                                    1.8
wl_0_21                                    1.8
wl_0_22                                    1.8
wl_0_23                                    1.8
wl_0_24                                    1.8
wl_0_25                                    1.8
wl_0_26                                    1.8
wl_0_27                                    1.8
wl_0_28                                    1.8
wl_0_29                                    1.8
wl_0_30                                    1.8
wl_0_31                                    1.8
wl_0_32                                    1.8
wl_0_33                                    1.8
wl_0_34                                    1.8
wl_0_35                                    1.8
wl_0_36                                    1.8
wl_0_37                                    1.8
wl_0_38                                    1.8
wl_0_39                                    1.8
wl_0_40                                    1.8
wl_0_41                                    1.8
wl_0_42                                    1.8
wl_0_43                                    1.8
wl_0_44                                    1.8
wl_0_45                                    1.8
wl_0_46                                    1.8
wl_0_47                                    1.8
wl_0_48                                    1.8
wl_0_49                                    1.8
wl_0_50                                    1.8
wl_0_51                                    1.8
wl_0_52                                    1.8
wl_0_53                                    1.8
wl_0_54                                    1.8
wl_0_55                                    1.8
wl_0_56                                    1.8
wl_0_57                                    1.8
wl_0_58                                    1.8
wl_0_59                                    1.8
wl_0_60                                    1.8
wl_0_61                                    1.8
wl_0_62                                    1.8
wl_0_63                                    1.8
wl_0_64                                    1.8
wl_0_65                                    1.8
wl_0_66                                    1.8
wl_0_67                                    1.8
wl_0_68                                    1.8
wl_0_69                                    1.8
wl_0_70                                    1.8
wl_0_71                                    1.8
wl_0_72                                    1.8
wl_0_73                                    1.8
wl_0_74                                    1.8
wl_0_75                                    1.8
wl_0_76                                    1.8
wl_0_77                                    1.8
wl_0_78                                    1.8
wl_0_79                                    1.8
wl_0_80                                    1.8
wl_0_81                                    1.8
wl_0_82                                    1.8
wl_0_83                                    1.8
wl_0_84                                    1.8
wl_0_85                                    1.8
wl_0_86                                    1.8
wl_0_87                                    1.8
wl_0_88                                    1.8
wl_0_89                                    1.8
wl_0_90                                    1.8
wl_0_91                                    1.8
wl_0_92                                    1.8
wl_0_93                                    1.8
wl_0_94                                    1.8
wl_0_95                                    1.8
wl_0_96                                    1.8
wl_0_97                                    1.8
wl_0_98                                    1.8
wl_0_99                                    1.8
wl_0_100                                   1.8
wl_0_101                                   1.8
wl_0_102                                   1.8
wl_0_103                                   1.8
wl_0_104                                   1.8
wl_0_105                                   1.8
bl_0_42                                    1.8
bl_b                               1.61314e-07
wrom2_rom_base_one_cell_17243/d         1.26775
wrom2_rom_base_one_cell_17090/d         1.22461
wrom2_rom_base_one_cell_16931/d         1.20646
wrom2_rom_base_one_cell_16776/d         1.19495
wrom2_rom_base_one_cell_16307/d          1.1867
wrom2_rom_base_one_cell_16159/d         1.18021
wrom2_rom_base_one_cell_15998/d         1.17487
wrom2_rom_base_one_cell_15847/d         1.17034
wrom2_rom_base_one_cell_15187/d         1.16652
wrom2_rom_base_one_cell_15013/d         1.16316
wrom2_rom_base_one_cell_14701/d         1.16017
wrom2_rom_base_one_cell_14515/d         1.15747
wrom2_rom_base_one_cell_14030/d         1.15507
wrom2_rom_base_one_cell_13872/d         1.15285
wrom2_rom_base_one_cell_13536/d         1.15083
wrom2_rom_base_one_cell_13206/d         1.14897
wrom2_rom_base_one_cell_13037/d         1.14724
wrom2_rom_base_one_cell_12902/d         1.14561
wrom2_rom_base_one_cell_12743/d         1.14409
wrom2_rom_base_one_cell_12283/d         1.14268
wrom2_rom_base_one_cell_12140/d         1.14136
wrom2_rom_base_one_cell_11993/d          1.1401
wrom2_rom_base_one_cell_11343/d         1.13895
wrom2_rom_base_one_cell_11184/d         1.13786
wrom2_rom_base_one_cell_10699/d         1.13685
wrom2_rom_base_zero_cell_9905/s         1.13588
wrom2_rom_base_one_cell_9914/s         1.13499
wrom2_rom_base_one_cell_9914/d         1.13413
wrom2_rom_base_one_cell_9580/d         1.13333
wrom2_rom_base_one_cell_9421/d         1.13255
wrom2_rom_base_one_cell_9296/d         1.13181
wrom2_rom_base_one_cell_9136/d          1.1311
wrom2_rom_base_one_cell_8684/d         1.13044
wrom2_rom_base_one_cell_8520/d          1.1298
wrom2_rom_base_one_cell_8352/d         1.12919
wrom2_rom_base_one_cell_8182/d         1.12861
wrom2_rom_base_one_cell_8034/d         1.12804
wrom2_rom_base_one_cell_7855/d          1.1275
wrom2_rom_base_one_cell_7533/d         1.12699
wrom2_rom_base_one_cell_7219/d          1.1265
wrom2_rom_base_one_cell_6874/d         1.12605
wrom2_rom_base_one_cell_6711/d         1.12561
wrom2_rom_base_one_cell_6538/d          1.1252
wrom2_rom_base_one_cell_6380/d         1.12479
wrom2_rom_base_one_cell_6063/d         1.12441
wrom2_rom_base_one_cell_5887/d         1.12405
wrom2_rom_base_one_cell_5726/d          1.1237
wrom2_rom_base_one_cell_5577/d         1.12337
wrom2_rom_base_one_cell_5403/d         1.12305
wrom2_rom_base_one_cell_4941/d         1.12276
wrom2_rom_base_one_cell_4626/d         1.12249
wrom2_rom_base_one_cell_4450/d         1.12224
wrom2_rom_base_one_cell_4137/d         1.12201
wrom2_rom_base_one_cell_3808/d         1.12179
wrom2_rom_base_one_cell_3645/d         1.12159
wrom2_rom_base_one_cell_3488/d          1.1214
wrom2_rom_base_one_cell_2987/d         1.12124
wrom2_rom_base_one_cell_2517/d         1.12111
wrom2_rom_base_one_cell_2363/d         1.12098
wrom2_rom_base_one_cell_2177/d         1.12087
wrom2_rom_base_one_cell_2012/d         1.12077
wrom2_rom_base_one_cell_1869/d         1.12067
wrom2_rom_base_one_cell_1576/d          1.1206
wrom2_rom_base_one_cell_1254/d         1.12054
wrom2_rom_base_one_cell_941/s           1.1205
wrom2_rom_base_one_cell_941/d          1.12046
wrom2_rom_base_one_cell_775/d          1.12043
vwl105#branch                                0
vwl104#branch                                0
vwl103#branch                                0
vwl102#branch                                0
vwl101#branch                                0
vwl100#branch                                0
vwl99#branch                                 0
vwl98#branch                                 0
vwl97#branch                                 0
vwl96#branch                                 0
vwl95#branch                                 0
vwl94#branch                                 0
vwl93#branch                                 0
vwl92#branch                                 0
vwl91#branch                                 0
vwl90#branch                                 0
vwl89#branch                                 0
vwl88#branch                                 0
vwl87#branch                                 0
vwl86#branch                                 0
vwl85#branch                                 0
vwl84#branch                                 0
vwl83#branch                                 0
vwl82#branch                                 0
vwl81#branch                                 0
vwl80#branch                                 0
vwl79#branch                                 0
vwl78#branch                                 0
vwl77#branch                                 0
vwl76#branch                                 0
vwl75#branch                                 0
vwl74#branch                                 0
vwl73#branch                                 0
vwl72#branch                                 0
vwl71#branch                                 0
vwl70#branch                                 0
vwl69#branch                                 0
vwl68#branch                                 0
vwl67#branch                                 0
vwl66#branch                                 0
vwl65#branch                                 0
vwl64#branch                                 0
vwl63#branch                                 0
vwl62#branch                                 0
vwl61#branch                                 0
vwl60#branch                                 0
vwl59#branch                                 0
vwl58#branch                                 0
vwl57#branch                                 0
vwl56#branch                                 0
vwl55#branch                                 0
vwl54#branch                                 0
vwl53#branch                                 0
vwl52#branch                                 0
vwl51#branch                                 0
vwl50#branch                                 0
vwl49#branch                                 0
vwl48#branch                                 0
vwl47#branch                                 0
vwl46#branch                                 0
vwl45#branch                                 0
vwl44#branch                                 0
vwl43#branch                                 0
vwl42#branch                                 0
vwl41#branch                                 0
vwl40#branch                                 0
vwl39#branch                                 0
vwl38#branch                                 0
vwl37#branch                                 0
vwl36#branch                                 0
vwl35#branch                                 0
vwl34#branch                                 0
vwl33#branch                                 0
vwl32#branch                                 0
vwl31#branch                                 0
vwl30#branch                                 0
vwl29#branch                                 0
vwl28#branch                                 0
vwl27#branch                                 0
vwl26#branch                                 0
vwl25#branch                                 0
vwl24#branch                                 0
vwl23#branch                                 0
vwl22#branch                                 0
vwl21#branch                                 0
vwl20#branch                                 0
vwl19#branch                                 0
vwl18#branch                                 0
vwl17#branch                                 0
vwl16#branch                                 0
vwl15#branch                                 0
vwl14#branch                                 0
vwl13#branch                                 0
vwl12#branch                                 0
vwl11#branch                                 0
vwl10#branch                                 0
vwl9#branch                                  0
vwl8#branch                                  0
vwl7#branch                                  0
vwl6#branch                                  0
vwl5#branch                                  0
vwl4#branch                                  0
vwl3#branch                                  0
vwl2#branch                                  0
vwl1#branch                                  0
vwl0#branch                                  0
vprecharge#branch                            0
vgndgnd_uq0#branch                 2.34639e-14
vvdd#branch                       -4.24608e-10

 Reference value :  0.00000e+00 Reference value :  2.74280e-08 Reference value :  5.43280e-08 Reference value :  8.17280e-08 Reference value :  1.03920e-07 Reference value :  1.27220e-07 Reference value :  1.54320e-07 Reference value :  1.80920e-07 Reference value :  2.04320e-07 Reference value :  2.28520e-07 Reference value :  2.54920e-07 Reference value :  2.83820e-07 Reference value :  3.09720e-07 Reference value :  3.37120e-07 Reference value :  3.66520e-07 Reference value :  3.96220e-07
No. of Data Rows : 4026

  Measurements for Transient Analysis

t_dis_50            =  9.963997e-09 targ=  1.100140e-07 trig=  1.000500e-07
t_dis_10            =  2.019994e-08 targ=  1.202499e-07 trig=  1.000500e-07
t_pre_90            =  4.697426e-10 targ=  2.005197e-07 trig=  2.000500e-07
t_pre_99            =  9.770908e-09 targ=  2.098209e-07 trig=  2.000500e-07


Total analysis time (seconds) = 1.92271

Total elapsed time (seconds) = 96.474 

Total DRAM available = 31789.582 MB.
DRAM currently available = 5331.406 MB.
Maximum ngspice program size =  420.488 MB.
Current ngspice program size =  353.242 MB.

Shared ngspice pages =   10.891 MB.
Text (code) pages =    6.520 MB.
Stack = 0 bytes.
Library pages =  398.324 MB.

