Note: Starting dynamic gmin stepping
Note: Dynamic gmin stepping completed

Note: No compatibility mode selected!


Circuit: * wrom2 -- gercek parazitik c ile kolon 42 izole olcum

Doing analysis at TEMP = -40.000000 and TNOM = 27.000000

Using SPARSE 1.3 as Direct Linear Solver

Initial Transient Solution
--------------------------

Node                                   Voltage
----                                   -------
vdd                                       1.95
gnd_uq0                                      0
precharge                                    0
wl_0_0                                    1.95
wl_0_1                                    1.95
wl_0_2                                    1.95
wl_0_3                                    1.95
wl_0_4                                    1.95
wl_0_5                                    1.95
wl_0_6                                    1.95
wl_0_7                                    1.95
wl_0_8                                    1.95
wl_0_9                                    1.95
wl_0_10                                   1.95
wl_0_11                                   1.95
wl_0_12                                   1.95
wl_0_13                                   1.95
wl_0_14                                   1.95
wl_0_15                                   1.95
wl_0_16                                   1.95
wl_0_17                                   1.95
wl_0_18                                   1.95
wl_0_19                                   1.95
wl_0_20                                   1.95
wl_0_21                                   1.95
wl_0_22                                   1.95
wl_0_23                                   1.95
wl_0_24                                   1.95
wl_0_25                                   1.95
wl_0_26                                   1.95
wl_0_27                                   1.95
wl_0_28                                   1.95
wl_0_29                                   1.95
wl_0_30                                   1.95
wl_0_31                                   1.95
wl_0_32                                   1.95
wl_0_33                                   1.95
wl_0_34                                   1.95
wl_0_35                                   1.95
wl_0_36                                   1.95
wl_0_37                                   1.95
wl_0_38                                   1.95
wl_0_39                                   1.95
wl_0_40                                   1.95
wl_0_41                                   1.95
wl_0_42                                   1.95
wl_0_43                                   1.95
wl_0_44                                   1.95
wl_0_45                                   1.95
wl_0_46                                   1.95
wl_0_47                                   1.95
wl_0_48                                   1.95
wl_0_49                                   1.95
wl_0_50                                   1.95
wl_0_51                                   1.95
wl_0_52                                   1.95
wl_0_53                                   1.95
wl_0_54                                   1.95
wl_0_55                                   1.95
wl_0_56                                   1.95
wl_0_57                                   1.95
wl_0_58                                   1.95
wl_0_59                                   1.95
wl_0_60                                   1.95
wl_0_61                                   1.95
wl_0_62                                   1.95
wl_0_63                                   1.95
wl_0_64                                   1.95
wl_0_65                                   1.95
wl_0_66                                   1.95
wl_0_67                                   1.95
wl_0_68                                   1.95
wl_0_69                                   1.95
wl_0_70                                   1.95
wl_0_71                                   1.95
wl_0_72                                   1.95
wl_0_73                                   1.95
wl_0_74                                   1.95
wl_0_75                                   1.95
wl_0_76                                   1.95
wl_0_77                                   1.95
wl_0_78                                   1.95
wl_0_79                                   1.95
wl_0_80                                   1.95
wl_0_81                                   1.95
wl_0_82                                   1.95
wl_0_83                                   1.95
wl_0_84                                   1.95
wl_0_85                                   1.95
wl_0_86                                   1.95
wl_0_87                                   1.95
wl_0_88                                   1.95
wl_0_89                                   1.95
wl_0_90                                   1.95
wl_0_91                                   1.95
wl_0_92                                   1.95
wl_0_93                                   1.95
wl_0_94                                   1.95
wl_0_95                                   1.95
wl_0_96                                   1.95
wl_0_97                                   1.95
wl_0_98                                   1.95
wl_0_99                                   1.95
wl_0_100                                  1.95
wl_0_101                                  1.95
wl_0_102                                  1.95
wl_0_103                                  1.95
wl_0_104                                  1.95
wl_0_105                                  1.95
bl_0_42                                   1.95
bl_b                               3.46052e-08
wrom2_rom_base_one_cell_17243/d         1.46252
wrom2_rom_base_one_cell_17090/d         1.41624
wrom2_rom_base_one_cell_16931/d         1.39926
wrom2_rom_base_one_cell_16776/d         1.38892
wrom2_rom_base_one_cell_16307/d         1.38164
wrom2_rom_base_one_cell_16159/d         1.37596
wrom2_rom_base_one_cell_15998/d         1.37132
wrom2_rom_base_one_cell_15847/d         1.36741
wrom2_rom_base_one_cell_15187/d         1.36412
wrom2_rom_base_one_cell_15013/d         1.36122
wrom2_rom_base_one_cell_14701/d         1.35866
wrom2_rom_base_one_cell_14515/d         1.35634
wrom2_rom_base_one_cell_14030/d         1.35427
wrom2_rom_base_one_cell_13872/d         1.35237
wrom2_rom_base_one_cell_13536/d         1.35064
wrom2_rom_base_one_cell_13206/d         1.34904
wrom2_rom_base_one_cell_13037/d         1.34756
wrom2_rom_base_one_cell_12902/d         1.34616
wrom2_rom_base_one_cell_12743/d         1.34485
wrom2_rom_base_one_cell_12283/d         1.34365
wrom2_rom_base_one_cell_12140/d         1.34251
wrom2_rom_base_one_cell_11993/d         1.34143
wrom2_rom_base_one_cell_11343/d         1.34045
wrom2_rom_base_one_cell_11184/d         1.33951
wrom2_rom_base_one_cell_10699/d         1.33864
wrom2_rom_base_zero_cell_9905/s         1.33782
wrom2_rom_base_one_cell_9914/s         1.33705
wrom2_rom_base_one_cell_9914/d         1.33631
wrom2_rom_base_one_cell_9580/d         1.33562
wrom2_rom_base_one_cell_9421/d         1.33495
wrom2_rom_base_one_cell_9296/d         1.33432
wrom2_rom_base_one_cell_9136/d          1.3337
wrom2_rom_base_one_cell_8684/d         1.33313
wrom2_rom_base_one_cell_8520/d         1.33259
wrom2_rom_base_one_cell_8352/d         1.33206
wrom2_rom_base_one_cell_8182/d         1.33156
wrom2_rom_base_one_cell_8034/d         1.33107
wrom2_rom_base_one_cell_7855/d         1.33061
wrom2_rom_base_one_cell_7533/d         1.33017
wrom2_rom_base_one_cell_7219/d         1.32975
wrom2_rom_base_one_cell_6874/d         1.32936
wrom2_rom_base_one_cell_6711/d         1.32898
wrom2_rom_base_one_cell_6538/d         1.32862
wrom2_rom_base_one_cell_6380/d         1.32828
wrom2_rom_base_one_cell_6063/d         1.32795
wrom2_rom_base_one_cell_5887/d         1.32764
wrom2_rom_base_one_cell_5726/d         1.32734
wrom2_rom_base_one_cell_5577/d         1.32705
wrom2_rom_base_one_cell_5403/d         1.32677
wrom2_rom_base_one_cell_4941/d         1.32652
wrom2_rom_base_one_cell_4626/d         1.32629
wrom2_rom_base_one_cell_4450/d         1.32608
wrom2_rom_base_one_cell_4137/d         1.32587
wrom2_rom_base_one_cell_3808/d         1.32569
wrom2_rom_base_one_cell_3645/d         1.32552
wrom2_rom_base_one_cell_3488/d         1.32535
wrom2_rom_base_one_cell_2987/d         1.32521
wrom2_rom_base_one_cell_2517/d          1.3251
wrom2_rom_base_one_cell_2363/d         1.32499
wrom2_rom_base_one_cell_2177/d         1.32489
wrom2_rom_base_one_cell_2012/d         1.32481
wrom2_rom_base_one_cell_1869/d         1.32473
wrom2_rom_base_one_cell_1576/d         1.32466
wrom2_rom_base_one_cell_1254/d         1.32461
wrom2_rom_base_one_cell_941/s          1.32457
wrom2_rom_base_one_cell_941/d          1.32454
wrom2_rom_base_one_cell_775/d          1.32452
vwl105#branch                                0
vwl104#branch                                0
vwl103#branch                                0
vwl102#branch                                0
vwl101#branch                                0
vwl100#branch                                0
vwl99#branch                                 0
vwl98#branch                                 0
vwl97#branch                                 0
vwl96#branch                                 0
vwl95#branch                                 0
vwl94#branch                                 0
vwl93#branch                                 0
vwl92#branch                                 0
vwl91#branch                                 0
vwl90#branch                                 0
vwl89#branch                                 0
vwl88#branch                                 0
vwl87#branch                                 0
vwl86#branch                                 0
vwl85#branch                                 0
vwl84#branch                                 0
vwl83#branch                                 0
vwl82#branch                                 0
vwl81#branch                                 0
vwl80#branch                                 0
vwl79#branch                                 0
vwl78#branch                                 0
vwl77#branch                                 0
vwl76#branch                                 0
vwl75#branch                                 0
vwl74#branch                                 0
vwl73#branch                                 0
vwl72#branch                                 0
vwl71#branch                                 0
vwl70#branch                                 0
vwl69#branch                                 0
vwl68#branch                                 0
vwl67#branch                                 0
vwl66#branch                                 0
vwl65#branch                                 0
vwl64#branch                                 0
vwl63#branch                                 0
vwl62#branch                                 0
vwl61#branch                                 0
vwl60#branch                                 0
vwl59#branch                                 0
vwl58#branch                                 0
vwl57#branch                                 0
vwl56#branch                                 0
vwl55#branch                                 0
vwl54#branch                                 0
vwl53#branch                                 0
vwl52#branch                                 0
vwl51#branch                                 0
vwl50#branch                                 0
vwl49#branch                                 0
vwl48#branch                                 0
vwl47#branch                                 0
vwl46#branch                                 0
vwl45#branch                                 0
vwl44#branch                                 0
vwl43#branch                                 0
vwl42#branch                                 0
vwl41#branch                                 0
vwl40#branch                                 0
vwl39#branch                                 0
vwl38#branch                                 0
vwl37#branch                                 0
vwl36#branch                                 0
vwl35#branch                                 0
vwl34#branch                                 0
vwl33#branch                                 0
vwl32#branch                                 0
vwl31#branch                                 0
vwl30#branch                                 0
vwl29#branch                                 0
vwl28#branch                                 0
vwl27#branch                                 0
vwl26#branch                                 0
vwl25#branch                                 0
vwl24#branch                                 0
vwl23#branch                                 0
vwl22#branch                                 0
vwl21#branch                                 0
vwl20#branch                                 0
vwl19#branch                                 0
vwl18#branch                                 0
vwl17#branch                                 0
vwl16#branch                                 0
vwl15#branch                                 0
vwl14#branch                                 0
vwl13#branch                                 0
vwl12#branch                                 0
vwl11#branch                                 0
vwl10#branch                                 0
vwl9#branch                                  0
vwl8#branch                                  0
vwl7#branch                                  0
vwl6#branch                                  0
vwl5#branch                                  0
vwl4#branch                                  0
vwl3#branch                                  0
vwl2#branch                                  0
vwl1#branch                                  0
vwl0#branch                                  0
vprecharge#branch                            0
vgndgnd_uq0#branch                 7.63194e-15
vvdd#branch                       -1.53593e-10

 Reference value :  0.00000e+00 Reference value :  2.65280e-08 Reference value :  5.37280e-08 Reference value :  8.09280e-08 Reference value :  1.02820e-07 Reference value :  1.21120e-07 Reference value :  1.39420e-07 Reference value :  1.62320e-07 Reference value :  1.87420e-07 Reference value :  2.09872e-07 Reference value :  2.37172e-07 Reference value :  2.66172e-07 Reference value :  2.96872e-07 Reference value :  3.25220e-07 Reference value :  3.57220e-07 Reference value :  3.88320e-07
No. of Data Rows : 4029

  Measurements for Transient Analysis

t_dis_50            =  4.805338e-09 targ=  1.048553e-07 trig=  1.000500e-07
t_dis_10            =  1.037463e-08 targ=  1.104246e-07 trig=  1.000500e-07
t_pre_90            =  4.196448e-10 targ=  2.004696e-07 trig=  2.000500e-07
t_pre_99            =  7.321640e-09 targ=  2.073716e-07 trig=  2.000500e-07


Total analysis time (seconds) = 1.91147

Total elapsed time (seconds) = 96.834 

Total DRAM available = 31789.582 MB.
DRAM currently available = 5670.285 MB.
Maximum ngspice program size =  420.211 MB.
Current ngspice program size =  352.777 MB.

Shared ngspice pages =   10.707 MB.
Text (code) pages =    6.520 MB.
Stack = 0 bytes.
Library pages =  398.047 MB.

