
Note: No compatibility mode selected!


Circuit: * wrom2 -- isolated measurement of column 79 with real parasitic c

Doing analysis at TEMP = 100.000000 and TNOM = 27.000000

Using SPARSE 1.3 as Direct Linear Solver

Initial Transient Solution
--------------------------

Node                                   Voltage
----                                   -------
vdd                                        1.6
gnd_uq0                                      0
precharge                                    0
wl_0_0                                     1.6
wl_0_1                                     1.6
wl_0_2                                     1.6
wl_0_3                                     1.6
wl_0_4                                     1.6
wl_0_5                                     1.6
wl_0_6                                     1.6
wl_0_7                                     1.6
wl_0_8                                     1.6
wl_0_9                                     1.6
wl_0_10                                    1.6
wl_0_11                                    1.6
wl_0_12                                    1.6
wl_0_13                                    1.6
wl_0_14                                    1.6
wl_0_15                                    1.6
wl_0_16                                    1.6
wl_0_17                                    1.6
wl_0_18                                    1.6
wl_0_19                                    1.6
wl_0_20                                    1.6
wl_0_21                                    1.6
wl_0_22                                    1.6
wl_0_23                                    1.6
wl_0_24                                    1.6
wl_0_25                                    1.6
wl_0_26                                    1.6
wl_0_27                                    1.6
wl_0_28                                    1.6
wl_0_29                                    1.6
wl_0_30                                    1.6
wl_0_31                                    1.6
wl_0_32                                    1.6
wl_0_33                                    1.6
wl_0_34                                    1.6
wl_0_35                                    1.6
wl_0_36                                    1.6
wl_0_37                                    1.6
wl_0_38                                    1.6
wl_0_39                                    1.6
wl_0_40                                    1.6
wl_0_41                                    1.6
wl_0_42                                    1.6
wl_0_43                                    1.6
wl_0_44                                    1.6
wl_0_45                                    1.6
wl_0_46                                    1.6
wl_0_47                                    1.6
wl_0_48                                    1.6
wl_0_49                                    1.6
wl_0_50                                    1.6
wl_0_51                                    1.6
wl_0_52                                    1.6
wl_0_53                                    1.6
wl_0_54                                    1.6
wl_0_55                                    1.6
wl_0_56                                    1.6
wl_0_57                                    1.6
wl_0_58                                    1.6
wl_0_59                                    1.6
wl_0_60                                    1.6
wl_0_61                                    1.6
wl_0_62                                    1.6
wl_0_63                                    1.6
wl_0_64                                    1.6
wl_0_65                                    1.6
wl_0_66                                    1.6
wl_0_67                                    1.6
wl_0_68                                    1.6
wl_0_69                                    1.6
wl_0_70                                    1.6
wl_0_71                                    1.6
wl_0_72                                    1.6
wl_0_73                                    1.6
wl_0_74                                    1.6
wl_0_75                                    1.6
wl_0_76                                    1.6
wl_0_77                                    1.6
wl_0_78                                    1.6
wl_0_79                                    1.6
wl_0_80                                    1.6
wl_0_81                                    1.6
wl_0_82                                    1.6
wl_0_83                                    1.6
wl_0_84                                    1.6
wl_0_85                                    1.6
wl_0_86                                    1.6
wl_0_87                                    1.6
wl_0_88                                    1.6
wl_0_89                                    1.6
wl_0_90                                    1.6
wl_0_91                                    1.6
wl_0_92                                    1.6
wl_0_93                                    1.6
wl_0_94                                    1.6
wl_0_95                                    1.6
wl_0_96                                    1.6
wl_0_97                                    1.6
wl_0_98                                    1.6
wl_0_99                                    1.6
wl_0_100                                   1.6
wl_0_101                                   1.6
wl_0_102                                   1.6
wl_0_103                                   1.6
wl_0_104                                   1.6
wl_0_105                                   1.6
wl_0_106                                   1.6
wl_0_107                                   1.6
wl_0_108                                   1.6
wl_0_109                                   1.6
wl_0_110                                   1.6
wl_0_111                                   1.6
wl_0_112                                   1.6
wl_0_113                                   1.6
wl_0_114                                   1.6
wl_0_115                                   1.6
wl_0_116                                   1.6
wl_0_117                                   1.6
wl_0_118                                   1.6
wl_0_119                                   1.6
wl_0_120                                   1.6
wl_0_121                                   1.6
wl_0_122                                   1.6
wl_0_123                                   1.6
wl_0_124                                   1.6
wl_0_125                                   1.6
wl_0_126                                   1.6
wl_0_127                                   1.6
wl_0_128                                   1.6
wl_0_129                                   1.6
wl_0_130                                   1.6
wl_0_131                                   1.6
wl_0_132                                   1.6
bl_0_79                                    1.6
bl_b                               3.46871e-07
wrom2_rom_base_zero_cell_80/s_r0             1.6
wrom2_rom_base_one_cell_16725/d             1.6
wrom2_rom_base_one_cell_16361/d             1.6
wrom2_rom_base_one_cell_15993/d             1.6
wrom2_rom_base_one_cell_15340/d             1.6
wrom2_rom_base_one_cell_15070/d             1.6
wrom2_rom_base_one_cell_14683/d             1.6
wrom2_rom_base_one_cell_14018/d             1.6
wrom2_rom_base_one_cell_13618/d             1.6
wrom2_rom_base_one_cell_12978/d             1.6
wrom2_rom_base_one_cell_12505/d             1.6
wrom2_rom_base_one_cell_11888/d             1.6
wrom2_rom_base_one_cell_11102/d             1.6
wrom2_rom_base_one_cell_9976/s             1.6
wrom2_rom_base_one_cell_9976/d             1.6
wrom2_rom_base_one_cell_9336/d             1.6
wrom2_rom_base_one_cell_8733/d             1.6
wrom2_rom_base_one_cell_8085/d             1.6
wrom2_rom_base_one_cell_7818/d             1.6
wrom2_rom_base_one_cell_7185/d             1.6
wrom2_rom_base_one_cell_6776/d             1.6
wrom2_rom_base_one_cell_6511/d             1.6
wrom2_rom_base_one_cell_4320/d             1.6
wrom2_rom_base_one_cell_3674/d             1.6
wrom2_rom_base_one_cell_3013/d             1.6
wrom2_rom_base_one_cell_2384/d             1.6
wrom2_rom_base_one_cell_1754/d             1.6
wrom2_rom_base_one_cell_736/s              1.6
wrom2_rom_base_zero_cell_80/s              1.6
wrom2_rom_base_one_cell_16979/d             1.6
wrom2_rom_base_one_cell_16848/d             1.6
wrom2_rom_base_one_cell_16122/d             1.6
wrom2_rom_base_one_cell_15731/d             1.6
wrom2_rom_base_one_cell_15597/d             1.6
wrom2_rom_base_one_cell_15455/d             1.6
wrom2_rom_base_one_cell_14815/d             1.6
wrom2_rom_base_one_cell_14409/d             1.6
wrom2_rom_base_one_cell_14285/d             1.6
wrom2_rom_base_one_cell_14145/d             1.6
wrom2_rom_base_one_cell_13762/d             1.6
wrom2_rom_base_one_cell_11238/d             1.6
wrom2_rom_base_one_cell_4586/d             1.6
wrom2_rom_base_one_cell_4443/d             1.6
wrom2_rom_base_one_cell_3137/d             1.6
wrom2_rom_base_one_cell_1869/d             1.6
wrom2_rom_base_one_cell_1250/d             1.6
vwl132#branch                                0
vwl131#branch                                0
vwl130#branch                                0
vwl129#branch                                0
vwl128#branch                                0
vwl127#branch                                0
vwl126#branch                                0
vwl125#branch                                0
vwl124#branch                                0
vwl123#branch                                0
vwl122#branch                                0
vwl121#branch                                0
vwl120#branch                                0
vwl119#branch                                0
vwl118#branch                                0
vwl117#branch                                0
vwl116#branch                                0
vwl115#branch                                0
vwl114#branch                                0
vwl113#branch                                0
vwl112#branch                                0
vwl111#branch                                0
vwl110#branch                                0
vwl109#branch                                0
vwl108#branch                                0
vwl107#branch                                0
vwl106#branch                                0
vwl105#branch                                0
vwl104#branch                                0
vwl103#branch                                0
vwl102#branch                                0
vwl101#branch                                0
vwl100#branch                                0
vwl99#branch                                 0
vwl98#branch                                 0
vwl97#branch                                 0
vwl96#branch                                 0
vwl95#branch                                 0
vwl94#branch                                 0
vwl93#branch                                 0
vwl92#branch                                 0
vwl91#branch                                 0
vwl90#branch                                 0
vwl89#branch                                 0
vwl88#branch                                 0
vwl87#branch                                 0
vwl86#branch                                 0
vwl85#branch                                 0
vwl84#branch                                 0
vwl83#branch                                 0
vwl82#branch                                 0
vwl81#branch                                 0
vwl80#branch                                 0
vwl79#branch                                 0
vwl78#branch                                 0
vwl77#branch                                 0
vwl76#branch                                 0
vwl75#branch                                 0
vwl74#branch                                 0
vwl73#branch                                 0
vwl72#branch                                 0
vwl71#branch                                 0
vwl70#branch                                 0
vwl69#branch                                 0
vwl68#branch                                 0
vwl67#branch                                 0
vwl66#branch                                 0
vwl65#branch                                 0
vwl64#branch                                 0
vwl63#branch                                 0
vwl62#branch                                 0
vwl61#branch                                 0
vwl60#branch                                 0
vwl59#branch                                 0
vwl58#branch                                 0
vwl57#branch                                 0
vwl56#branch                                 0
vwl55#branch                                 0
vwl54#branch                                 0
vwl53#branch                                 0
vwl52#branch                                 0
vwl51#branch                                 0
vwl50#branch                                 0
vwl49#branch                                 0
vwl48#branch                                 0
vwl47#branch                                 0
vwl46#branch                                 0
vwl45#branch                                 0
vwl44#branch                                 0
vwl43#branch                                 0
vwl42#branch                                 0
vwl41#branch                                 0
vwl40#branch                                 0
vwl39#branch                                 0
vwl38#branch                                 0
vwl37#branch                                 0
vwl36#branch                                 0
vwl35#branch                                 0
vwl34#branch                                 0
vwl33#branch                                 0
vwl32#branch                                 0
vwl31#branch                                 0
vwl30#branch                                 0
vwl29#branch                                 0
vwl28#branch                                 0
vwl27#branch                                 0
vwl26#branch                                 0
vwl25#branch                                 0
vwl24#branch                                 0
vwl23#branch                                 0
vwl22#branch                                 0
vwl21#branch                                 0
vwl20#branch                                 0
vwl19#branch                                 0
vwl18#branch                                 0
vwl17#branch                                 0
vwl16#branch                                 0
vwl15#branch                                 0
vwl14#branch                                 0
vwl13#branch                                 0
vwl12#branch                                 0
vwl11#branch                                 0
vwl10#branch                                 0
vwl9#branch                                  0
vwl8#branch                                  0
vwl7#branch                                  0
vwl6#branch                                  0
vwl5#branch                                  0
vwl4#branch                                  0
vwl3#branch                                  0
vwl2#branch                                  0
vwl1#branch                                  0
vwl0#branch                                  0
vprecharge#branch                            0
vgndgnd_uq0#branch                 3.20562e-13
vvdd#branch                       -5.03704e-10


No. of Data Rows : 30058

  Measurements for Transient Analysis

t_dis_50            =  1.005399e-09 targ=  5.001055e-06 trig=  5.000050e-06
t_dis_10            =  2.663460e-09 targ=  5.002713e-06 trig=  5.000050e-06
t_dis_50_prev       =  1.005399e-09 targ=  3.001055e-06 trig=  3.000050e-06
t_pre_50            =  3.101995e-09 targ=  4.003152e-06 trig=  4.000050e-06
t_pre_90            =  5.810169e-09 targ=  4.005860e-06 trig=  4.000050e-06
t_pre_99            =  8.622070e-09 targ=  4.008672e-06 trig=  4.000050e-06


Total analysis time (seconds) = 14.4159

Total elapsed time (seconds) = 69.957 

Total DRAM available = 31789.566 MB.
DRAM currently available = 13754.645 MB.
Maximum ngspice program size =  420.262 MB.
Current ngspice program size =  353.605 MB.

Shared ngspice pages =   11.480 MB.
Text (code) pages =    6.520 MB.
Stack = 0 bytes.
Library pages =  398.098 MB.

