
Note: No compatibility mode selected!


Circuit: * wrom2 -- periphery energy per cycle -- active (cs0=1)

Doing analysis at TEMP = -40.000000 and TNOM = 27.000000

Using SPARSE 1.3 as Direct Linear Solver
Operating point simulation skipped by 'uic',
  now using transient initial conditions.

No. of Data Rows : 1649

  Measurements for Transient Analysis


Error: measure  t_wlfall1  trig(TARG) : out of interval
 .measure tran t_wlfall1 trig v(clk0) val=    9.750000000000000e-01     rise=1 td=6.900000e-07 targ v(wrom2_rom_row_decode_0/wl_1) val=    9.750000000000000e-01     fall=1 td=7.000000e-07 failed!


Error: measure  t_wlslew1  trig(TRIG) : out of interval
 .measure tran t_wlslew1 trig v(wrom2_rom_row_decode_0/wl_1) val=    1.560000000000000e+00     fall=1 td=7.000000e-07 targ v(wrom2_rom_row_decode_0/wl_1) val=    3.900000000000000e-01     fall=1 td=7.000000e-07 failed!


Error: measure  t_wl1090_1  trig(TRIG) : out of interval
 .measure tran t_wl1090_1 trig v(wrom2_rom_row_decode_0/wl_1) val=    1.755000000000000e+00     fall=1 td=7.000000e-07 targ v(wrom2_rom_row_decode_0/wl_1) val=    1.950000000000000e-01     fall=1 td=7.000000e-07 failed!


Error: measure  t_wlfall2  trig(TARG) : out of interval
 .measure tran t_wlfall2 trig v(clk0) val=    9.750000000000000e-01     rise=1 td=6.900000e-07 targ v(wrom2_rom_row_decode_0/wl_2) val=    9.750000000000000e-01     fall=1 td=7.000000e-07 failed!


Error: measure  t_wlslew2  trig(TRIG) : out of interval
 .measure tran t_wlslew2 trig v(wrom2_rom_row_decode_0/wl_2) val=    1.560000000000000e+00     fall=1 td=7.000000e-07 targ v(wrom2_rom_row_decode_0/wl_2) val=    3.900000000000000e-01     fall=1 td=7.000000e-07 failed!


Error: measure  t_wl1090_2  trig(TRIG) : out of interval
 .measure tran t_wl1090_2 trig v(wrom2_rom_row_decode_0/wl_2) val=    1.755000000000000e+00     fall=1 td=7.000000e-07 targ v(wrom2_rom_row_decode_0/wl_2) val=    1.950000000000000e-01     fall=1 td=7.000000e-07 failed!


Error: measure  t_wlfall3  trig(TARG) : out of interval
 .measure tran t_wlfall3 trig v(clk0) val=    9.750000000000000e-01     rise=1 td=6.900000e-07 targ v(wrom2_rom_row_decode_0/wl_3) val=    9.750000000000000e-01     fall=1 td=7.000000e-07 failed!


Error: measure  t_wlslew3  trig(TRIG) : out of interval
 .measure tran t_wlslew3 trig v(wrom2_rom_row_decode_0/wl_3) val=    1.560000000000000e+00     fall=1 td=7.000000e-07 targ v(wrom2_rom_row_decode_0/wl_3) val=    3.900000000000000e-01     fall=1 td=7.000000e-07 failed!


Error: measure  t_wl1090_3  trig(TRIG) : out of interval
 .measure tran t_wl1090_3 trig v(wrom2_rom_row_decode_0/wl_3) val=    1.755000000000000e+00     fall=1 td=7.000000e-07 targ v(wrom2_rom_row_decode_0/wl_3) val=    1.950000000000000e-01     fall=1 td=7.000000e-07 failed!


Error: measure  t_wlfall4  trig(TARG) : out of interval
 .measure tran t_wlfall4 trig v(clk0) val=    9.750000000000000e-01     rise=1 td=6.900000e-07 targ v(wrom2_rom_row_decode_0/wl_4) val=    9.750000000000000e-01     fall=1 td=7.000000e-07 failed!


Error: measure  t_wlslew4  trig(TRIG) : out of interval
 .measure tran t_wlslew4 trig v(wrom2_rom_row_decode_0/wl_4) val=    1.560000000000000e+00     fall=1 td=7.000000e-07 targ v(wrom2_rom_row_decode_0/wl_4) val=    3.900000000000000e-01     fall=1 td=7.000000e-07 failed!


Error: measure  t_wl1090_4  trig(TRIG) : out of interval
 .measure tran t_wl1090_4 trig v(wrom2_rom_row_decode_0/wl_4) val=    1.755000000000000e+00     fall=1 td=7.000000e-07 targ v(wrom2_rom_row_decode_0/wl_4) val=    1.950000000000000e-01     fall=1 td=7.000000e-07 failed!


Error: measure  t_wlfall5  trig(TARG) : out of interval
 .measure tran t_wlfall5 trig v(clk0) val=    9.750000000000000e-01     rise=1 td=6.900000e-07 targ v(wrom2_rom_row_decode_0/wl_5) val=    9.750000000000000e-01     fall=1 td=7.000000e-07 failed!


Error: measure  t_wlslew5  trig(TRIG) : out of interval
 .measure tran t_wlslew5 trig v(wrom2_rom_row_decode_0/wl_5) val=    1.560000000000000e+00     fall=1 td=7.000000e-07 targ v(wrom2_rom_row_decode_0/wl_5) val=    3.900000000000000e-01     fall=1 td=7.000000e-07 failed!


Error: measure  t_wl1090_5  trig(TRIG) : out of interval
 .measure tran t_wl1090_5 trig v(wrom2_rom_row_decode_0/wl_5) val=    1.755000000000000e+00     fall=1 td=7.000000e-07 targ v(wrom2_rom_row_decode_0/wl_5) val=    1.950000000000000e-01     fall=1 td=7.000000e-07 failed!


Error: measure  t_wlfall6  trig(TARG) : out of interval
 .measure tran t_wlfall6 trig v(clk0) val=    9.750000000000000e-01     rise=1 td=6.900000e-07 targ v(wrom2_rom_row_decode_0/wl_6) val=    9.750000000000000e-01     fall=1 td=7.000000e-07 failed!


Error: measure  t_wlslew6  trig(TRIG) : out of interval
 .measure tran t_wlslew6 trig v(wrom2_rom_row_decode_0/wl_6) val=    1.560000000000000e+00     fall=1 td=7.000000e-07 targ v(wrom2_rom_row_decode_0/wl_6) val=    3.900000000000000e-01     fall=1 td=7.000000e-07 failed!


Error: measure  t_wl1090_6  trig(TRIG) : out of interval
 .measure tran t_wl1090_6 trig v(wrom2_rom_row_decode_0/wl_6) val=    1.755000000000000e+00     fall=1 td=7.000000e-07 targ v(wrom2_rom_row_decode_0/wl_6) val=    1.950000000000000e-01     fall=1 td=7.000000e-07 failed!


Error: measure  t_wlfall7  trig(TARG) : out of interval
 .measure tran t_wlfall7 trig v(clk0) val=    9.750000000000000e-01     rise=1 td=6.900000e-07 targ v(wrom2_rom_row_decode_0/wl_7) val=    9.750000000000000e-01     fall=1 td=7.000000e-07 failed!


Error: measure  t_wlslew7  trig(TRIG) : out of interval
 .measure tran t_wlslew7 trig v(wrom2_rom_row_decode_0/wl_7) val=    1.560000000000000e+00     fall=1 td=7.000000e-07 targ v(wrom2_rom_row_decode_0/wl_7) val=    3.900000000000000e-01     fall=1 td=7.000000e-07 failed!


Error: measure  t_wl1090_7  trig(TRIG) : out of interval
 .measure tran t_wl1090_7 trig v(wrom2_rom_row_decode_0/wl_7) val=    1.755000000000000e+00     fall=1 td=7.000000e-07 targ v(wrom2_rom_row_decode_0/wl_7) val=    1.950000000000000e-01     fall=1 td=7.000000e-07 failed!


Error: measure  t_pre2sel1_rise  trig(TARG) : out of interval
 .measure tran t_pre2sel1_rise trig v(wrom2_rom_column_decode_0/clk) val=    9.750000000000000e-01     rise=1 td=6.900000e-07 targ v(wrom2_rom_column_decode_0/wl_1) val=    9.750000000000000e-01     rise=1 td=7.000000e-07 failed!


Error: measure  t_pre2sel1_fall  trig(TARG) : out of interval
 .measure tran t_pre2sel1_fall trig v(wrom2_rom_column_decode_0/clk) val=    9.750000000000000e-01     fall=1 td=7.900000e-07 targ v(wrom2_rom_column_decode_0/wl_1) val=    9.750000000000000e-01     fall=1 td=8.000000e-07 failed!


Error: measure  t_pre2sel2_rise  trig(TARG) : out of interval
 .measure tran t_pre2sel2_rise trig v(wrom2_rom_column_decode_0/clk) val=    9.750000000000000e-01     rise=1 td=6.900000e-07 targ v(wrom2_rom_column_decode_0/wl_2) val=    9.750000000000000e-01     rise=1 td=7.000000e-07 failed!


Error: measure  t_pre2sel2_fall  trig(TARG) : out of interval
 .measure tran t_pre2sel2_fall trig v(wrom2_rom_column_decode_0/clk) val=    9.750000000000000e-01     fall=1 td=7.900000e-07 targ v(wrom2_rom_column_decode_0/wl_2) val=    9.750000000000000e-01     fall=1 td=8.000000e-07 failed!


Error: measure  t_pre2sel3_rise  trig(TARG) : out of interval
 .measure tran t_pre2sel3_rise trig v(wrom2_rom_column_decode_0/clk) val=    9.750000000000000e-01     rise=1 td=6.900000e-07 targ v(wrom2_rom_column_decode_0/wl_3) val=    9.750000000000000e-01     rise=1 td=7.000000e-07 failed!


Error: measure  t_pre2sel3_fall  trig(TARG) : out of interval
 .measure tran t_pre2sel3_fall trig v(wrom2_rom_column_decode_0/clk) val=    9.750000000000000e-01     fall=1 td=7.900000e-07 targ v(wrom2_rom_column_decode_0/wl_3) val=    9.750000000000000e-01     fall=1 td=8.000000e-07 failed!


Error: measure  t_pre2sel4_rise  trig(TARG) : out of interval
 .measure tran t_pre2sel4_rise trig v(wrom2_rom_column_decode_0/clk) val=    9.750000000000000e-01     rise=1 td=6.900000e-07 targ v(wrom2_rom_column_decode_0/wl_4) val=    9.750000000000000e-01     rise=1 td=7.000000e-07 failed!


Error: measure  t_pre2sel4_fall  trig(TARG) : out of interval
 .measure tran t_pre2sel4_fall trig v(wrom2_rom_column_decode_0/clk) val=    9.750000000000000e-01     fall=1 td=7.900000e-07 targ v(wrom2_rom_column_decode_0/wl_4) val=    9.750000000000000e-01     fall=1 td=8.000000e-07 failed!


Error: measure  t_pre2sel5_rise  trig(TARG) : out of interval
 .measure tran t_pre2sel5_rise trig v(wrom2_rom_column_decode_0/clk) val=    9.750000000000000e-01     rise=1 td=6.900000e-07 targ v(wrom2_rom_column_decode_0/wl_5) val=    9.750000000000000e-01     rise=1 td=7.000000e-07 failed!


Error: measure  t_pre2sel5_fall  trig(TARG) : out of interval
 .measure tran t_pre2sel5_fall trig v(wrom2_rom_column_decode_0/clk) val=    9.750000000000000e-01     fall=1 td=7.900000e-07 targ v(wrom2_rom_column_decode_0/wl_5) val=    9.750000000000000e-01     fall=1 td=8.000000e-07 failed!


Error: measure  t_pre2sel6_rise  trig(TARG) : out of interval
 .measure tran t_pre2sel6_rise trig v(wrom2_rom_column_decode_0/clk) val=    9.750000000000000e-01     rise=1 td=6.900000e-07 targ v(wrom2_rom_column_decode_0/wl_6) val=    9.750000000000000e-01     rise=1 td=7.000000e-07 failed!


Error: measure  t_pre2sel6_fall  trig(TARG) : out of interval
 .measure tran t_pre2sel6_fall trig v(wrom2_rom_column_decode_0/clk) val=    9.750000000000000e-01     fall=1 td=7.900000e-07 targ v(wrom2_rom_column_decode_0/wl_6) val=    9.750000000000000e-01     fall=1 td=8.000000e-07 failed!


Error: measure  t_pre2sel7_rise  trig(TARG) : out of interval
 .measure tran t_pre2sel7_rise trig v(wrom2_rom_column_decode_0/clk) val=    9.750000000000000e-01     rise=1 td=6.900000e-07 targ v(wrom2_rom_column_decode_0/wl_7) val=    9.750000000000000e-01     rise=1 td=7.000000e-07 failed!


Error: measure  t_pre2sel7_fall  trig(TARG) : out of interval
 .measure tran t_pre2sel7_fall trig v(wrom2_rom_column_decode_0/clk) val=    9.750000000000000e-01     fall=1 td=7.900000e-07 targ v(wrom2_rom_column_decode_0/wl_7) val=    9.750000000000000e-01     fall=1 td=8.000000e-07 failed!

q_c2                =   -4.24176e-12 from=  4.00000e-07 to=  6.00000e-07
q_c3                =   -4.24648e-12 from=  6.00000e-07 to=  8.00000e-07
e_periph_pj         =  8.28064e+00
t_clk2int           =  1.956206e-10 targ=  7.004456e-07 trig=  7.002500e-07
v_wl0_eval          =  1.511491e-08
t_wlfall0           =  9.142589e-10 targ=  7.011643e-07 trig=  7.002500e-07
t_wlslew0           =  5.536878e-11 targ=  7.011903e-07 trig=  7.011350e-07
t_wl1090_0          =  8.332811e-11 targ=  7.012020e-07 trig=  7.011187e-07
v_wl1_eval          =  1.950000e+00
v_wl2_eval          =  1.950000e+00
v_wl3_eval          =  1.950000e+00
v_wl4_eval          =  1.950000e+00
v_wl5_eval          =  1.950000e+00
v_wl6_eval          =  1.950000e+00
v_wl7_eval          =  1.950000e+00
t_clk2pre           =  4.753955e-10 targ=  7.007254e-07 trig=  7.002500e-07
t_pre2sel0_rise     =  3.546210e-10 targ=  7.010800e-07 trig=  7.007254e-07
t_pre2sel0_fall     =  5.195187e-10 targ=  8.012987e-07 trig=  8.007791e-07


Total analysis time (seconds) = 95.4547

Total elapsed time (seconds) = 524.703 

Total DRAM available = 31789.570 MB.
DRAM currently available = 20340.699 MB.
Maximum ngspice program size = 2881.660 MB.
Current ngspice program size = 2814.359 MB.

Shared ngspice pages =   11.012 MB.
Text (code) pages =    6.520 MB.
Stack = 0 bytes.
Library pages = 2859.496 MB.

