
Note: No compatibility mode selected!


Circuit: * wrom2 -- cevre birimi cevrim enerjisi -- bosta (cs0=0)  -->  when : "!cs0"

Doing analysis at TEMP = 25.000000 and TNOM = 27.000000

Using SPARSE 1.3 as Direct Linear Solver
Operating point simulation skipped by 'uic',
  now using transient initial conditions.

No. of Data Rows : 2075

  Measurements for Transient Analysis


Error: measure  t_clk2wl1  trig(TARG) : out of interval
 .measure tran t_clk2wl1 trig v(clk0) val=    9.000000000000000e-01     rise=1 td=1.190000e-06 targ v(wrom2_rom_row_decode_0/wl_1) val=    9.000000000000000e-01     rise=1 td=1.200000e-06 failed!


Error: measure  t_wlfall1  trig(TARG) : out of interval
 .measure tran t_wlfall1 trig v(clk0) val=    9.000000000000000e-01     rise=1 td=1.190000e-06 targ v(wrom2_rom_row_decode_0/wl_1) val=    9.000000000000000e-01     fall=1 td=1.200000e-06 failed!


Error: measure  t_clk2wl2  trig(TARG) : out of interval
 .measure tran t_clk2wl2 trig v(clk0) val=    9.000000000000000e-01     rise=1 td=1.190000e-06 targ v(wrom2_rom_row_decode_0/wl_2) val=    9.000000000000000e-01     rise=1 td=1.200000e-06 failed!


Error: measure  t_wlfall2  trig(TARG) : out of interval
 .measure tran t_wlfall2 trig v(clk0) val=    9.000000000000000e-01     rise=1 td=1.190000e-06 targ v(wrom2_rom_row_decode_0/wl_2) val=    9.000000000000000e-01     fall=1 td=1.200000e-06 failed!


Error: measure  t_clk2wl3  trig(TARG) : out of interval
 .measure tran t_clk2wl3 trig v(clk0) val=    9.000000000000000e-01     rise=1 td=1.190000e-06 targ v(wrom2_rom_row_decode_0/wl_3) val=    9.000000000000000e-01     rise=1 td=1.200000e-06 failed!


Error: measure  t_wlfall3  trig(TARG) : out of interval
 .measure tran t_wlfall3 trig v(clk0) val=    9.000000000000000e-01     rise=1 td=1.190000e-06 targ v(wrom2_rom_row_decode_0/wl_3) val=    9.000000000000000e-01     fall=1 td=1.200000e-06 failed!


Error: measure  t_clk2wl4  trig(TARG) : out of interval
 .measure tran t_clk2wl4 trig v(clk0) val=    9.000000000000000e-01     rise=1 td=1.190000e-06 targ v(wrom2_rom_row_decode_0/wl_4) val=    9.000000000000000e-01     rise=1 td=1.200000e-06 failed!


Error: measure  t_wlfall4  trig(TARG) : out of interval
 .measure tran t_wlfall4 trig v(clk0) val=    9.000000000000000e-01     rise=1 td=1.190000e-06 targ v(wrom2_rom_row_decode_0/wl_4) val=    9.000000000000000e-01     fall=1 td=1.200000e-06 failed!


Error: measure  t_clk2wl5  trig(TARG) : out of interval
 .measure tran t_clk2wl5 trig v(clk0) val=    9.000000000000000e-01     rise=1 td=1.190000e-06 targ v(wrom2_rom_row_decode_0/wl_5) val=    9.000000000000000e-01     rise=1 td=1.200000e-06 failed!


Error: measure  t_wlfall5  trig(TARG) : out of interval
 .measure tran t_wlfall5 trig v(clk0) val=    9.000000000000000e-01     rise=1 td=1.190000e-06 targ v(wrom2_rom_row_decode_0/wl_5) val=    9.000000000000000e-01     fall=1 td=1.200000e-06 failed!


Error: measure  t_clk2wl6  trig(TARG) : out of interval
 .measure tran t_clk2wl6 trig v(clk0) val=    9.000000000000000e-01     rise=1 td=1.190000e-06 targ v(wrom2_rom_row_decode_0/wl_6) val=    9.000000000000000e-01     rise=1 td=1.200000e-06 failed!


Error: measure  t_wlfall6  trig(TARG) : out of interval
 .measure tran t_wlfall6 trig v(clk0) val=    9.000000000000000e-01     rise=1 td=1.190000e-06 targ v(wrom2_rom_row_decode_0/wl_6) val=    9.000000000000000e-01     fall=1 td=1.200000e-06 failed!


Error: measure  t_clk2wl7  trig(TARG) : out of interval
 .measure tran t_clk2wl7 trig v(clk0) val=    9.000000000000000e-01     rise=1 td=1.190000e-06 targ v(wrom2_rom_row_decode_0/wl_7) val=    9.000000000000000e-01     rise=1 td=1.200000e-06 failed!


Error: measure  t_wlfall7  trig(TARG) : out of interval
 .measure tran t_wlfall7 trig v(clk0) val=    9.000000000000000e-01     rise=1 td=1.190000e-06 targ v(wrom2_rom_row_decode_0/wl_7) val=    9.000000000000000e-01     fall=1 td=1.200000e-06 failed!

q_c2                =   -2.02656e-12 from=  1.00000e-06 to=  1.20000e-06
q_c3                =   -1.89789e-12 from=  1.20000e-06 to=  1.40000e-06
e_periph_pj         =  3.41620e+00
t_clk2int           =  3.228009e-10 targ=  1.300573e-06 trig=  1.300250e-06
t_clk2wl0           =  -9.927022e-08 targ=  1.200980e-06 trig=  1.300250e-06
t_wlfall0           =  1.566775e-09 targ=  1.301817e-06 trig=  1.300250e-06


Total analysis time (seconds) = 131.986

Total elapsed time (seconds) = 547.855 

Total DRAM available = 31789.582 MB.
DRAM currently available = 16878.945 MB.
Maximum ngspice program size = 2772.867 MB.
Current ngspice program size = 2706.012 MB.

Shared ngspice pages =   11.500 MB.
Text (code) pages =    6.520 MB.
Stack = 0 bytes.
Library pages = 2750.703 MB.

