
Note: No compatibility mode selected!


Circuit: * wrom2 -- periphery energy per cycle -- active (cs0=1)

Doing analysis at TEMP = 25.000000 and TNOM = 27.000000

Using SPARSE 1.3 as Direct Linear Solver
Operating point simulation skipped by 'uic',
  now using transient initial conditions.

No. of Data Rows : 2485

  Measurements for Transient Analysis


Error: measure  t_wlfall0  trig(TARG) : out of interval
 .measure tran t_wlfall0 trig v(clk0) val=    9.000000000000000e-01     rise=1 td=1.190000e-06 targ v(wrom2_rom_row_decode_0/wl_0) val=    9.000000000000000e-01     fall=1 td=1.200000e-06 failed!


Error: measure  t_clk2wl1  trig(TARG) : out of interval
 .measure tran t_clk2wl1 trig v(clk0) val=    9.000000000000000e-01     rise=1 td=1.190000e-06 targ v(wrom2_rom_row_decode_0/wl_1) val=    9.000000000000000e-01     rise=1 td=1.200000e-06 failed!


Error: measure  t_wlfall1  trig(TARG) : out of interval
 .measure tran t_wlfall1 trig v(clk0) val=    9.000000000000000e-01     rise=1 td=1.190000e-06 targ v(wrom2_rom_row_decode_0/wl_1) val=    9.000000000000000e-01     fall=1 td=1.200000e-06 failed!


Error: measure  t_clk2wl2  trig(TARG) : out of interval
 .measure tran t_clk2wl2 trig v(clk0) val=    9.000000000000000e-01     rise=1 td=1.190000e-06 targ v(wrom2_rom_row_decode_0/wl_2) val=    9.000000000000000e-01     rise=1 td=1.200000e-06 failed!


Error: measure  t_wlfall2  trig(TARG) : out of interval
 .measure tran t_wlfall2 trig v(clk0) val=    9.000000000000000e-01     rise=1 td=1.190000e-06 targ v(wrom2_rom_row_decode_0/wl_2) val=    9.000000000000000e-01     fall=1 td=1.200000e-06 failed!


Error: measure  t_clk2wl3  trig(TARG) : out of interval
 .measure tran t_clk2wl3 trig v(clk0) val=    9.000000000000000e-01     rise=1 td=1.190000e-06 targ v(wrom2_rom_row_decode_0/wl_3) val=    9.000000000000000e-01     rise=1 td=1.200000e-06 failed!


Error: measure  t_wlfall3  trig(TARG) : out of interval
 .measure tran t_wlfall3 trig v(clk0) val=    9.000000000000000e-01     rise=1 td=1.190000e-06 targ v(wrom2_rom_row_decode_0/wl_3) val=    9.000000000000000e-01     fall=1 td=1.200000e-06 failed!


Error: measure  t_clk2wl4  trig(TARG) : out of interval
 .measure tran t_clk2wl4 trig v(clk0) val=    9.000000000000000e-01     rise=1 td=1.190000e-06 targ v(wrom2_rom_row_decode_0/wl_4) val=    9.000000000000000e-01     rise=1 td=1.200000e-06 failed!


Error: measure  t_wlfall4  trig(TARG) : out of interval
 .measure tran t_wlfall4 trig v(clk0) val=    9.000000000000000e-01     rise=1 td=1.190000e-06 targ v(wrom2_rom_row_decode_0/wl_4) val=    9.000000000000000e-01     fall=1 td=1.200000e-06 failed!


Error: measure  t_clk2wl5  trig(TARG) : out of interval
 .measure tran t_clk2wl5 trig v(clk0) val=    9.000000000000000e-01     rise=1 td=1.190000e-06 targ v(wrom2_rom_row_decode_0/wl_5) val=    9.000000000000000e-01     rise=1 td=1.200000e-06 failed!


Error: measure  t_wlfall5  trig(TARG) : out of interval
 .measure tran t_wlfall5 trig v(clk0) val=    9.000000000000000e-01     rise=1 td=1.190000e-06 targ v(wrom2_rom_row_decode_0/wl_5) val=    9.000000000000000e-01     fall=1 td=1.200000e-06 failed!


Error: measure  t_clk2wl6  trig(TARG) : out of interval
 .measure tran t_clk2wl6 trig v(clk0) val=    9.000000000000000e-01     rise=1 td=1.190000e-06 targ v(wrom2_rom_row_decode_0/wl_6) val=    9.000000000000000e-01     rise=1 td=1.200000e-06 failed!


Error: measure  t_wlfall6  trig(TARG) : out of interval
 .measure tran t_wlfall6 trig v(clk0) val=    9.000000000000000e-01     rise=1 td=1.190000e-06 targ v(wrom2_rom_row_decode_0/wl_6) val=    9.000000000000000e-01     fall=1 td=1.200000e-06 failed!


Error: measure  t_clk2wl7  trig(TARG) : out of interval
 .measure tran t_clk2wl7 trig v(clk0) val=    9.000000000000000e-01     rise=1 td=1.190000e-06 targ v(wrom2_rom_row_decode_0/wl_7) val=    9.000000000000000e-01     rise=1 td=1.200000e-06 failed!


Error: measure  t_wlfall7  trig(TARG) : out of interval
 .measure tran t_wlfall7 trig v(clk0) val=    9.000000000000000e-01     rise=1 td=1.190000e-06 targ v(wrom2_rom_row_decode_0/wl_7) val=    9.000000000000000e-01     fall=1 td=1.200000e-06 failed!

q_c2                =   -3.46608e-12 from=  1.00000e-06 to=  1.20000e-06
q_c3                =   -3.36993e-12 from=  1.20000e-06 to=  1.40000e-06
e_periph_pj         =  6.06588e+00
t_clk2int           =  3.197000e-10 targ=  1.300570e-06 trig=  1.300250e-06
t_clk2wl0           =  -9.927519e-08 targ=  1.200975e-06 trig=  1.300250e-06
t_clk2pre           =  7.636805e-10 targ=  1.301014e-06 trig=  1.300250e-06
t_addr2dec0         =  3.055811e-11 targ=  1.250081e-06 trig=  1.250050e-06
t_addr2dec1         =  3.064457e-11 targ=  1.250081e-06 trig=  1.250050e-06
t_addr2dec2         =  3.064792e-11 targ=  1.250081e-06 trig=  1.250050e-06
t_addr2dec3         =  3.065175e-11 targ=  1.250081e-06 trig=  1.250050e-06
t_addr2dec4         =  3.065741e-11 targ=  1.250081e-06 trig=  1.250050e-06
t_addr2dec5         =  3.066124e-11 targ=  1.250081e-06 trig=  1.250050e-06
t_addr2dec6         =  3.066227e-11 targ=  1.250081e-06 trig=  1.250050e-06
t_addr2dec7         =  3.032917e-11 targ=  1.250080e-06 trig=  1.250050e-06


Total analysis time (seconds) = 201.798

Total elapsed time (seconds) = 702.571 

Total DRAM available = 31789.578 MB.
DRAM currently available = 11297.453 MB.
Maximum ngspice program size = 2773.207 MB.
Current ngspice program size = 2705.695 MB.

Shared ngspice pages =   10.887 MB.
Text (code) pages =    6.520 MB.
Stack = 0 bytes.
Library pages = 2751.043 MB.

