wrom2 ss: dynamic read energy, average of 10 random reads
  array        : 134 rows x 256 columns, 1064 words x 8 per row
  E_column     : 0.3604 pJ per discharged column  (col236_energy_ss.log)
  E_periphery  : 4.9942 pJ per cycle              (periph_active_ss.log)
  seed         : 401173410

  read     address      row   discharged       E (pJ)
  1            191       23          113      45.7167
  2            452       56          145      57.2488
  3            257       32          154      60.4921
  4            135       16          123      49.3205
  5            895      111          135      53.6450
  6             76        9          119      47.8790
  7             41        5          141      55.8073
  8            414       51          122      48.9601
  9            240       30          106      43.1941
  10           969      121          136      54.0054

  average      : 51.6269 pJ   (min 43.1941, max 60.4921, sd 5.4765)
  worst case   : 97.2505 pJ   (all 256 columns discharging -- 1.88x)
  whole array  : 50.7970 pJ   (exact mean over all 134 rows, 127.1 of 256
                 columns discharging; per-row spread 0..156). The
                 sample is +1.63% against it.

e_read_avg_pj       =  5.162689e+01
e_read_worst_pj     =  9.725050e+01
n_reads             =  10
seed                =  401173410
