
Note: No compatibility mode selected!


Circuit: * wrom0 -- back end delay: bitline -> dout0  (column 236, ss)

Doing analysis at TEMP = 100.000000 and TNOM = 27.000000

Using SPARSE 1.3 as Direct Linear Solver
Operating point simulation skipped by 'uic',
  now using transient initial conditions.

No. of Data Rows : 4023

  Measurements for Transient Analysis

t_bl2dout           =  1.176745e-09 targ=  4.876694e-08 trig=  4.759019e-08
t_dout_slew         =  2.305537e-09 targ=  5.022580e-08 trig=  4.792026e-08


Total analysis time (seconds) = 34.0404

Total elapsed time (seconds) = 150.193 

Total DRAM available = 31789.559 MB.
DRAM currently available = 17397.984 MB.
Maximum ngspice program size =  753.328 MB.
Current ngspice program size =  686.699 MB.

Shared ngspice pages =   11.469 MB.
Text (code) pages =    6.520 MB.
Stack = 0 bytes.
Library pages =  731.164 MB.

