
Note: No compatibility mode selected!


Circuit: * wrom0 -- back end delay: bitline -> dout0  (column 236, tt)

Doing analysis at TEMP = 25.000000 and TNOM = 27.000000

Using SPARSE 1.3 as Direct Linear Solver
Operating point simulation skipped by 'uic',
  now using transient initial conditions.

No. of Data Rows : 5125

  Measurements for Transient Analysis

t_bl2dout           =  1.005555e-09 targ=  2.134109e-08 trig=  2.033553e-08
t_dout_slew         =  3.697366e-10 targ=  2.153283e-08 trig=  2.116309e-08


Total analysis time (seconds) = 34.0133

Total elapsed time (seconds) = 122.124 

Total DRAM available = 31789.570 MB.
DRAM currently available = 12335.992 MB.
Maximum ngspice program size =  752.578 MB.
Current ngspice program size =  685.324 MB.

Shared ngspice pages =   10.930 MB.
Text (code) pages =    6.520 MB.
Stack = 0 bytes.
Library pages =  730.414 MB.

