
Note: No compatibility mode selected!


Circuit: * wrom0 -- back end delay: bitline -> dout0  (column 236, tt)

Doing analysis at TEMP = 25.000000 and TNOM = 27.000000

Using SPARSE 1.3 as Direct Linear Solver
Operating point simulation skipped by 'uic',
  now using transient initial conditions.

No. of Data Rows : 4024

  Measurements for Transient Analysis

t_bl2dout           =  1.474395e-09 targ=  2.942450e-08 trig=  2.795010e-08
t_dout_slew         =  4.891274e-10 targ=  2.968516e-08 trig=  2.919603e-08


Total analysis time (seconds) = 33.0083

Total elapsed time (seconds) = 140.441 

Total DRAM available = 31789.559 MB.
DRAM currently available = 13980.020 MB.
Maximum ngspice program size =  752.371 MB.
Current ngspice program size =  685.781 MB.

Shared ngspice pages =   11.504 MB.
Text (code) pages =    6.520 MB.
Stack = 0 bytes.
Library pages =  730.207 MB.

