
Note: No compatibility mode selected!


Circuit: * wrom0 -- back end delay: bitline -> dout0  (column 236, ff)

Doing analysis at TEMP = -40.000000 and TNOM = 27.000000

Using SPARSE 1.3 as Direct Linear Solver
Operating point simulation skipped by 'uic',
  now using transient initial conditions.

No. of Data Rows : 4024

  Measurements for Transient Analysis

t_bl2dout           =  1.342310e-09 targ=  2.114114e-08 trig=  1.979883e-08
t_dout_slew         =  3.893274e-10 targ=  2.133719e-08 trig=  2.094786e-08


Total analysis time (seconds) = 34.5178

Total elapsed time (seconds) = 150.112 

Total DRAM available = 31789.559 MB.
DRAM currently available = 17956.027 MB.
Maximum ngspice program size =  754.777 MB.
Current ngspice program size =  688.059 MB.

Shared ngspice pages =   11.402 MB.
Text (code) pages =    6.520 MB.
Stack = 0 bytes.
Library pages =  732.613 MB.

