
Note: No compatibility mode selected!


Circuit: * wrom0 -- back end delay: bitline -> dout0  (column 236, ss)

Doing analysis at TEMP = 100.000000 and TNOM = 27.000000

Using SPARSE 1.3 as Direct Linear Solver
Operating point simulation skipped by 'uic',
  now using transient initial conditions.

No. of Data Rows : 6155

  Measurements for Transient Analysis

t_bl2dout           =  2.482939e-09 targ=  4.465699e-08 trig=  4.217405e-08
t_dout_slew         =  2.810644e-09 targ=  4.622411e-08 trig=  4.341347e-08


Total analysis time (seconds) = 28.8857

Total elapsed time (seconds) = 110.474 

Total DRAM available = 31789.570 MB.
DRAM currently available = 13716.258 MB.
Maximum ngspice program size =  753.688 MB.
Current ngspice program size =  686.414 MB.

Shared ngspice pages =   10.934 MB.
Text (code) pages =    6.520 MB.
Stack = 0 bytes.
Library pages =  731.523 MB.

