
Note: No compatibility mode selected!


Circuit: * wrom0 -- back end delay: bitline -> dout0  (column 236, tt)

Doing analysis at TEMP = 25.000000 and TNOM = 27.000000

Using SPARSE 1.3 as Direct Linear Solver
Operating point simulation skipped by 'uic',
  now using transient initial conditions.

No. of Data Rows : 5125

  Measurements for Transient Analysis

t_bl2dout           =  1.167772e-09 targ=  2.150330e-08 trig=  2.033553e-08
t_dout_slew         =  5.871775e-10 targ=  2.180493e-08 trig=  2.121775e-08


Total analysis time (seconds) = 32.1522

Total elapsed time (seconds) = 120.435 

Total DRAM available = 31789.570 MB.
DRAM currently available = 10952.109 MB.
Maximum ngspice program size =  752.578 MB.
Current ngspice program size =  685.359 MB.

Shared ngspice pages =   10.965 MB.
Text (code) pages =    6.520 MB.
Stack = 0 bytes.
Library pages =  730.414 MB.

