
Note: No compatibility mode selected!


Circuit: * wrom0 -- back end delay: bitline -> dout0  (column 236, ff)

Doing analysis at TEMP = -40.000000 and TNOM = 27.000000

Using SPARSE 1.3 as Direct Linear Solver
Operating point simulation skipped by 'uic',
  now using transient initial conditions.

No. of Data Rows : 4024

  Measurements for Transient Analysis

t_bl2dout           =  1.394574e-09 targ=  2.156362e-08 trig=  2.016905e-08
t_dout_slew         =  4.112570e-10 targ=  2.176243e-08 trig=  2.135117e-08


Total analysis time (seconds) = 25.7218

Total elapsed time (seconds) = 121.554 

Total DRAM available = 31789.566 MB.
DRAM currently available = 12956.461 MB.
Maximum ngspice program size =  754.777 MB.
Current ngspice program size =  688.223 MB.

Shared ngspice pages =   11.566 MB.
Text (code) pages =    6.520 MB.
Stack = 0 bytes.
Library pages =  732.613 MB.

