
Note: No compatibility mode selected!


Circuit: * wrom0 -- cell equivalent gate capacitance (tt)

Doing analysis at TEMP = 25.000000 and TNOM = 27.000000

Using SPARSE 1.3 as Direct Linear Solver
Operating point simulation skipped by 'uic',
  now using transient initial conditions.

No. of Data Rows : 2414

  Measurements for Transient Analysis

q_one               =   -8.19710e-16 from=  5.00000e-14 to=  1.00000e-08
q_zero              =   -8.19710e-16 from=  5.00000e-14 to=  1.00000e-08
c_one_ff            =  4.55394e-01
c_zero_ff           =  4.55394e-01


Total analysis time (seconds) = 0.0879707

Total elapsed time (seconds) = 103.030 

Total DRAM available = 31789.570 MB.
DRAM currently available = 19781.395 MB.
Maximum ngspice program size =  421.195 MB.
Current ngspice program size =  354.539 MB.

Shared ngspice pages =   11.480 MB.
Text (code) pages =    6.520 MB.
Stack = 0 bytes.
Library pages =  399.031 MB.

