
Note: No compatibility mode selected!


Circuit: * wrom0 -- isolated measurement of column 10 with real parasitic c

Doing analysis at TEMP = 100.000000 and TNOM = 27.000000

Using SPARSE 1.3 as Direct Linear Solver

Initial Transient Solution
--------------------------

Node                                   Voltage
----                                   -------
vdd                                        1.6
gnd_uq0                                      0
precharge                                    0
wl_0_0                                     1.6
wl_0_1                                     1.6
wl_0_2                                     1.6
wl_0_3                                     1.6
wl_0_4                                     1.6
wl_0_5                                     1.6
wl_0_6                                     1.6
wl_0_7                                     1.6
wl_0_8                                     1.6
wl_0_9                                     1.6
wl_0_10                                    1.6
wl_0_11                                    1.6
wl_0_12                                    1.6
wl_0_13                                    1.6
wl_0_14                                    1.6
wl_0_15                                    1.6
wl_0_16                                    1.6
wl_0_17                                    1.6
wl_0_18                                    1.6
wl_0_19                                    1.6
wl_0_20                                    1.6
wl_0_21                                    1.6
wl_0_22                                    1.6
wl_0_23                                    1.6
wl_0_24                                    1.6
wl_0_25                                    1.6
wl_0_26                                    1.6
wl_0_27                                    1.6
wl_0_28                                    1.6
wl_0_29                                    1.6
wl_0_30                                    1.6
wl_0_31                                    1.6
wl_0_32                                    1.6
wl_0_33                                    1.6
wl_0_34                                    1.6
wl_0_35                                    1.6
wl_0_36                                    1.6
wl_0_37                                    1.6
wl_0_38                                    1.6
wl_0_39                                    1.6
wl_0_40                                    1.6
wl_0_41                                    1.6
wl_0_42                                    1.6
wl_0_43                                    1.6
wl_0_44                                    1.6
wl_0_45                                    1.6
wl_0_46                                    1.6
wl_0_47                                    1.6
wl_0_48                                    1.6
wl_0_49                                    1.6
wl_0_50                                    1.6
wl_0_51                                    1.6
wl_0_52                                    1.6
wl_0_53                                    1.6
wl_0_54                                    1.6
wl_0_55                                    1.6
wl_0_56                                    1.6
wl_0_57                                    1.6
wl_0_58                                    1.6
wl_0_59                                    1.6
wl_0_60                                    1.6
wl_0_61                                    1.6
wl_0_62                                    1.6
wl_0_63                                    1.6
wl_0_64                                    1.6
wl_0_65                                    1.6
wl_0_66                                    1.6
wl_0_67                                    1.6
wl_0_68                                    1.6
wl_0_69                                    1.6
wl_0_70                                    1.6
wl_0_71                                    1.6
wl_0_72                                    1.6
wl_0_73                                    1.6
wl_0_74                                    1.6
wl_0_75                                    1.6
wl_0_76                                    1.6
wl_0_77                                    1.6
wl_0_78                                    1.6
wl_0_79                                    1.6
wl_0_80                                    1.6
wl_0_81                                    1.6
wl_0_82                                    1.6
wl_0_83                                    1.6
wl_0_84                                    1.6
wl_0_85                                    1.6
wl_0_86                                    1.6
wl_0_87                                    1.6
wl_0_88                                    1.6
wl_0_89                                    1.6
wl_0_90                                    1.6
wl_0_91                                    1.6
wl_0_92                                    1.6
wl_0_93                                    1.6
wl_0_94                                    1.6
wl_0_95                                    1.6
wl_0_96                                    1.6
wl_0_97                                    1.6
wl_0_98                                    1.6
wl_0_99                                    1.6
wl_0_100                                   1.6
wl_0_101                                   1.6
wl_0_102                                   1.6
wl_0_103                                   1.6
wl_0_104                                   1.6
wl_0_105                                   1.6
wl_0_106                                   1.6
wl_0_107                                   1.6
wl_0_108                                   1.6
wl_0_109                                   1.6
wl_0_110                                   1.6
wl_0_111                                   1.6
wl_0_112                                   1.6
wl_0_113                                   1.6
wl_0_114                                   1.6
wl_0_115                                   1.6
wl_0_116                                   1.6
wl_0_117                                   1.6
wl_0_118                                   1.6
wl_0_119                                   1.6
wl_0_120                                   1.6
wl_0_121                                   1.6
wl_0_122                                   1.6
wl_0_123                                   1.6
wl_0_124                                   1.6
wl_0_125                                   1.6
wl_0_126                                   1.6
wl_0_127                                   1.6
wl_0_128                                   1.6
wl_0_129                                   1.6
wl_0_130                                   1.6
wl_0_131                                   1.6
wl_0_132                                   1.6
bl_0_10                                    1.6
bl_b                               3.46871e-07
wrom0_rom_base_one_cell_16873/d         1.02206
bl_0_10_r                                  1.6
wrom0_rom_base_one_cell_16738/d         0.97951
wrom0_rom_base_one_cell_16873/d_r1         1.02206
wrom0_rom_base_one_cell_16056/d        0.959726
wrom0_rom_base_one_cell_16738/d_r2        0.979509
wrom0_rom_base_one_cell_15921/d        0.946551
wrom0_rom_base_one_cell_16056/d_r3        0.959726
wrom0_rom_base_one_cell_15656/d        0.936772
wrom0_rom_base_one_cell_15921/d_r4        0.946551
wrom0_rom_base_one_cell_15528/d        0.928962
wrom0_rom_base_one_cell_15656/d_r5        0.936772
wrom0_rom_base_one_cell_15401/d         0.92247
wrom0_rom_base_one_cell_15528/d_r6        0.928962
wrom0_rom_base_one_cell_15270/d         0.91692
wrom0_rom_base_one_cell_15401/d_r7        0.922469
wrom0_rom_base_one_cell_14492/d        0.912289
wrom0_rom_base_one_cell_15270/d_r8         0.91692
wrom0_rom_base_one_cell_13543/d        0.908396
wrom0_rom_base_one_cell_14492/d_r9        0.912289
wrom0_rom_base_one_cell_13055/d        0.904982
wrom0_rom_base_one_cell_13543/d_r10        0.908396
wrom0_rom_base_one_cell_12664/d        0.901925
wrom0_rom_base_one_cell_13055/d_r11        0.904981
wrom0_rom_base_one_cell_12395/d         0.89914
wrom0_rom_base_one_cell_12664/d_r12        0.901925
wrom0_rom_base_one_cell_12269/d        0.896557
wrom0_rom_base_one_cell_12395/d_r13         0.89914
wrom0_rom_base_one_cell_11906/d        0.894205
wrom0_rom_base_one_cell_12269/d_r14        0.896557
wrom0_rom_base_one_cell_11764/d        0.892002
wrom0_rom_base_one_cell_11906/d_r15        0.894204
wrom0_rom_base_one_cell_11603/d        0.889932
wrom0_rom_base_one_cell_11764/d_r16        0.892002
wrom0_rom_base_one_cell_11455/d        0.887982
wrom0_rom_base_one_cell_11603/d_r17        0.889932
wrom0_rom_base_one_cell_11194/d         0.88616
wrom0_rom_base_one_cell_11455/d_r18        0.887981
wrom0_rom_base_one_cell_11078/d        0.884433
wrom0_rom_base_one_cell_11194/d_r19        0.886159
wrom0_rom_base_one_cell_9611/s        0.882792
wrom0_rom_base_one_cell_11078/d_r20        0.884433
wrom0_rom_base_one_cell_9611/d        0.881426
wrom0_rom_base_one_cell_9611/s_r21        0.882792
wrom0_rom_base_one_cell_9367/d        0.880139
wrom0_rom_base_one_cell_9611/d_r22        0.881426
wrom0_rom_base_one_cell_8974/d        0.878942
wrom0_rom_base_one_cell_9367/d_r23        0.880138
wrom0_rom_base_one_cell_8627/d        0.877829
wrom0_rom_base_one_cell_8974/d_r24        0.878942
wrom0_rom_base_one_cell_8122/d        0.876812
wrom0_rom_base_one_cell_8627/d_r25        0.877829
wrom0_rom_base_one_cell_8000/d        0.875833
wrom0_rom_base_one_cell_8122/d_r26        0.876812
wrom0_rom_base_one_cell_7386/d        0.874958
wrom0_rom_base_one_cell_8000/d_r27        0.875833
wrom0_rom_base_one_cell_7014/d        0.874146
wrom0_rom_base_one_cell_7386/d_r28        0.874958
wrom0_rom_base_one_cell_5771/d        0.873508
wrom0_rom_base_one_cell_7014/d_r29        0.874146
wrom0_rom_base_one_cell_5656/d        0.872892
wrom0_rom_base_one_cell_5771/d_r30        0.873508
wrom0_rom_base_one_cell_5405/d        0.872314
wrom0_rom_base_one_cell_5656/d_r31        0.872892
wrom0_rom_base_one_cell_5154/d        0.871771
wrom0_rom_base_one_cell_5405/d_r32        0.872313
wrom0_rom_base_one_cell_5020/d        0.871247
wrom0_rom_base_one_cell_5154/d_r33        0.871771
wrom0_rom_base_one_cell_4778/d        0.870756
wrom0_rom_base_one_cell_5020/d_r34        0.871247
wrom0_rom_base_one_cell_4665/d        0.870283
wrom0_rom_base_one_cell_4778/d_r35        0.870756
wrom0_rom_base_one_cell_4360/d        0.869842
wrom0_rom_base_one_cell_4665/d_r36        0.870283
wrom0_rom_base_one_cell_4014/d        0.869446
wrom0_rom_base_one_cell_4360/d_r37        0.869842
wrom0_rom_base_one_cell_3251/d        0.869139
wrom0_rom_base_one_cell_4014/d_r38        0.869446
wrom0_rom_base_one_cell_3109/d        0.868844
wrom0_rom_base_one_cell_3251/d_r39        0.869138
wrom0_rom_base_one_cell_2975/d        0.868563
wrom0_rom_base_one_cell_3109/d_r40        0.868844
wrom0_rom_base_one_cell_2864/d        0.868295
wrom0_rom_base_one_cell_2975/d_r41        0.868563
wrom0_rom_base_one_cell_2212/d        0.868096
wrom0_rom_base_one_cell_2864/d_r42        0.868295
wrom0_rom_base_one_cell_1958/d        0.867924
wrom0_rom_base_one_cell_2212/d_r43        0.868096
wrom0_rom_base_one_cell_781/s         0.867805
wrom0_rom_base_one_cell_1958/d_r44        0.867924
wrom0_rom_base_one_cell_781/d         0.867755
wrom0_rom_base_one_cell_781/s_r45        0.867805
wrom0_rom_base_one_cell_646/d         0.867715
wrom0_rom_base_one_cell_781/d_r46        0.867755
wrom0_rom_base_one_cell_646/d_r47        0.867715
vwl132#branch                                0
vwl131#branch                                0
vwl130#branch                                0
vwl129#branch                                0
vwl128#branch                                0
vwl127#branch                                0
vwl126#branch                                0
vwl125#branch                                0
vwl124#branch                                0
vwl123#branch                                0
vwl122#branch                                0
vwl121#branch                                0
vwl120#branch                                0
vwl119#branch                                0
vwl118#branch                                0
vwl117#branch                                0
vwl116#branch                                0
vwl115#branch                                0
vwl114#branch                                0
vwl113#branch                                0
vwl112#branch                                0
vwl111#branch                                0
vwl110#branch                                0
vwl109#branch                                0
vwl108#branch                                0
vwl107#branch                                0
vwl106#branch                                0
vwl105#branch                                0
vwl104#branch                                0
vwl103#branch                                0
vwl102#branch                                0
vwl101#branch                                0
vwl100#branch                                0
vwl99#branch                                 0
vwl98#branch                                 0
vwl97#branch                                 0
vwl96#branch                                 0
vwl95#branch                                 0
vwl94#branch                                 0
vwl93#branch                                 0
vwl92#branch                                 0
vwl91#branch                                 0
vwl90#branch                                 0
vwl89#branch                                 0
vwl88#branch                                 0
vwl87#branch                                 0
vwl86#branch                                 0
vwl85#branch                                 0
vwl84#branch                                 0
vwl83#branch                                 0
vwl82#branch                                 0
vwl81#branch                                 0
vwl80#branch                                 0
vwl79#branch                                 0
vwl78#branch                                 0
vwl77#branch                                 0
vwl76#branch                                 0
vwl75#branch                                 0
vwl74#branch                                 0
vwl73#branch                                 0
vwl72#branch                                 0
vwl71#branch                                 0
vwl70#branch                                 0
vwl69#branch                                 0
vwl68#branch                                 0
vwl67#branch                                 0
vwl66#branch                                 0
vwl65#branch                                 0
vwl64#branch                                 0
vwl63#branch                                 0
vwl62#branch                                 0
vwl61#branch                                 0
vwl60#branch                                 0
vwl59#branch                                 0
vwl58#branch                                 0
vwl57#branch                                 0
vwl56#branch                                 0
vwl55#branch                                 0
vwl54#branch                                 0
vwl53#branch                                 0
vwl52#branch                                 0
vwl51#branch                                 0
vwl50#branch                                 0
vwl49#branch                                 0
vwl48#branch                                 0
vwl47#branch                                 0
vwl46#branch                                 0
vwl45#branch                                 0
vwl44#branch                                 0
vwl43#branch                                 0
vwl42#branch                                 0
vwl41#branch                                 0
vwl40#branch                                 0
vwl39#branch                                 0
vwl38#branch                                 0
vwl37#branch                                 0
vwl36#branch                                 0
vwl35#branch                                 0
vwl34#branch                                 0
vwl33#branch                                 0
vwl32#branch                                 0
vwl31#branch                                 0
vwl30#branch                                 0
vwl29#branch                                 0
vwl28#branch                                 0
vwl27#branch                                 0
vwl26#branch                                 0
vwl25#branch                                 0
vwl24#branch                                 0
vwl23#branch                                 0
vwl22#branch                                 0
vwl21#branch                                 0
vwl20#branch                                 0
vwl19#branch                                 0
vwl18#branch                                 0
vwl17#branch                                 0
vwl16#branch                                 0
vwl15#branch                                 0
vwl14#branch                                 0
vwl13#branch                                 0
vwl12#branch                                 0
vwl11#branch                                 0
vwl10#branch                                 0
vwl9#branch                                  0
vwl8#branch                                  0
vwl7#branch                                  0
vwl6#branch                                  0
vwl5#branch                                  0
vwl4#branch                                  0
vwl3#branch                                  0
vwl2#branch                                  0
vwl1#branch                                  0
vwl0#branch                                  0
vprecharge#branch                            0
vgndgnd_uq0#branch                 1.78189e-13
vvdd#branch                       -5.03704e-10


No. of Data Rows : 30058

  Measurements for Transient Analysis

t_dis_50            =  2.350214e-08 targ=  5.023552e-06 trig=  5.000050e-06
t_dis_10            =  4.452049e-08 targ=  5.044570e-06 trig=  5.000050e-06
t_dis_50_prev       =  2.350214e-08 targ=  3.023552e-06 trig=  3.000050e-06
t_pre_50            =  4.649527e-10 targ=  4.000515e-06 trig=  4.000050e-06
t_pre_90            =  1.015687e-09 targ=  4.001066e-06 trig=  4.000050e-06
t_pre_99            =  1.857634e-08 targ=  4.018626e-06 trig=  4.000050e-06


Total analysis time (seconds) = 15.8487

Total elapsed time (seconds) = 72.402 

Total DRAM available = 31789.566 MB.
DRAM currently available = 14451.816 MB.
Maximum ngspice program size =  421.164 MB.
Current ngspice program size =  354.711 MB.

Shared ngspice pages =   11.684 MB.
Text (code) pages =    6.520 MB.
Stack = 0 bytes.
Library pages =  399.000 MB.

