
Note: No compatibility mode selected!


Circuit: * wrom0 -- gercek parazitik c ile kolon 236 izole olcum

Doing analysis at TEMP = -40.000000 and TNOM = 27.000000

Using SPARSE 1.3 as Direct Linear Solver
Note: Starting dynamic gmin stepping
Note: Dynamic gmin stepping completed

Initial Transient Solution
--------------------------

Node                                   Voltage
----                                   -------
vdd                                       1.95
gnd_uq0                                      0
precharge                                    0
wl_0_0                                    1.95
wl_0_1                                    1.95
wl_0_2                                    1.95
wl_0_3                                    1.95
wl_0_4                                    1.95
wl_0_5                                    1.95
wl_0_6                                    1.95
wl_0_7                                    1.95
wl_0_8                                    1.95
wl_0_9                                    1.95
wl_0_10                                   1.95
wl_0_11                                   1.95
wl_0_12                                   1.95
wl_0_13                                   1.95
wl_0_14                                   1.95
wl_0_15                                   1.95
wl_0_16                                   1.95
wl_0_17                                   1.95
wl_0_18                                   1.95
wl_0_19                                   1.95
wl_0_20                                   1.95
wl_0_21                                   1.95
wl_0_22                                   1.95
wl_0_23                                   1.95
wl_0_24                                   1.95
wl_0_25                                   1.95
wl_0_26                                   1.95
wl_0_27                                   1.95
wl_0_28                                   1.95
wl_0_29                                   1.95
wl_0_30                                   1.95
wl_0_31                                   1.95
wl_0_32                                   1.95
wl_0_33                                   1.95
wl_0_34                                   1.95
wl_0_35                                   1.95
wl_0_36                                   1.95
wl_0_37                                   1.95
wl_0_38                                   1.95
wl_0_39                                   1.95
wl_0_40                                   1.95
wl_0_41                                   1.95
wl_0_42                                   1.95
wl_0_43                                   1.95
wl_0_44                                   1.95
wl_0_45                                   1.95
wl_0_46                                   1.95
wl_0_47                                   1.95
wl_0_48                                   1.95
wl_0_49                                   1.95
wl_0_50                                   1.95
wl_0_51                                   1.95
wl_0_52                                   1.95
wl_0_53                                   1.95
wl_0_54                                   1.95
wl_0_55                                   1.95
wl_0_56                                   1.95
wl_0_57                                   1.95
wl_0_58                                   1.95
wl_0_59                                   1.95
wl_0_60                                   1.95
wl_0_61                                   1.95
wl_0_62                                   1.95
wl_0_63                                   1.95
wl_0_64                                   1.95
wl_0_65                                   1.95
wl_0_66                                   1.95
wl_0_67                                   1.95
wl_0_68                                   1.95
wl_0_69                                   1.95
wl_0_70                                   1.95
wl_0_71                                   1.95
wl_0_72                                   1.95
wl_0_73                                   1.95
wl_0_74                                   1.95
wl_0_75                                   1.95
wl_0_76                                   1.95
wl_0_77                                   1.95
wl_0_78                                   1.95
wl_0_79                                   1.95
wl_0_80                                   1.95
wl_0_81                                   1.95
wl_0_82                                   1.95
wl_0_83                                   1.95
wl_0_84                                   1.95
wl_0_85                                   1.95
wl_0_86                                   1.95
wl_0_87                                   1.95
wl_0_88                                   1.95
wl_0_89                                   1.95
wl_0_90                                   1.95
wl_0_91                                   1.95
wl_0_92                                   1.95
wl_0_93                                   1.95
wl_0_94                                   1.95
wl_0_95                                   1.95
wl_0_96                                   1.95
wl_0_97                                   1.95
wl_0_98                                   1.95
wl_0_99                                   1.95
wl_0_100                                  1.95
wl_0_101                                  1.95
wl_0_102                                  1.95
wl_0_103                                  1.95
wl_0_104                                  1.95
wl_0_105                                  1.95
wl_0_106                                  1.95
wl_0_107                                  1.95
wl_0_108                                  1.95
wl_0_109                                  1.95
wl_0_110                                  1.95
wl_0_111                                  1.95
wl_0_112                                  1.95
wl_0_113                                  1.95
wl_0_114                                  1.95
wl_0_115                                  1.95
wl_0_116                                  1.95
wl_0_117                                  1.95
wl_0_118                                  1.95
wl_0_119                                  1.95
wl_0_120                                  1.95
wl_0_121                                  1.95
wl_0_122                                  1.95
wl_0_123                                  1.95
wl_0_124                                  1.95
wl_0_125                                  1.95
wl_0_126                                  1.95
wl_0_127                                  1.95
wl_0_128                                  1.95
wl_0_129                                  1.95
wl_0_130                                  1.95
wl_0_131                                  1.95
wl_0_132                                  1.95
bl_0_236                                  1.95
bl_b                               3.46052e-08
wrom0_rom_base_one_cell_17189/d         1.45735
wrom0_rom_base_one_cell_16890/d         1.41102
wrom0_rom_base_one_cell_16605/d         1.39408
wrom0_rom_base_one_cell_16467/d         1.38371
wrom0_rom_base_one_cell_16198/d         1.37632
wrom0_rom_base_one_cell_15938/d          1.3706
wrom0_rom_base_one_cell_15546/d         1.36598
wrom0_rom_base_one_cell_15420/d         1.36207
wrom0_rom_base_one_cell_15289/d         1.35868
wrom0_rom_base_one_cell_15136/d         1.35568
wrom0_rom_base_one_cell_15000/d         1.35301
wrom0_rom_base_one_cell_14762/d         1.35061
wrom0_rom_base_one_cell_14639/d         1.34843
wrom0_rom_base_one_cell_14242/d         1.34646
wrom0_rom_base_one_cell_14119/d         1.34463
wrom0_rom_base_one_cell_13984/d         1.34293
wrom0_rom_base_one_cell_13851/d         1.34135
wrom0_rom_base_one_cell_13712/d         1.33986
wrom0_rom_base_one_cell_13558/d         1.33847
wrom0_rom_base_one_cell_13325/d         1.33716
wrom0_rom_base_one_cell_13074/d         1.33593
wrom0_rom_base_one_cell_12937/d         1.33477
wrom0_rom_base_one_cell_12821/d         1.33367
wrom0_rom_base_one_cell_12414/d         1.33263
wrom0_rom_base_one_cell_12032/d         1.33167
wrom0_rom_base_one_cell_11925/d         1.33074
wrom0_rom_base_one_cell_11621/d         1.32986
wrom0_rom_base_one_cell_11477/d         1.32902
wrom0_rom_base_one_cell_11334/d         1.32821
wrom0_rom_base_one_cell_11210/d         1.32744
wrom0_rom_base_one_cell_10842/d          1.3267
wrom0_rom_base_one_cell_10591/d         1.32601
wrom0_rom_base_one_cell_10478/d         1.32533
wrom0_rom_base_one_cell_9969/s         1.32469
wrom0_rom_base_one_cell_9969/d         1.32407
wrom0_rom_base_one_cell_9836/d         1.32348
wrom0_rom_base_one_cell_9626/d         1.32292
wrom0_rom_base_one_cell_9379/d         1.32238
wrom0_rom_base_one_cell_8987/d         1.32187
wrom0_rom_base_one_cell_8779/d         1.32138
wrom0_rom_base_one_cell_8641/d         1.32091
wrom0_rom_base_one_cell_8384/d         1.32046
wrom0_rom_base_one_cell_8018/d         1.32004
wrom0_rom_base_one_cell_7883/d         1.31963
wrom0_rom_base_one_cell_7523/d         1.31924
wrom0_rom_base_one_cell_7405/d         1.31887
wrom0_rom_base_one_cell_7272/d         1.31851
wrom0_rom_base_one_cell_7147/d         1.31816
wrom0_rom_base_one_cell_7034/d         1.31782
wrom0_rom_base_one_cell_6896/d         1.31749
wrom0_rom_base_one_cell_6317/d         1.31719
wrom0_rom_base_one_cell_6176/d          1.3169
wrom0_rom_base_one_cell_6050/d         1.31662
wrom0_rom_base_one_cell_5926/d         1.31635
wrom0_rom_base_one_cell_5553/d          1.3161
wrom0_rom_base_one_cell_5423/d         1.31586
wrom0_rom_base_one_cell_5295/d         1.31562
wrom0_rom_base_one_cell_4918/d         1.31541
wrom0_rom_base_one_cell_4682/d         1.31521
wrom0_rom_base_one_cell_4379/d         1.31502
wrom0_rom_base_one_cell_4032/d         1.31484
wrom0_rom_base_one_cell_3917/d         1.31468
wrom0_rom_base_one_cell_3762/d         1.31452
wrom0_rom_base_one_cell_3657/d         1.31437
wrom0_rom_base_one_cell_3535/d         1.31422
wrom0_rom_base_one_cell_3412/d         1.31408
wrom0_rom_base_one_cell_3128/d         1.31396
wrom0_rom_base_one_cell_2732/d         1.31385
wrom0_rom_base_one_cell_2481/d         1.31375
wrom0_rom_base_one_cell_2230/d         1.31366
wrom0_rom_base_one_cell_1825/d         1.31359
wrom0_rom_base_one_cell_1700/d         1.31352
wrom0_rom_base_one_cell_1581/d         1.31346
wrom0_rom_base_one_cell_1444/d          1.3134
wrom0_rom_base_zero_cell_894/s         1.31335
wrom0_rom_base_one_cell_919/s          1.31332
wrom0_rom_base_one_cell_919/d          1.31328
wrom0_rom_base_one_cell_794/d          1.31326
wrom0_rom_base_one_cell_664/d          1.31323
wrom0_rom_base_one_cell_512/d          1.31322
wrom0_rom_base_zero_cell_9/s           1.31321
vwl132#branch                                0
vwl131#branch                                0
vwl130#branch                                0
vwl129#branch                                0
vwl128#branch                                0
vwl127#branch                                0
vwl126#branch                                0
vwl125#branch                                0
vwl124#branch                                0
vwl123#branch                                0
vwl122#branch                                0
vwl121#branch                                0
vwl120#branch                                0
vwl119#branch                                0
vwl118#branch                                0
vwl117#branch                                0
vwl116#branch                                0
vwl115#branch                                0
vwl114#branch                                0
vwl113#branch                                0
vwl112#branch                                0
vwl111#branch                                0
vwl110#branch                                0
vwl109#branch                                0
vwl108#branch                                0
vwl107#branch                                0
vwl106#branch                                0
vwl105#branch                                0
vwl104#branch                                0
vwl103#branch                                0
vwl102#branch                                0
vwl101#branch                                0
vwl100#branch                                0
vwl99#branch                                 0
vwl98#branch                                 0
vwl97#branch                                 0
vwl96#branch                                 0
vwl95#branch                                 0
vwl94#branch                                 0
vwl93#branch                                 0
vwl92#branch                                 0
vwl91#branch                                 0
vwl90#branch                                 0
vwl89#branch                                 0
vwl88#branch                                 0
vwl87#branch                                 0
vwl86#branch                                 0
vwl85#branch                                 0
vwl84#branch                                 0
vwl83#branch                                 0
vwl82#branch                                 0
vwl81#branch                                 0
vwl80#branch                                 0
vwl79#branch                                 0
vwl78#branch                                 0
vwl77#branch                                 0
vwl76#branch                                 0
vwl75#branch                                 0
vwl74#branch                                 0
vwl73#branch                                 0
vwl72#branch                                 0
vwl71#branch                                 0
vwl70#branch                                 0
vwl69#branch                                 0
vwl68#branch                                 0
vwl67#branch                                 0
vwl66#branch                                 0
vwl65#branch                                 0
vwl64#branch                                 0
vwl63#branch                                 0
vwl62#branch                                 0
vwl61#branch                                 0
vwl60#branch                                 0
vwl59#branch                                 0
vwl58#branch                                 0
vwl57#branch                                 0
vwl56#branch                                 0
vwl55#branch                                 0
vwl54#branch                                 0
vwl53#branch                                 0
vwl52#branch                                 0
vwl51#branch                                 0
vwl50#branch                                 0
vwl49#branch                                 0
vwl48#branch                                 0
vwl47#branch                                 0
vwl46#branch                                 0
vwl45#branch                                 0
vwl44#branch                                 0
vwl43#branch                                 0
vwl42#branch                                 0
vwl41#branch                                 0
vwl40#branch                                 0
vwl39#branch                                 0
vwl38#branch                                 0
vwl37#branch                                 0
vwl36#branch                                 0
vwl35#branch                                 0
vwl34#branch                                 0
vwl33#branch                                 0
vwl32#branch                                 0
vwl31#branch                                 0
vwl30#branch                                 0
vwl29#branch                                 0
vwl28#branch                                 0
vwl27#branch                                 0
vwl26#branch                                 0
vwl25#branch                                 0
vwl24#branch                                 0
vwl23#branch                                 0
vwl22#branch                                 0
vwl21#branch                                 0
vwl20#branch                                 0
vwl19#branch                                 0
vwl18#branch                                 0
vwl17#branch                                 0
vwl16#branch                                 0
vwl15#branch                                 0
vwl14#branch                                 0
vwl13#branch                                 0
vwl12#branch                                 0
vwl11#branch                                 0
vwl10#branch                                 0
vwl9#branch                                  0
vwl8#branch                                  0
vwl7#branch                                  0
vwl6#branch                                  0
vwl5#branch                                  0
vwl4#branch                                  0
vwl3#branch                                  0
vwl2#branch                                  0
vwl1#branch                                  0
vwl0#branch                                  0
vprecharge#branch                            0
vgndgnd_uq0#branch                 7.50635e-15
vvdd#branch                       -1.53593e-10


No. of Data Rows : 4028

  Measurements for Transient Analysis

t_dis_50            =  6.955908e-09 targ=  1.070059e-07 trig=  1.000500e-07
t_dis_10            =  1.496020e-08 targ=  1.150102e-07 trig=  1.000500e-07
t_pre_90            =  4.380252e-10 targ=  2.004880e-07 trig=  2.000500e-07
t_pre_99            =  9.486388e-09 targ=  2.095364e-07 trig=  2.000500e-07


Total analysis time (seconds) = 3.75243

Total elapsed time (seconds) = 156.013 

Total DRAM available = 31789.582 MB.
DRAM currently available = 2126.418 MB.
Maximum ngspice program size =  419.891 MB.
Current ngspice program size =  353.027 MB.

Shared ngspice pages =   11.273 MB.
Text (code) pages =    6.520 MB.
Stack = 0 bytes.
Library pages =  397.727 MB.

