
Note: No compatibility mode selected!


Circuit: * wrom0 -- gercek parazitik c ile kolon 236 izole olcum

Doing analysis at TEMP = 27.000000 and TNOM = 27.000000

Using SPARSE 1.3 as Direct Linear Solver
Note: Starting dynamic gmin stepping
Note: Dynamic gmin stepping completed

Initial Transient Solution
--------------------------

Node                                   Voltage
----                                   -------
vdd                                        1.8
gnd_uq0                                      0
precharge                                    0
wl_0_0                                     1.8
wl_0_1                                     1.8
wl_0_2                                     1.8
wl_0_3                                     1.8
wl_0_4                                     1.8
wl_0_5                                     1.8
wl_0_6                                     1.8
wl_0_7                                     1.8
wl_0_8                                     1.8
wl_0_9                                     1.8
wl_0_10                                    1.8
wl_0_11                                    1.8
wl_0_12                                    1.8
wl_0_13                                    1.8
wl_0_14                                    1.8
wl_0_15                                    1.8
wl_0_16                                    1.8
wl_0_17                                    1.8
wl_0_18                                    1.8
wl_0_19                                    1.8
wl_0_20                                    1.8
wl_0_21                                    1.8
wl_0_22                                    1.8
wl_0_23                                    1.8
wl_0_24                                    1.8
wl_0_25                                    1.8
wl_0_26                                    1.8
wl_0_27                                    1.8
wl_0_28                                    1.8
wl_0_29                                    1.8
wl_0_30                                    1.8
wl_0_31                                    1.8
wl_0_32                                    1.8
wl_0_33                                    1.8
wl_0_34                                    1.8
wl_0_35                                    1.8
wl_0_36                                    1.8
wl_0_37                                    1.8
wl_0_38                                    1.8
wl_0_39                                    1.8
wl_0_40                                    1.8
wl_0_41                                    1.8
wl_0_42                                    1.8
wl_0_43                                    1.8
wl_0_44                                    1.8
wl_0_45                                    1.8
wl_0_46                                    1.8
wl_0_47                                    1.8
wl_0_48                                    1.8
wl_0_49                                    1.8
wl_0_50                                    1.8
wl_0_51                                    1.8
wl_0_52                                    1.8
wl_0_53                                    1.8
wl_0_54                                    1.8
wl_0_55                                    1.8
wl_0_56                                    1.8
wl_0_57                                    1.8
wl_0_58                                    1.8
wl_0_59                                    1.8
wl_0_60                                    1.8
wl_0_61                                    1.8
wl_0_62                                    1.8
wl_0_63                                    1.8
wl_0_64                                    1.8
wl_0_65                                    1.8
wl_0_66                                    1.8
wl_0_67                                    1.8
wl_0_68                                    1.8
wl_0_69                                    1.8
wl_0_70                                    1.8
wl_0_71                                    1.8
wl_0_72                                    1.8
wl_0_73                                    1.8
wl_0_74                                    1.8
wl_0_75                                    1.8
wl_0_76                                    1.8
wl_0_77                                    1.8
wl_0_78                                    1.8
wl_0_79                                    1.8
wl_0_80                                    1.8
wl_0_81                                    1.8
wl_0_82                                    1.8
wl_0_83                                    1.8
wl_0_84                                    1.8
wl_0_85                                    1.8
wl_0_86                                    1.8
wl_0_87                                    1.8
wl_0_88                                    1.8
wl_0_89                                    1.8
wl_0_90                                    1.8
wl_0_91                                    1.8
wl_0_92                                    1.8
wl_0_93                                    1.8
wl_0_94                                    1.8
wl_0_95                                    1.8
wl_0_96                                    1.8
wl_0_97                                    1.8
wl_0_98                                    1.8
wl_0_99                                    1.8
wl_0_100                                   1.8
wl_0_101                                   1.8
wl_0_102                                   1.8
wl_0_103                                   1.8
wl_0_104                                   1.8
wl_0_105                                   1.8
wl_0_106                                   1.8
wl_0_107                                   1.8
wl_0_108                                   1.8
wl_0_109                                   1.8
wl_0_110                                   1.8
wl_0_111                                   1.8
wl_0_112                                   1.8
wl_0_113                                   1.8
wl_0_114                                   1.8
wl_0_115                                   1.8
wl_0_116                                   1.8
wl_0_117                                   1.8
wl_0_118                                   1.8
wl_0_119                                   1.8
wl_0_120                                   1.8
wl_0_121                                   1.8
wl_0_122                                   1.8
wl_0_123                                   1.8
wl_0_124                                   1.8
wl_0_125                                   1.8
wl_0_126                                   1.8
wl_0_127                                   1.8
wl_0_128                                   1.8
wl_0_129                                   1.8
wl_0_130                                   1.8
wl_0_131                                   1.8
wl_0_132                                   1.8
bl_0_236                                   1.8
bl_b                               1.61314e-07
wrom0_rom_base_one_cell_17189/d         1.26152
wrom0_rom_base_one_cell_16890/d         1.21837
wrom0_rom_base_one_cell_16605/d         1.20028
wrom0_rom_base_one_cell_16467/d         1.18876
wrom0_rom_base_one_cell_16198/d          1.1804
wrom0_rom_base_one_cell_15938/d         1.17386
wrom0_rom_base_one_cell_15546/d         1.16856
wrom0_rom_base_one_cell_15420/d         1.16404
wrom0_rom_base_one_cell_15289/d         1.16012
wrom0_rom_base_one_cell_15136/d         1.15665
wrom0_rom_base_one_cell_15000/d         1.15355
wrom0_rom_base_one_cell_14762/d         1.15077
wrom0_rom_base_one_cell_14639/d         1.14823
wrom0_rom_base_one_cell_14242/d         1.14594
wrom0_rom_base_one_cell_14119/d         1.14382
wrom0_rom_base_one_cell_13984/d         1.14184
wrom0_rom_base_one_cell_13851/d            1.14
wrom0_rom_base_one_cell_13712/d         1.13827
wrom0_rom_base_one_cell_13558/d         1.13665
wrom0_rom_base_one_cell_13325/d         1.13513
wrom0_rom_base_one_cell_13074/d         1.13371
wrom0_rom_base_one_cell_12937/d         1.13236
wrom0_rom_base_one_cell_12821/d         1.13107
wrom0_rom_base_one_cell_12414/d         1.12987
wrom0_rom_base_one_cell_12032/d         1.12875
wrom0_rom_base_one_cell_11925/d         1.12768
wrom0_rom_base_one_cell_11621/d         1.12666
wrom0_rom_base_one_cell_11477/d         1.12569
wrom0_rom_base_one_cell_11334/d         1.12475
wrom0_rom_base_one_cell_11210/d         1.12385
wrom0_rom_base_one_cell_10842/d           1.123
wrom0_rom_base_one_cell_10591/d         1.12219
wrom0_rom_base_one_cell_10478/d         1.12141
wrom0_rom_base_one_cell_9969/s         1.12066
wrom0_rom_base_one_cell_9969/d         1.11995
wrom0_rom_base_one_cell_9836/d         1.11927
wrom0_rom_base_one_cell_9626/d         1.11862
wrom0_rom_base_one_cell_9379/d         1.11799
wrom0_rom_base_one_cell_8987/d          1.1174
wrom0_rom_base_one_cell_8779/d         1.11684
wrom0_rom_base_one_cell_8641/d          1.1163
wrom0_rom_base_one_cell_8384/d         1.11578
wrom0_rom_base_one_cell_8018/d         1.11529
wrom0_rom_base_one_cell_7883/d         1.11482
wrom0_rom_base_one_cell_7523/d         1.11437
wrom0_rom_base_one_cell_7405/d         1.11394
wrom0_rom_base_one_cell_7272/d         1.11352
wrom0_rom_base_one_cell_7147/d         1.11312
wrom0_rom_base_one_cell_7034/d         1.11272
wrom0_rom_base_one_cell_6896/d         1.11234
wrom0_rom_base_one_cell_6317/d           1.112
wrom0_rom_base_one_cell_6176/d         1.11167
wrom0_rom_base_one_cell_6050/d         1.11135
wrom0_rom_base_one_cell_5926/d         1.11103
wrom0_rom_base_one_cell_5553/d         1.11075
wrom0_rom_base_one_cell_5423/d         1.11047
wrom0_rom_base_one_cell_5295/d          1.1102
wrom0_rom_base_one_cell_4918/d         1.10995
wrom0_rom_base_one_cell_4682/d         1.10972
wrom0_rom_base_one_cell_4379/d          1.1095
wrom0_rom_base_one_cell_4032/d          1.1093
wrom0_rom_base_one_cell_3917/d         1.10911
wrom0_rom_base_one_cell_3762/d         1.10893
wrom0_rom_base_one_cell_3657/d         1.10875
wrom0_rom_base_one_cell_3535/d         1.10858
wrom0_rom_base_one_cell_3412/d         1.10842
wrom0_rom_base_one_cell_3128/d         1.10828
wrom0_rom_base_one_cell_2732/d         1.10815
wrom0_rom_base_one_cell_2481/d         1.10803
wrom0_rom_base_one_cell_2230/d         1.10793
wrom0_rom_base_one_cell_1825/d         1.10785
wrom0_rom_base_one_cell_1700/d         1.10777
wrom0_rom_base_one_cell_1581/d          1.1077
wrom0_rom_base_one_cell_1444/d         1.10764
wrom0_rom_base_zero_cell_894/s         1.10758
wrom0_rom_base_one_cell_919/s          1.10754
wrom0_rom_base_one_cell_919/d           1.1075
wrom0_rom_base_one_cell_794/d          1.10747
wrom0_rom_base_one_cell_664/d          1.10744
wrom0_rom_base_one_cell_512/d          1.10742
wrom0_rom_base_zero_cell_9/s           1.10741
vwl132#branch                                0
vwl131#branch                                0
vwl130#branch                                0
vwl129#branch                                0
vwl128#branch                                0
vwl127#branch                                0
vwl126#branch                                0
vwl125#branch                                0
vwl124#branch                                0
vwl123#branch                                0
vwl122#branch                                0
vwl121#branch                                0
vwl120#branch                                0
vwl119#branch                                0
vwl118#branch                                0
vwl117#branch                                0
vwl116#branch                                0
vwl115#branch                                0
vwl114#branch                                0
vwl113#branch                                0
vwl112#branch                                0
vwl111#branch                                0
vwl110#branch                                0
vwl109#branch                                0
vwl108#branch                                0
vwl107#branch                                0
vwl106#branch                                0
vwl105#branch                                0
vwl104#branch                                0
vwl103#branch                                0
vwl102#branch                                0
vwl101#branch                                0
vwl100#branch                                0
vwl99#branch                                 0
vwl98#branch                                 0
vwl97#branch                                 0
vwl96#branch                                 0
vwl95#branch                                 0
vwl94#branch                                 0
vwl93#branch                                 0
vwl92#branch                                 0
vwl91#branch                                 0
vwl90#branch                                 0
vwl89#branch                                 0
vwl88#branch                                 0
vwl87#branch                                 0
vwl86#branch                                 0
vwl85#branch                                 0
vwl84#branch                                 0
vwl83#branch                                 0
vwl82#branch                                 0
vwl81#branch                                 0
vwl80#branch                                 0
vwl79#branch                                 0
vwl78#branch                                 0
vwl77#branch                                 0
vwl76#branch                                 0
vwl75#branch                                 0
vwl74#branch                                 0
vwl73#branch                                 0
vwl72#branch                                 0
vwl71#branch                                 0
vwl70#branch                                 0
vwl69#branch                                 0
vwl68#branch                                 0
vwl67#branch                                 0
vwl66#branch                                 0
vwl65#branch                                 0
vwl64#branch                                 0
vwl63#branch                                 0
vwl62#branch                                 0
vwl61#branch                                 0
vwl60#branch                                 0
vwl59#branch                                 0
vwl58#branch                                 0
vwl57#branch                                 0
vwl56#branch                                 0
vwl55#branch                                 0
vwl54#branch                                 0
vwl53#branch                                 0
vwl52#branch                                 0
vwl51#branch                                 0
vwl50#branch                                 0
vwl49#branch                                 0
vwl48#branch                                 0
vwl47#branch                                 0
vwl46#branch                                 0
vwl45#branch                                 0
vwl44#branch                                 0
vwl43#branch                                 0
vwl42#branch                                 0
vwl41#branch                                 0
vwl40#branch                                 0
vwl39#branch                                 0
vwl38#branch                                 0
vwl37#branch                                 0
vwl36#branch                                 0
vwl35#branch                                 0
vwl34#branch                                 0
vwl33#branch                                 0
vwl32#branch                                 0
vwl31#branch                                 0
vwl30#branch                                 0
vwl29#branch                                 0
vwl28#branch                                 0
vwl27#branch                                 0
vwl26#branch                                 0
vwl25#branch                                 0
vwl24#branch                                 0
vwl23#branch                                 0
vwl22#branch                                 0
vwl21#branch                                 0
vwl20#branch                                 0
vwl19#branch                                 0
vwl18#branch                                 0
vwl17#branch                                 0
vwl16#branch                                 0
vwl15#branch                                 0
vwl14#branch                                 0
vwl13#branch                                 0
vwl12#branch                                 0
vwl11#branch                                 0
vwl10#branch                                 0
vwl9#branch                                  0
vwl8#branch                                  0
vwl7#branch                                  0
vwl6#branch                                  0
vwl5#branch                                  0
vwl4#branch                                  0
vwl3#branch                                  0
vwl2#branch                                  0
vwl1#branch                                  0
vwl0#branch                                  0
vprecharge#branch                            0
vgndgnd_uq0#branch                  2.3108e-14
vvdd#branch                       -4.24608e-10


No. of Data Rows : 4026

  Measurements for Transient Analysis

t_dis_50            =  1.433461e-08 targ=  1.143846e-07 trig=  1.000500e-07
t_dis_10            =  2.896090e-08 targ=  1.290109e-07 trig=  1.000500e-07
t_pre_90            =  5.034592e-10 targ=  2.005535e-07 trig=  2.000500e-07
t_pre_99            =  1.210750e-08 targ=  2.121575e-07 trig=  2.000500e-07


Total analysis time (seconds) = 1.89163

Total elapsed time (seconds) = 66.652 

Total DRAM available = 31789.582 MB.
DRAM currently available = 3541.254 MB.
Maximum ngspice program size =  421.000 MB.
Current ngspice program size =  354.316 MB.

Shared ngspice pages =   11.453 MB.
Text (code) pages =    6.520 MB.
Stack = 0 bytes.
Library pages =  398.836 MB.

