
Note: No compatibility mode selected!


Circuit: * wrom0 column 236 -- active cycle energy (per column)

Doing analysis at TEMP = 100.000000 and TNOM = 27.000000

Using SPARSE 1.3 as Direct Linear Solver
Operating point simulation skipped by 'uic',
  now using transient initial conditions.

No. of Data Rows : 2559

  Measurements for Transient Analysis

q_c2                =   -2.15378e-13 from=  6.00000e-07 to=  8.00000e-07
q_c3                =   -2.15378e-13 from=  8.00000e-07 to=  1.00000e-06
e_col_pj            =  3.44604e-01


Total analysis time (seconds) = 1.28911

Total elapsed time (seconds) = 51.231 

Total DRAM available = 31789.566 MB.
DRAM currently available = 13531.492 MB.
Maximum ngspice program size =  421.242 MB.
Current ngspice program size =  354.594 MB.

Shared ngspice pages =   11.488 MB.
Text (code) pages =    6.520 MB.
Stack = 0 bytes.
Library pages =  399.078 MB.

