
Note: No compatibility mode selected!


Circuit: * wrom0 -- isolated measurement of column 236 with real parasitic c

Doing analysis at TEMP = 100.000000 and TNOM = 27.000000

Using SPARSE 1.3 as Direct Linear Solver

Initial Transient Solution
--------------------------

Node                                   Voltage
----                                   -------
vdd                                        1.6
gnd_uq0                                      0
precharge                                    0
wl_0_0                                     1.6
wl_0_1                                     1.6
wl_0_2                                     1.6
wl_0_3                                     1.6
wl_0_4                                     1.6
wl_0_5                                     1.6
wl_0_6                                     1.6
wl_0_7                                     1.6
wl_0_8                                     1.6
wl_0_9                                     1.6
wl_0_10                                    1.6
wl_0_11                                    1.6
wl_0_12                                    1.6
wl_0_13                                    1.6
wl_0_14                                    1.6
wl_0_15                                    1.6
wl_0_16                                    1.6
wl_0_17                                    1.6
wl_0_18                                    1.6
wl_0_19                                    1.6
wl_0_20                                    1.6
wl_0_21                                    1.6
wl_0_22                                    1.6
wl_0_23                                    1.6
wl_0_24                                    1.6
wl_0_25                                    1.6
wl_0_26                                    1.6
wl_0_27                                    1.6
wl_0_28                                    1.6
wl_0_29                                    1.6
wl_0_30                                    1.6
wl_0_31                                    1.6
wl_0_32                                    1.6
wl_0_33                                    1.6
wl_0_34                                    1.6
wl_0_35                                    1.6
wl_0_36                                    1.6
wl_0_37                                    1.6
wl_0_38                                    1.6
wl_0_39                                    1.6
wl_0_40                                    1.6
wl_0_41                                    1.6
wl_0_42                                    1.6
wl_0_43                                    1.6
wl_0_44                                    1.6
wl_0_45                                    1.6
wl_0_46                                    1.6
wl_0_47                                    1.6
wl_0_48                                    1.6
wl_0_49                                    1.6
wl_0_50                                    1.6
wl_0_51                                    1.6
wl_0_52                                    1.6
wl_0_53                                    1.6
wl_0_54                                    1.6
wl_0_55                                    1.6
wl_0_56                                    1.6
wl_0_57                                    1.6
wl_0_58                                    1.6
wl_0_59                                    1.6
wl_0_60                                    1.6
wl_0_61                                    1.6
wl_0_62                                    1.6
wl_0_63                                    1.6
wl_0_64                                    1.6
wl_0_65                                    1.6
wl_0_66                                    1.6
wl_0_67                                    1.6
wl_0_68                                    1.6
wl_0_69                                    1.6
wl_0_70                                    1.6
wl_0_71                                    1.6
wl_0_72                                    1.6
wl_0_73                                    1.6
wl_0_74                                    1.6
wl_0_75                                    1.6
wl_0_76                                    1.6
wl_0_77                                    1.6
wl_0_78                                    1.6
wl_0_79                                    1.6
wl_0_80                                    1.6
wl_0_81                                    1.6
wl_0_82                                    1.6
wl_0_83                                    1.6
wl_0_84                                    1.6
wl_0_85                                    1.6
wl_0_86                                    1.6
wl_0_87                                    1.6
wl_0_88                                    1.6
wl_0_89                                    1.6
wl_0_90                                    1.6
wl_0_91                                    1.6
wl_0_92                                    1.6
wl_0_93                                    1.6
wl_0_94                                    1.6
wl_0_95                                    1.6
wl_0_96                                    1.6
wl_0_97                                    1.6
wl_0_98                                    1.6
wl_0_99                                    1.6
wl_0_100                                   1.6
wl_0_101                                   1.6
wl_0_102                                   1.6
wl_0_103                                   1.6
wl_0_104                                   1.6
wl_0_105                                   1.6
wl_0_106                                   1.6
wl_0_107                                   1.6
wl_0_108                                   1.6
wl_0_109                                   1.6
wl_0_110                                   1.6
wl_0_111                                   1.6
wl_0_112                                   1.6
wl_0_113                                   1.6
wl_0_114                                   1.6
wl_0_115                                   1.6
wl_0_116                                   1.6
wl_0_117                                   1.6
wl_0_118                                   1.6
wl_0_119                                   1.6
wl_0_120                                   1.6
wl_0_121                                   1.6
wl_0_122                                   1.6
wl_0_123                                   1.6
wl_0_124                                   1.6
wl_0_125                                   1.6
wl_0_126                                   1.6
wl_0_127                                   1.6
wl_0_128                                   1.6
wl_0_129                                   1.6
wl_0_130                                   1.6
wl_0_131                                   1.6
wl_0_132                                   1.6
bl_0_236                                   1.6
bl_b                               3.46871e-07
wrom0_rom_base_one_cell_17189/d          1.0238
bl_0_236_r                                 1.6
wrom0_rom_base_one_cell_16890/d         0.98153
wrom0_rom_base_one_cell_17189/d_r1          1.0238
wrom0_rom_base_one_cell_16605/d        0.961423
wrom0_rom_base_one_cell_16890/d_r2         0.98153
wrom0_rom_base_one_cell_16467/d        0.948109
wrom0_rom_base_one_cell_16605/d_r3        0.961423
wrom0_rom_base_one_cell_16198/d        0.938258
wrom0_rom_base_one_cell_16467/d_r4        0.948109
wrom0_rom_base_one_cell_15938/d        0.930471
wrom0_rom_base_one_cell_16198/d_r5        0.938258
wrom0_rom_base_one_cell_15546/d         0.92411
wrom0_rom_base_one_cell_15938/d_r6        0.930471
wrom0_rom_base_one_cell_15420/d        0.918661
wrom0_rom_base_one_cell_15546/d_r7         0.92411
wrom0_rom_base_one_cell_15289/d          0.9139
wrom0_rom_base_one_cell_15420/d_r8        0.918661
wrom0_rom_base_one_cell_15136/d        0.909676
wrom0_rom_base_one_cell_15289/d_r9          0.9139
wrom0_rom_base_one_cell_15000/d        0.905882
wrom0_rom_base_one_cell_15136/d_r10        0.909676
wrom0_rom_base_one_cell_14762/d        0.902475
wrom0_rom_base_one_cell_15000/d_r11        0.905882
wrom0_rom_base_one_cell_14639/d        0.899358
wrom0_rom_base_one_cell_14762/d_r12        0.902475
wrom0_rom_base_one_cell_14242/d        0.896545
wrom0_rom_base_one_cell_14639/d_r13        0.899358
wrom0_rom_base_one_cell_14119/d        0.893936
wrom0_rom_base_one_cell_14242/d_r14        0.896545
wrom0_rom_base_one_cell_13984/d        0.891505
wrom0_rom_base_one_cell_14119/d_r15        0.893936
wrom0_rom_base_one_cell_13851/d         0.88923
wrom0_rom_base_one_cell_13984/d_r16        0.891505
wrom0_rom_base_one_cell_13712/d        0.887094
wrom0_rom_base_one_cell_13851/d_r17         0.88923
wrom0_rom_base_one_cell_13558/d        0.885082
wrom0_rom_base_one_cell_13712/d_r18        0.887094
wrom0_rom_base_one_cell_13325/d        0.883201
wrom0_rom_base_one_cell_13558/d_r19        0.885082
wrom0_rom_base_one_cell_13074/d        0.881438
wrom0_rom_base_one_cell_13325/d_r20        0.883201
wrom0_rom_base_one_cell_12937/d        0.879763
wrom0_rom_base_one_cell_13074/d_r21        0.881438
wrom0_rom_base_one_cell_12821/d        0.878168
wrom0_rom_base_one_cell_12937/d_r22        0.879763
wrom0_rom_base_one_cell_12414/d        0.876682
wrom0_rom_base_one_cell_12821/d_r23        0.878168
wrom0_rom_base_one_cell_12032/d        0.875294
wrom0_rom_base_one_cell_12414/d_r24        0.876682
wrom0_rom_base_one_cell_11925/d        0.873965
wrom0_rom_base_one_cell_12032/d_r25        0.875294
wrom0_rom_base_one_cell_11621/d        0.872705
wrom0_rom_base_one_cell_11925/d_r26        0.873965
wrom0_rom_base_one_cell_11477/d        0.871496
wrom0_rom_base_one_cell_11621/d_r27        0.872705
wrom0_rom_base_one_cell_11334/d        0.870332
wrom0_rom_base_one_cell_11477/d_r28        0.871495
wrom0_rom_base_one_cell_11210/d        0.869211
wrom0_rom_base_one_cell_11334/d_r29        0.870332
wrom0_rom_base_one_cell_10842/d         0.86816
wrom0_rom_base_one_cell_11210/d_r30        0.869211
wrom0_rom_base_one_cell_10591/d        0.867159
wrom0_rom_base_one_cell_10842/d_r31         0.86816
wrom0_rom_base_one_cell_10478/d        0.866192
wrom0_rom_base_one_cell_10591/d_r32        0.867159
wrom0_rom_base_one_cell_9969/s        0.865258
wrom0_rom_base_one_cell_10478/d_r33        0.866192
wrom0_rom_base_one_cell_9969/d         0.86438
wrom0_rom_base_one_cell_9969/s_r34        0.865258
wrom0_rom_base_one_cell_9836/d        0.863531
wrom0_rom_base_one_cell_9969/d_r35         0.86438
wrom0_rom_base_one_cell_9626/d         0.86272
wrom0_rom_base_one_cell_9836/d_r36        0.863531
wrom0_rom_base_one_cell_9379/d        0.861946
wrom0_rom_base_one_cell_9626/d_r37         0.86272
wrom0_rom_base_one_cell_8987/d         0.86122
wrom0_rom_base_one_cell_9379/d_r38        0.861946
wrom0_rom_base_one_cell_8779/d        0.860527
wrom0_rom_base_one_cell_8987/d_r39         0.86122
wrom0_rom_base_one_cell_8641/d        0.859855
wrom0_rom_base_one_cell_8779/d_r40        0.860527
wrom0_rom_base_one_cell_8384/d        0.859213
wrom0_rom_base_one_cell_8641/d_r41        0.859855
wrom0_rom_base_one_cell_8018/d        0.858612
wrom0_rom_base_one_cell_8384/d_r42        0.859213
wrom0_rom_base_one_cell_7883/d        0.858028
wrom0_rom_base_one_cell_8018/d_r43        0.858612
wrom0_rom_base_one_cell_7523/d        0.857483
wrom0_rom_base_one_cell_7883/d_r44        0.858028
wrom0_rom_base_one_cell_7405/d        0.856953
wrom0_rom_base_one_cell_7523/d_r45        0.857483
wrom0_rom_base_one_cell_7272/d        0.856438
wrom0_rom_base_one_cell_7405/d_r46        0.856953
wrom0_rom_base_one_cell_7147/d        0.855937
wrom0_rom_base_one_cell_7272/d_r47        0.856438
wrom0_rom_base_one_cell_7034/d        0.855451
wrom0_rom_base_one_cell_7147/d_r48        0.855937
wrom0_rom_base_one_cell_6896/d        0.854977
wrom0_rom_base_one_cell_7034/d_r49         0.85545
wrom0_rom_base_one_cell_6317/d        0.854558
wrom0_rom_base_one_cell_6896/d_r50        0.854977
wrom0_rom_base_one_cell_6176/d        0.854151
wrom0_rom_base_one_cell_6317/d_r51        0.854558
wrom0_rom_base_one_cell_6050/d        0.853755
wrom0_rom_base_one_cell_6176/d_r52        0.854151
wrom0_rom_base_one_cell_5926/d        0.853371
wrom0_rom_base_one_cell_6050/d_r53        0.853755
wrom0_rom_base_one_cell_5553/d        0.853017
wrom0_rom_base_one_cell_5926/d_r54        0.853371
wrom0_rom_base_one_cell_5423/d        0.852674
wrom0_rom_base_one_cell_5553/d_r55        0.853017
wrom0_rom_base_one_cell_5295/d        0.852341
wrom0_rom_base_one_cell_5423/d_r56        0.852674
wrom0_rom_base_one_cell_4918/d        0.852037
wrom0_rom_base_one_cell_5295/d_r57        0.852341
wrom0_rom_base_one_cell_4682/d        0.851752
wrom0_rom_base_one_cell_4918/d_r58        0.852037
wrom0_rom_base_one_cell_4379/d        0.851486
wrom0_rom_base_one_cell_4682/d_r59        0.851752
wrom0_rom_base_one_cell_4032/d        0.851248
wrom0_rom_base_one_cell_4379/d_r60        0.851486
wrom0_rom_base_one_cell_3917/d        0.851018
wrom0_rom_base_one_cell_4032/d_r61        0.851248
wrom0_rom_base_one_cell_3762/d        0.850797
wrom0_rom_base_one_cell_3917/d_r62        0.851018
wrom0_rom_base_one_cell_3657/d        0.850584
wrom0_rom_base_one_cell_3762/d_r63        0.850797
wrom0_rom_base_one_cell_3535/d        0.850379
wrom0_rom_base_one_cell_3657/d_r64        0.850584
wrom0_rom_base_one_cell_3412/d        0.850182
wrom0_rom_base_one_cell_3535/d_r65        0.850379
wrom0_rom_base_one_cell_3128/d        0.850002
wrom0_rom_base_one_cell_3412/d_r66        0.850182
wrom0_rom_base_one_cell_2732/d        0.849849
wrom0_rom_base_one_cell_3128/d_r67        0.850002
wrom0_rom_base_one_cell_2481/d        0.849712
wrom0_rom_base_one_cell_2732/d_r68        0.849849
wrom0_rom_base_one_cell_2230/d        0.849591
wrom0_rom_base_one_cell_2481/d_r69        0.849712
wrom0_rom_base_one_cell_1825/d        0.849496
wrom0_rom_base_one_cell_2230/d_r70        0.849591
wrom0_rom_base_one_cell_1700/d        0.849407
wrom0_rom_base_one_cell_1825/d_r71        0.849496
wrom0_rom_base_one_cell_1581/d        0.849326
wrom0_rom_base_one_cell_1700/d_r72        0.849407
wrom0_rom_base_one_cell_1444/d        0.849253
wrom0_rom_base_one_cell_1581/d_r73        0.849326
wrom0_rom_base_zero_cell_894/s        0.849186
wrom0_rom_base_one_cell_1444/d_r74        0.849253
wrom0_rom_base_one_cell_919/s         0.849135
wrom0_rom_base_zero_cell_894/s_r75        0.849186
wrom0_rom_base_one_cell_919/d         0.849091
wrom0_rom_base_one_cell_919/s_r76        0.849135
wrom0_rom_base_one_cell_794/d         0.849054
wrom0_rom_base_one_cell_919/d_r77        0.849091
wrom0_rom_base_one_cell_664/d         0.849024
wrom0_rom_base_one_cell_794/d_r78        0.849054
wrom0_rom_base_one_cell_512/d         0.849001
wrom0_rom_base_one_cell_664/d_r79        0.849024
wrom0_rom_base_zero_cell_9/s          0.848985
wrom0_rom_base_one_cell_512/d_r80        0.849001
wrom0_rom_base_zero_cell_9/s_r81        0.848985
vwl132#branch                                0
vwl131#branch                                0
vwl130#branch                                0
vwl129#branch                                0
vwl128#branch                                0
vwl127#branch                                0
vwl126#branch                                0
vwl125#branch                                0
vwl124#branch                                0
vwl123#branch                                0
vwl122#branch                                0
vwl121#branch                                0
vwl120#branch                                0
vwl119#branch                                0
vwl118#branch                                0
vwl117#branch                                0
vwl116#branch                                0
vwl115#branch                                0
vwl114#branch                                0
vwl113#branch                                0
vwl112#branch                                0
vwl111#branch                                0
vwl110#branch                                0
vwl109#branch                                0
vwl108#branch                                0
vwl107#branch                                0
vwl106#branch                                0
vwl105#branch                                0
vwl104#branch                                0
vwl103#branch                                0
vwl102#branch                                0
vwl101#branch                                0
vwl100#branch                                0
vwl99#branch                                 0
vwl98#branch                                 0
vwl97#branch                                 0
vwl96#branch                                 0
vwl95#branch                                 0
vwl94#branch                                 0
vwl93#branch                                 0
vwl92#branch                                 0
vwl91#branch                                 0
vwl90#branch                                 0
vwl89#branch                                 0
vwl88#branch                                 0
vwl87#branch                                 0
vwl86#branch                                 0
vwl85#branch                                 0
vwl84#branch                                 0
vwl83#branch                                 0
vwl82#branch                                 0
vwl81#branch                                 0
vwl80#branch                                 0
vwl79#branch                                 0
vwl78#branch                                 0
vwl77#branch                                 0
vwl76#branch                                 0
vwl75#branch                                 0
vwl74#branch                                 0
vwl73#branch                                 0
vwl72#branch                                 0
vwl71#branch                                 0
vwl70#branch                                 0
vwl69#branch                                 0
vwl68#branch                                 0
vwl67#branch                                 0
vwl66#branch                                 0
vwl65#branch                                 0
vwl64#branch                                 0
vwl63#branch                                 0
vwl62#branch                                 0
vwl61#branch                                 0
vwl60#branch                                 0
vwl59#branch                                 0
vwl58#branch                                 0
vwl57#branch                                 0
vwl56#branch                                 0
vwl55#branch                                 0
vwl54#branch                                 0
vwl53#branch                                 0
vwl52#branch                                 0
vwl51#branch                                 0
vwl50#branch                                 0
vwl49#branch                                 0
vwl48#branch                                 0
vwl47#branch                                 0
vwl46#branch                                 0
vwl45#branch                                 0
vwl44#branch                                 0
vwl43#branch                                 0
vwl42#branch                                 0
vwl41#branch                                 0
vwl40#branch                                 0
vwl39#branch                                 0
vwl38#branch                                 0
vwl37#branch                                 0
vwl36#branch                                 0
vwl35#branch                                 0
vwl34#branch                                 0
vwl33#branch                                 0
vwl32#branch                                 0
vwl31#branch                                 0
vwl30#branch                                 0
vwl29#branch                                 0
vwl28#branch                                 0
vwl27#branch                                 0
vwl26#branch                                 0
vwl25#branch                                 0
vwl24#branch                                 0
vwl23#branch                                 0
vwl22#branch                                 0
vwl21#branch                                 0
vwl20#branch                                 0
vwl19#branch                                 0
vwl18#branch                                 0
vwl17#branch                                 0
vwl16#branch                                 0
vwl15#branch                                 0
vwl14#branch                                 0
vwl13#branch                                 0
vwl12#branch                                 0
vwl11#branch                                 0
vwl10#branch                                 0
vwl9#branch                                  0
vwl8#branch                                  0
vwl7#branch                                  0
vwl6#branch                                  0
vwl5#branch                                  0
vwl4#branch                                  0
vwl3#branch                                  0
vwl2#branch                                  0
vwl1#branch                                  0
vwl0#branch                                  0
vprecharge#branch                            0
vgndgnd_uq0#branch                 1.75057e-13
vvdd#branch                       -5.03703e-10


No. of Data Rows : 30048

  Measurements for Transient Analysis

t_dis_50            =  3.602313e-08 targ=  5.036073e-06 trig=  5.000050e-06
t_dis_10            =  7.009528e-08 targ=  5.070145e-06 trig=  5.000050e-06
t_dis_50_prev       =  3.602313e-08 targ=  3.036073e-06 trig=  3.000050e-06
t_pre_50            =  3.592572e-10 targ=  4.000409e-06 trig=  4.000050e-06
t_pre_90            =  7.988091e-10 targ=  4.000849e-06 trig=  4.000050e-06
t_pre_99            =  1.408718e-08 targ=  4.014137e-06 trig=  4.000050e-06


Total analysis time (seconds) = 10.9484

Total elapsed time (seconds) = 62.289 

Total DRAM available = 31789.559 MB.
DRAM currently available = 19413.945 MB.
Maximum ngspice program size =  421.297 MB.
Current ngspice program size =  354.535 MB.

Shared ngspice pages =   11.375 MB.
Text (code) pages =    6.520 MB.
Stack = 0 bytes.
Library pages =  399.133 MB.

