
Note: No compatibility mode selected!


Circuit: * wrom0 kolon 54 -- aktif cevrim enerjisi (kolon basina)

Doing analysis at TEMP = 25.000000 and TNOM = 27.000000

Using SPARSE 1.3 as Direct Linear Solver
Operating point simulation skipped by 'uic',
  now using transient initial conditions.

No. of Data Rows : 1684

  Measurements for Transient Analysis

q_c2                =   -2.09850e-13 from=  2.00000e-07 to=  4.00000e-07
q_c3                =   -2.09884e-13 from=  4.00000e-07 to=  6.00000e-07
e_col_pj            =  3.77792e-01


Total analysis time (seconds) = 0.775672

Total elapsed time (seconds) = 73.952 

Total DRAM available = 31789.582 MB.
DRAM currently available = 5928.871 MB.
Maximum ngspice program size =  420.531 MB.
Current ngspice program size =  353.883 MB.

Shared ngspice pages =   11.488 MB.
Text (code) pages =    6.520 MB.
Stack = 0 bytes.
Library pages =  398.367 MB.

