Note: Starting dynamic gmin stepping
Note: Dynamic gmin stepping completed

Note: No compatibility mode selected!


Circuit: * wrom0 -- gercek parazitik c ile kolon 54 izole olcum

Doing analysis at TEMP = -40.000000 and TNOM = 27.000000

Using SPARSE 1.3 as Direct Linear Solver

Initial Transient Solution
--------------------------

Node                                   Voltage
----                                   -------
vdd                                       1.95
gnd_uq0                                      0
precharge                                    0
wl_0_0                                    1.95
wl_0_1                                    1.95
wl_0_2                                    1.95
wl_0_3                                    1.95
wl_0_4                                    1.95
wl_0_5                                    1.95
wl_0_6                                    1.95
wl_0_7                                    1.95
wl_0_8                                    1.95
wl_0_9                                    1.95
wl_0_10                                   1.95
wl_0_11                                   1.95
wl_0_12                                   1.95
wl_0_13                                   1.95
wl_0_14                                   1.95
wl_0_15                                   1.95
wl_0_16                                   1.95
wl_0_17                                   1.95
wl_0_18                                   1.95
wl_0_19                                   1.95
wl_0_20                                   1.95
wl_0_21                                   1.95
wl_0_22                                   1.95
wl_0_23                                   1.95
wl_0_24                                   1.95
wl_0_25                                   1.95
wl_0_26                                   1.95
wl_0_27                                   1.95
wl_0_28                                   1.95
wl_0_29                                   1.95
wl_0_30                                   1.95
wl_0_31                                   1.95
wl_0_32                                   1.95
wl_0_33                                   1.95
wl_0_34                                   1.95
wl_0_35                                   1.95
wl_0_36                                   1.95
wl_0_37                                   1.95
wl_0_38                                   1.95
wl_0_39                                   1.95
wl_0_40                                   1.95
wl_0_41                                   1.95
wl_0_42                                   1.95
wl_0_43                                   1.95
wl_0_44                                   1.95
wl_0_45                                   1.95
wl_0_46                                   1.95
wl_0_47                                   1.95
wl_0_48                                   1.95
wl_0_49                                   1.95
wl_0_50                                   1.95
wl_0_51                                   1.95
wl_0_52                                   1.95
wl_0_53                                   1.95
wl_0_54                                   1.95
wl_0_55                                   1.95
wl_0_56                                   1.95
wl_0_57                                   1.95
wl_0_58                                   1.95
wl_0_59                                   1.95
wl_0_60                                   1.95
wl_0_61                                   1.95
wl_0_62                                   1.95
wl_0_63                                   1.95
wl_0_64                                   1.95
wl_0_65                                   1.95
wl_0_66                                   1.95
wl_0_67                                   1.95
wl_0_68                                   1.95
wl_0_69                                   1.95
wl_0_70                                   1.95
wl_0_71                                   1.95
wl_0_72                                   1.95
wl_0_73                                   1.95
wl_0_74                                   1.95
wl_0_75                                   1.95
wl_0_76                                   1.95
wl_0_77                                   1.95
wl_0_78                                   1.95
wl_0_79                                   1.95
wl_0_80                                   1.95
wl_0_81                                   1.95
wl_0_82                                   1.95
wl_0_83                                   1.95
wl_0_84                                   1.95
wl_0_85                                   1.95
wl_0_86                                   1.95
wl_0_87                                   1.95
wl_0_88                                   1.95
wl_0_89                                   1.95
wl_0_90                                   1.95
wl_0_91                                   1.95
wl_0_92                                   1.95
wl_0_93                                   1.95
wl_0_94                                   1.95
wl_0_95                                   1.95
wl_0_96                                   1.95
wl_0_97                                   1.95
wl_0_98                                   1.95
wl_0_99                                   1.95
wl_0_100                                  1.95
wl_0_101                                  1.95
wl_0_102                                  1.95
wl_0_103                                  1.95
wl_0_104                                  1.95
wl_0_105                                  1.95
bl_0_54                                   1.95
bl_b                               3.46052e-08
wrom0_rom_base_one_cell_16742/d         1.46312
wrom0_rom_base_one_cell_16587/d         1.41686
wrom0_rom_base_one_cell_16254/d         1.40001
wrom0_rom_base_one_cell_15902/d          1.3898
wrom0_rom_base_one_cell_15738/d         1.38247
wrom0_rom_base_one_cell_15567/d         1.37677
wrom0_rom_base_one_cell_15403/d         1.37212
wrom0_rom_base_one_cell_15067/d         1.36823
wrom0_rom_base_one_cell_14911/d         1.36487
wrom0_rom_base_one_cell_14763/d         1.36192
wrom0_rom_base_one_cell_14600/d         1.35928
wrom0_rom_base_one_cell_14441/d         1.35691
wrom0_rom_base_one_cell_14268/d         1.35475
wrom0_rom_base_one_cell_13946/d         1.35279
wrom0_rom_base_one_cell_13602/d         1.35101
wrom0_rom_base_one_cell_13439/d         1.34935
wrom0_rom_base_one_cell_12641/d         1.34788
wrom0_rom_base_one_cell_12488/d          1.3465
wrom0_rom_base_one_cell_12308/d          1.3452
wrom0_rom_base_one_cell_11846/d         1.34401
wrom0_rom_base_one_cell_11471/d          1.3429
wrom0_rom_base_one_cell_11318/d         1.34184
wrom0_rom_base_one_cell_11145/d         1.34084
wrom0_rom_base_one_cell_10839/d          1.3399
wrom0_rom_base_one_cell_10673/d         1.33901
wrom0_rom_base_one_cell_10533/d         1.33815
wrom0_rom_base_one_cell_10392/d         1.33734
wrom0_rom_base_one_cell_10217/d         1.33656
wrom0_rom_base_one_cell_9905/s         1.33581
wrom0_rom_base_one_cell_9905/d          1.3351
wrom0_rom_base_one_cell_9614/d         1.33442
wrom0_rom_base_one_cell_9475/d         1.33377
wrom0_rom_base_one_cell_9325/d         1.33315
wrom0_rom_base_one_cell_9147/d         1.33255
wrom0_rom_base_one_cell_8994/d         1.33198
wrom0_rom_base_one_cell_8851/d         1.33142
wrom0_rom_base_one_cell_8710/d         1.33089
wrom0_rom_base_one_cell_8218/d          1.3304
wrom0_rom_base_one_cell_8072/d         1.32992
wrom0_rom_base_one_cell_7923/d         1.32946
wrom0_rom_base_one_cell_7775/d         1.32902
wrom0_rom_base_one_cell_7626/d          1.3286
wrom0_rom_base_one_cell_7294/d          1.3282
wrom0_rom_base_one_cell_7150/d         1.32781
wrom0_rom_base_one_cell_6690/d         1.32745
wrom0_rom_base_one_cell_6552/d         1.32711
wrom0_rom_base_one_cell_6250/d         1.32679
wrom0_rom_base_one_cell_6080/d         1.32648
wrom0_rom_base_one_cell_5915/d         1.32618
wrom0_rom_base_one_cell_5455/d         1.32592
wrom0_rom_base_one_cell_5290/d         1.32566
wrom0_rom_base_one_cell_5135/d         1.32541
wrom0_rom_base_one_cell_4679/d         1.32519
wrom0_rom_base_one_cell_4179/d         1.32499
wrom0_rom_base_one_cell_4029/d          1.3248
wrom0_rom_base_one_cell_3881/d         1.32463
wrom0_rom_base_one_cell_3709/d         1.32446
wrom0_rom_base_one_cell_3578/d          1.3243
wrom0_rom_base_one_cell_3411/d         1.32415
wrom0_rom_base_one_cell_3055/d         1.32402
wrom0_rom_base_one_cell_2902/d         1.32389
wrom0_rom_base_one_cell_2586/d         1.32378
wrom0_rom_base_one_cell_2257/d         1.32369
wrom0_rom_base_one_cell_2087/d          1.3236
wrom0_rom_base_one_cell_1938/d         1.32353
wrom0_rom_base_one_cell_1770/d         1.32346
wrom0_rom_base_one_cell_1611/d          1.3234
wrom0_rom_base_one_cell_1446/d         1.32335
wrom0_rom_base_one_cell_1267/d          1.3233
wrom0_rom_base_one_cell_265/s          1.32326
vwl105#branch                                0
vwl104#branch                                0
vwl103#branch                                0
vwl102#branch                                0
vwl101#branch                                0
vwl100#branch                                0
vwl99#branch                                 0
vwl98#branch                                 0
vwl97#branch                                 0
vwl96#branch                                 0
vwl95#branch                                 0
vwl94#branch                                 0
vwl93#branch                                 0
vwl92#branch                                 0
vwl91#branch                                 0
vwl90#branch                                 0
vwl89#branch                                 0
vwl88#branch                                 0
vwl87#branch                                 0
vwl86#branch                                 0
vwl85#branch                                 0
vwl84#branch                                 0
vwl83#branch                                 0
vwl82#branch                                 0
vwl81#branch                                 0
vwl80#branch                                 0
vwl79#branch                                 0
vwl78#branch                                 0
vwl77#branch                                 0
vwl76#branch                                 0
vwl75#branch                                 0
vwl74#branch                                 0
vwl73#branch                                 0
vwl72#branch                                 0
vwl71#branch                                 0
vwl70#branch                                 0
vwl69#branch                                 0
vwl68#branch                                 0
vwl67#branch                                 0
vwl66#branch                                 0
vwl65#branch                                 0
vwl64#branch                                 0
vwl63#branch                                 0
vwl62#branch                                 0
vwl61#branch                                 0
vwl60#branch                                 0
vwl59#branch                                 0
vwl58#branch                                 0
vwl57#branch                                 0
vwl56#branch                                 0
vwl55#branch                                 0
vwl54#branch                                 0
vwl53#branch                                 0
vwl52#branch                                 0
vwl51#branch                                 0
vwl50#branch                                 0
vwl49#branch                                 0
vwl48#branch                                 0
vwl47#branch                                 0
vwl46#branch                                 0
vwl45#branch                                 0
vwl44#branch                                 0
vwl43#branch                                 0
vwl42#branch                                 0
vwl41#branch                                 0
vwl40#branch                                 0
vwl39#branch                                 0
vwl38#branch                                 0
vwl37#branch                                 0
vwl36#branch                                 0
vwl35#branch                                 0
vwl34#branch                                 0
vwl33#branch                                 0
vwl32#branch                                 0
vwl31#branch                                 0
vwl30#branch                                 0
vwl29#branch                                 0
vwl28#branch                                 0
vwl27#branch                                 0
vwl26#branch                                 0
vwl25#branch                                 0
vwl24#branch                                 0
vwl23#branch                                 0
vwl22#branch                                 0
vwl21#branch                                 0
vwl20#branch                                 0
vwl19#branch                                 0
vwl18#branch                                 0
vwl17#branch                                 0
vwl16#branch                                 0
vwl15#branch                                 0
vwl14#branch                                 0
vwl13#branch                                 0
vwl12#branch                                 0
vwl11#branch                                 0
vwl10#branch                                 0
vwl9#branch                                  0
vwl8#branch                                  0
vwl7#branch                                  0
vwl6#branch                                  0
vwl5#branch                                  0
vwl4#branch                                  0
vwl3#branch                                  0
vwl2#branch                                  0
vwl1#branch                                  0
vwl0#branch                                  0
vprecharge#branch                            0
vgndgnd_uq0#branch                 7.61792e-15
vvdd#branch                       -1.53593e-10

 Reference value :  0.00000e+00 Reference value :  3.97280e-08 Reference value :  8.23280e-08 Reference value :  1.16020e-07 Reference value :  1.51520e-07 Reference value :  1.93020e-07 Reference value :  2.29920e-07 Reference value :  2.74420e-07 Reference value :  3.16220e-07 Reference value :  3.58520e-07 Reference value :  3.99920e-07
No. of Data Rows : 4026

  Measurements for Transient Analysis

t_dis_50            =  5.066286e-09 targ=  1.051163e-07 trig=  1.000500e-07
t_dis_10            =  1.095063e-08 targ=  1.110006e-07 trig=  1.000500e-07
t_pre_90            =  4.601433e-10 targ=  2.005101e-07 trig=  2.000500e-07
t_pre_99            =  7.217023e-09 targ=  2.072670e-07 trig=  2.000500e-07


Total analysis time (seconds) = 1.11104

Total elapsed time (seconds) = 103.948 

Total DRAM available = 31789.582 MB.
DRAM currently available = 7785.090 MB.
Maximum ngspice program size =  420.207 MB.
Current ngspice program size =  353.562 MB.

Shared ngspice pages =   11.496 MB.
Text (code) pages =    6.520 MB.
Stack = 0 bytes.
Library pages =  398.043 MB.

