
Note: No compatibility mode selected!


Circuit: * wrom0 -- gercek parazitik c ile kolon 54 izole olcum

Doing analysis at TEMP = 100.000000 and TNOM = 27.000000

Using SPARSE 1.3 as Direct Linear Solver

Initial Transient Solution
--------------------------

Node                                   Voltage
----                                   -------
vdd                                        1.6
gnd_uq0                                      0
precharge                                    0
wl_0_0                                     1.6
wl_0_1                                     1.6
wl_0_2                                     1.6
wl_0_3                                     1.6
wl_0_4                                     1.6
wl_0_5                                     1.6
wl_0_6                                     1.6
wl_0_7                                     1.6
wl_0_8                                     1.6
wl_0_9                                     1.6
wl_0_10                                    1.6
wl_0_11                                    1.6
wl_0_12                                    1.6
wl_0_13                                    1.6
wl_0_14                                    1.6
wl_0_15                                    1.6
wl_0_16                                    1.6
wl_0_17                                    1.6
wl_0_18                                    1.6
wl_0_19                                    1.6
wl_0_20                                    1.6
wl_0_21                                    1.6
wl_0_22                                    1.6
wl_0_23                                    1.6
wl_0_24                                    1.6
wl_0_25                                    1.6
wl_0_26                                    1.6
wl_0_27                                    1.6
wl_0_28                                    1.6
wl_0_29                                    1.6
wl_0_30                                    1.6
wl_0_31                                    1.6
wl_0_32                                    1.6
wl_0_33                                    1.6
wl_0_34                                    1.6
wl_0_35                                    1.6
wl_0_36                                    1.6
wl_0_37                                    1.6
wl_0_38                                    1.6
wl_0_39                                    1.6
wl_0_40                                    1.6
wl_0_41                                    1.6
wl_0_42                                    1.6
wl_0_43                                    1.6
wl_0_44                                    1.6
wl_0_45                                    1.6
wl_0_46                                    1.6
wl_0_47                                    1.6
wl_0_48                                    1.6
wl_0_49                                    1.6
wl_0_50                                    1.6
wl_0_51                                    1.6
wl_0_52                                    1.6
wl_0_53                                    1.6
wl_0_54                                    1.6
wl_0_55                                    1.6
wl_0_56                                    1.6
wl_0_57                                    1.6
wl_0_58                                    1.6
wl_0_59                                    1.6
wl_0_60                                    1.6
wl_0_61                                    1.6
wl_0_62                                    1.6
wl_0_63                                    1.6
wl_0_64                                    1.6
wl_0_65                                    1.6
wl_0_66                                    1.6
wl_0_67                                    1.6
wl_0_68                                    1.6
wl_0_69                                    1.6
wl_0_70                                    1.6
wl_0_71                                    1.6
wl_0_72                                    1.6
wl_0_73                                    1.6
wl_0_74                                    1.6
wl_0_75                                    1.6
wl_0_76                                    1.6
wl_0_77                                    1.6
wl_0_78                                    1.6
wl_0_79                                    1.6
wl_0_80                                    1.6
wl_0_81                                    1.6
wl_0_82                                    1.6
wl_0_83                                    1.6
wl_0_84                                    1.6
wl_0_85                                    1.6
wl_0_86                                    1.6
wl_0_87                                    1.6
wl_0_88                                    1.6
wl_0_89                                    1.6
wl_0_90                                    1.6
wl_0_91                                    1.6
wl_0_92                                    1.6
wl_0_93                                    1.6
wl_0_94                                    1.6
wl_0_95                                    1.6
wl_0_96                                    1.6
wl_0_97                                    1.6
wl_0_98                                    1.6
wl_0_99                                    1.6
wl_0_100                                   1.6
wl_0_101                                   1.6
wl_0_102                                   1.6
wl_0_103                                   1.6
wl_0_104                                   1.6
wl_0_105                                   1.6
bl_0_54                                    1.6
bl_b                               3.46871e-07
wrom0_rom_base_one_cell_16742/d         1.03357
wrom0_rom_base_one_cell_16587/d        0.991303
wrom0_rom_base_one_cell_16254/d        0.971292
wrom0_rom_base_one_cell_15902/d        0.958193
wrom0_rom_base_one_cell_15738/d        0.948413
wrom0_rom_base_one_cell_15567/d         0.94063
wrom0_rom_base_one_cell_15403/d        0.934179
wrom0_rom_base_one_cell_15067/d        0.928743
wrom0_rom_base_one_cell_14911/d        0.924007
wrom0_rom_base_one_cell_14763/d        0.919814
wrom0_rom_base_one_cell_14600/d        0.916058
wrom0_rom_base_one_cell_14441/d        0.912659
wrom0_rom_base_one_cell_14268/d        0.909559
wrom0_rom_base_one_cell_13946/d        0.906748
wrom0_rom_base_one_cell_13602/d        0.904183
wrom0_rom_base_one_cell_13439/d        0.901799
wrom0_rom_base_one_cell_12641/d        0.899697
wrom0_rom_base_one_cell_12488/d        0.897723
wrom0_rom_base_one_cell_12308/d        0.895863
wrom0_rom_base_one_cell_11846/d        0.894162
wrom0_rom_base_one_cell_11471/d        0.892575
wrom0_rom_base_one_cell_11318/d        0.891068
wrom0_rom_base_one_cell_11145/d        0.889635
wrom0_rom_base_one_cell_10839/d        0.888292
wrom0_rom_base_one_cell_10673/d        0.887011
wrom0_rom_base_one_cell_10533/d        0.885786
wrom0_rom_base_one_cell_10392/d        0.884613
wrom0_rom_base_one_cell_10217/d         0.88349
wrom0_rom_base_one_cell_9905/s        0.882413
wrom0_rom_base_one_cell_9905/d        0.881379
wrom0_rom_base_one_cell_9614/d        0.880405
wrom0_rom_base_one_cell_9475/d        0.879468
wrom0_rom_base_one_cell_9325/d        0.878567
wrom0_rom_base_one_cell_9147/d        0.877699
wrom0_rom_base_one_cell_8994/d        0.876864
wrom0_rom_base_one_cell_8851/d        0.876058
wrom0_rom_base_one_cell_8710/d        0.875281
wrom0_rom_base_one_cell_8218/d        0.874565
wrom0_rom_base_one_cell_8072/d        0.873874
wrom0_rom_base_one_cell_7923/d        0.873207
wrom0_rom_base_one_cell_7775/d        0.872563
wrom0_rom_base_one_cell_7626/d        0.871941
wrom0_rom_base_one_cell_7294/d        0.871356
wrom0_rom_base_one_cell_7150/d        0.870791
wrom0_rom_base_one_cell_6690/d        0.870275
wrom0_rom_base_one_cell_6552/d        0.869777
wrom0_rom_base_one_cell_6250/d        0.869311
wrom0_rom_base_one_cell_6080/d        0.868861
wrom0_rom_base_one_cell_5915/d        0.868428
wrom0_rom_base_one_cell_5455/d        0.868038
wrom0_rom_base_one_cell_5290/d        0.867663
wrom0_rom_base_one_cell_5135/d        0.867302
wrom0_rom_base_one_cell_4679/d        0.866982
wrom0_rom_base_one_cell_4179/d        0.866703
wrom0_rom_base_one_cell_4029/d        0.866437
wrom0_rom_base_one_cell_3881/d        0.866182
wrom0_rom_base_one_cell_3709/d         0.86594
wrom0_rom_base_one_cell_3578/d         0.86571
wrom0_rom_base_one_cell_3411/d        0.865491
wrom0_rom_base_one_cell_3055/d        0.865297
wrom0_rom_base_one_cell_2902/d        0.865114
wrom0_rom_base_one_cell_2586/d        0.864956
wrom0_rom_base_one_cell_2257/d        0.864821
wrom0_rom_base_one_cell_2087/d        0.864697
wrom0_rom_base_one_cell_1938/d        0.864583
wrom0_rom_base_one_cell_1770/d         0.86448
wrom0_rom_base_one_cell_1611/d        0.864387
wrom0_rom_base_one_cell_1446/d        0.864304
wrom0_rom_base_one_cell_1267/d        0.864232
wrom0_rom_base_one_cell_265/s         0.864169
vwl105#branch                                0
vwl104#branch                                0
vwl103#branch                                0
vwl102#branch                                0
vwl101#branch                                0
vwl100#branch                                0
vwl99#branch                                 0
vwl98#branch                                 0
vwl97#branch                                 0
vwl96#branch                                 0
vwl95#branch                                 0
vwl94#branch                                 0
vwl93#branch                                 0
vwl92#branch                                 0
vwl91#branch                                 0
vwl90#branch                                 0
vwl89#branch                                 0
vwl88#branch                                 0
vwl87#branch                                 0
vwl86#branch                                 0
vwl85#branch                                 0
vwl84#branch                                 0
vwl83#branch                                 0
vwl82#branch                                 0
vwl81#branch                                 0
vwl80#branch                                 0
vwl79#branch                                 0
vwl78#branch                                 0
vwl77#branch                                 0
vwl76#branch                                 0
vwl75#branch                                 0
vwl74#branch                                 0
vwl73#branch                                 0
vwl72#branch                                 0
vwl71#branch                                 0
vwl70#branch                                 0
vwl69#branch                                 0
vwl68#branch                                 0
vwl67#branch                                 0
vwl66#branch                                 0
vwl65#branch                                 0
vwl64#branch                                 0
vwl63#branch                                 0
vwl62#branch                                 0
vwl61#branch                                 0
vwl60#branch                                 0
vwl59#branch                                 0
vwl58#branch                                 0
vwl57#branch                                 0
vwl56#branch                                 0
vwl55#branch                                 0
vwl54#branch                                 0
vwl53#branch                                 0
vwl52#branch                                 0
vwl51#branch                                 0
vwl50#branch                                 0
vwl49#branch                                 0
vwl48#branch                                 0
vwl47#branch                                 0
vwl46#branch                                 0
vwl45#branch                                 0
vwl44#branch                                 0
vwl43#branch                                 0
vwl42#branch                                 0
vwl41#branch                                 0
vwl40#branch                                 0
vwl39#branch                                 0
vwl38#branch                                 0
vwl37#branch                                 0
vwl36#branch                                 0
vwl35#branch                                 0
vwl34#branch                                 0
vwl33#branch                                 0
vwl32#branch                                 0
vwl31#branch                                 0
vwl30#branch                                 0
vwl29#branch                                 0
vwl28#branch                                 0
vwl27#branch                                 0
vwl26#branch                                 0
vwl25#branch                                 0
vwl24#branch                                 0
vwl23#branch                                 0
vwl22#branch                                 0
vwl21#branch                                 0
vwl20#branch                                 0
vwl19#branch                                 0
vwl18#branch                                 0
vwl17#branch                                 0
vwl16#branch                                 0
vwl15#branch                                 0
vwl14#branch                                 0
vwl13#branch                                 0
vwl12#branch                                 0
vwl11#branch                                 0
vwl10#branch                                 0
vwl9#branch                                  0
vwl8#branch                                  0
vwl7#branch                                  0
vwl6#branch                                  0
vwl5#branch                                  0
vwl4#branch                                  0
vwl3#branch                                  0
vwl2#branch                                  0
vwl1#branch                                  0
vwl0#branch                                  0
vprecharge#branch                            0
vgndgnd_uq0#branch                 1.77594e-13
vvdd#branch                       -5.03704e-10

 Reference value :  0.00000e+00 Reference value :  3.07280e-08 Reference value :  6.12280e-08 Reference value :  9.26280e-08 Reference value :  1.15420e-07 Reference value :  1.46120e-07 Reference value :  1.79620e-07 Reference value :  2.09720e-07 Reference value :  2.42720e-07 Reference value :  2.77820e-07 Reference value :  3.13020e-07 Reference value :  3.46520e-07 Reference value :  3.82120e-07
No. of Data Rows : 4026

  Measurements for Transient Analysis

t_dis_50            =  2.903596e-08 targ=  1.290860e-07 trig=  1.000500e-07
t_dis_10            =  5.269543e-08 targ=  1.527454e-07 trig=  1.000500e-07
t_pre_90            =  8.698217e-10 targ=  2.009198e-07 trig=  2.000500e-07
t_pre_99            =  1.228322e-08 targ=  2.123332e-07 trig=  2.000500e-07


Total analysis time (seconds) = 1.39731

Total elapsed time (seconds) = 100.058 

Total DRAM available = 31789.582 MB.
DRAM currently available = 7152.918 MB.
Maximum ngspice program size =  420.188 MB.
Current ngspice program size =  352.832 MB.

Shared ngspice pages =   10.785 MB.
Text (code) pages =    6.520 MB.
Stack = 0 bytes.
Library pages =  398.023 MB.

