
Note: No compatibility mode selected!


Circuit: * wrom0 kolon 54 -- aktif cevrim enerjisi (kolon basina)

Doing analysis at TEMP = -40.000000 and TNOM = 27.000000

Using SPARSE 1.3 as Direct Linear Solver
Operating point simulation skipped by 'uic',
  now using transient initial conditions.

No. of Data Rows : 1696

  Measurements for Transient Analysis

q_c2                =   -2.91099e-13 from=  2.00000e-07 to=  4.00000e-07
q_c3                =   -2.91268e-13 from=  4.00000e-07 to=  6.00000e-07
e_col_pj            =  5.67972e-01


Total analysis time (seconds) = 0.728886

Total elapsed time (seconds) = 75.045 

Total DRAM available = 31789.582 MB.
DRAM currently available = 5722.785 MB.
Maximum ngspice program size =  420.547 MB.
Current ngspice program size =  353.863 MB.

Shared ngspice pages =   11.453 MB.
Text (code) pages =    6.520 MB.
Stack = 0 bytes.
Library pages =  398.383 MB.

