
Note: No compatibility mode selected!


Circuit: * wrom0 -- periphery energy per cycle -- active (cs0=1)

Doing analysis at TEMP = 100.000000 and TNOM = 27.000000

Using KLU as Direct Linear Solver
Operating point simulation skipped by 'uic',
  now using transient initial conditions.

No. of Data Rows : 1523

  Measurements for Transient Analysis


Error: measure  t_wlfall1  trig(TARG) : out of interval
 .measure tran t_wlfall1 trig v(clk0) val=    8.000000000000000e-01     rise=1 td=6.900000e-07 targ v(wrom0_rom_row_decode_0/wl_1) val=    8.000000000000000e-01     fall=1 td=7.000000e-07 failed!


Error: measure  t_wlslew1  trig(TRIG) : out of interval
 .measure tran t_wlslew1 trig v(wrom0_rom_row_decode_0/wl_1) val=    1.280000000000000e+00     fall=1 td=7.000000e-07 targ v(wrom0_rom_row_decode_0/wl_1) val=    3.200000000000001e-01     fall=1 td=7.000000e-07 failed!


Error: measure  t_wl1090_1  trig(TRIG) : out of interval
 .measure tran t_wl1090_1 trig v(wrom0_rom_row_decode_0/wl_1) val=    1.440000000000000e+00     fall=1 td=7.000000e-07 targ v(wrom0_rom_row_decode_0/wl_1) val=    1.600000000000000e-01     fall=1 td=7.000000e-07 failed!


Error: measure  t_wlfall2  trig(TARG) : out of interval
 .measure tran t_wlfall2 trig v(clk0) val=    8.000000000000000e-01     rise=1 td=6.900000e-07 targ v(wrom0_rom_row_decode_0/wl_2) val=    8.000000000000000e-01     fall=1 td=7.000000e-07 failed!


Error: measure  t_wlslew2  trig(TRIG) : out of interval
 .measure tran t_wlslew2 trig v(wrom0_rom_row_decode_0/wl_2) val=    1.280000000000000e+00     fall=1 td=7.000000e-07 targ v(wrom0_rom_row_decode_0/wl_2) val=    3.200000000000001e-01     fall=1 td=7.000000e-07 failed!


Error: measure  t_wl1090_2  trig(TRIG) : out of interval
 .measure tran t_wl1090_2 trig v(wrom0_rom_row_decode_0/wl_2) val=    1.440000000000000e+00     fall=1 td=7.000000e-07 targ v(wrom0_rom_row_decode_0/wl_2) val=    1.600000000000000e-01     fall=1 td=7.000000e-07 failed!


Error: measure  t_wlfall3  trig(TARG) : out of interval
 .measure tran t_wlfall3 trig v(clk0) val=    8.000000000000000e-01     rise=1 td=6.900000e-07 targ v(wrom0_rom_row_decode_0/wl_3) val=    8.000000000000000e-01     fall=1 td=7.000000e-07 failed!


Error: measure  t_wlslew3  trig(TRIG) : out of interval
 .measure tran t_wlslew3 trig v(wrom0_rom_row_decode_0/wl_3) val=    1.280000000000000e+00     fall=1 td=7.000000e-07 targ v(wrom0_rom_row_decode_0/wl_3) val=    3.200000000000001e-01     fall=1 td=7.000000e-07 failed!


Error: measure  t_wl1090_3  trig(TRIG) : out of interval
 .measure tran t_wl1090_3 trig v(wrom0_rom_row_decode_0/wl_3) val=    1.440000000000000e+00     fall=1 td=7.000000e-07 targ v(wrom0_rom_row_decode_0/wl_3) val=    1.600000000000000e-01     fall=1 td=7.000000e-07 failed!


Error: measure  t_wlfall4  trig(TARG) : out of interval
 .measure tran t_wlfall4 trig v(clk0) val=    8.000000000000000e-01     rise=1 td=6.900000e-07 targ v(wrom0_rom_row_decode_0/wl_4) val=    8.000000000000000e-01     fall=1 td=7.000000e-07 failed!


Error: measure  t_wlslew4  trig(TRIG) : out of interval
 .measure tran t_wlslew4 trig v(wrom0_rom_row_decode_0/wl_4) val=    1.280000000000000e+00     fall=1 td=7.000000e-07 targ v(wrom0_rom_row_decode_0/wl_4) val=    3.200000000000001e-01     fall=1 td=7.000000e-07 failed!


Error: measure  t_wl1090_4  trig(TRIG) : out of interval
 .measure tran t_wl1090_4 trig v(wrom0_rom_row_decode_0/wl_4) val=    1.440000000000000e+00     fall=1 td=7.000000e-07 targ v(wrom0_rom_row_decode_0/wl_4) val=    1.600000000000000e-01     fall=1 td=7.000000e-07 failed!


Error: measure  t_wlfall5  trig(TARG) : out of interval
 .measure tran t_wlfall5 trig v(clk0) val=    8.000000000000000e-01     rise=1 td=6.900000e-07 targ v(wrom0_rom_row_decode_0/wl_5) val=    8.000000000000000e-01     fall=1 td=7.000000e-07 failed!


Error: measure  t_wlslew5  trig(TRIG) : out of interval
 .measure tran t_wlslew5 trig v(wrom0_rom_row_decode_0/wl_5) val=    1.280000000000000e+00     fall=1 td=7.000000e-07 targ v(wrom0_rom_row_decode_0/wl_5) val=    3.200000000000001e-01     fall=1 td=7.000000e-07 failed!


Error: measure  t_wl1090_5  trig(TRIG) : out of interval
 .measure tran t_wl1090_5 trig v(wrom0_rom_row_decode_0/wl_5) val=    1.440000000000000e+00     fall=1 td=7.000000e-07 targ v(wrom0_rom_row_decode_0/wl_5) val=    1.600000000000000e-01     fall=1 td=7.000000e-07 failed!


Error: measure  t_wlfall6  trig(TARG) : out of interval
 .measure tran t_wlfall6 trig v(clk0) val=    8.000000000000000e-01     rise=1 td=6.900000e-07 targ v(wrom0_rom_row_decode_0/wl_6) val=    8.000000000000000e-01     fall=1 td=7.000000e-07 failed!


Error: measure  t_wlslew6  trig(TRIG) : out of interval
 .measure tran t_wlslew6 trig v(wrom0_rom_row_decode_0/wl_6) val=    1.280000000000000e+00     fall=1 td=7.000000e-07 targ v(wrom0_rom_row_decode_0/wl_6) val=    3.200000000000001e-01     fall=1 td=7.000000e-07 failed!


Error: measure  t_wl1090_6  trig(TRIG) : out of interval
 .measure tran t_wl1090_6 trig v(wrom0_rom_row_decode_0/wl_6) val=    1.440000000000000e+00     fall=1 td=7.000000e-07 targ v(wrom0_rom_row_decode_0/wl_6) val=    1.600000000000000e-01     fall=1 td=7.000000e-07 failed!


Error: measure  t_wlfall7  trig(TARG) : out of interval
 .measure tran t_wlfall7 trig v(clk0) val=    8.000000000000000e-01     rise=1 td=6.900000e-07 targ v(wrom0_rom_row_decode_0/wl_7) val=    8.000000000000000e-01     fall=1 td=7.000000e-07 failed!


Error: measure  t_wlslew7  trig(TRIG) : out of interval
 .measure tran t_wlslew7 trig v(wrom0_rom_row_decode_0/wl_7) val=    1.280000000000000e+00     fall=1 td=7.000000e-07 targ v(wrom0_rom_row_decode_0/wl_7) val=    3.200000000000001e-01     fall=1 td=7.000000e-07 failed!


Error: measure  t_wl1090_7  trig(TRIG) : out of interval
 .measure tran t_wl1090_7 trig v(wrom0_rom_row_decode_0/wl_7) val=    1.440000000000000e+00     fall=1 td=7.000000e-07 targ v(wrom0_rom_row_decode_0/wl_7) val=    1.600000000000000e-01     fall=1 td=7.000000e-07 failed!


Error: measure  t_pre2sel1_rise  trig(TARG) : out of interval
 .measure tran t_pre2sel1_rise trig v(wrom0_rom_column_decode_0/clk) val=    8.000000000000000e-01     rise=1 td=6.900000e-07 targ v(wrom0_rom_column_decode_0/wl_1) val=    8.000000000000000e-01     rise=1 td=7.000000e-07 failed!


Error: measure  t_pre2sel1_fall  trig(TARG) : out of interval
 .measure tran t_pre2sel1_fall trig v(wrom0_rom_column_decode_0/clk) val=    8.000000000000000e-01     fall=1 td=7.900000e-07 targ v(wrom0_rom_column_decode_0/wl_1) val=    8.000000000000000e-01     fall=1 td=8.000000e-07 failed!


Error: measure  t_pre2sel2_rise  trig(TARG) : out of interval
 .measure tran t_pre2sel2_rise trig v(wrom0_rom_column_decode_0/clk) val=    8.000000000000000e-01     rise=1 td=6.900000e-07 targ v(wrom0_rom_column_decode_0/wl_2) val=    8.000000000000000e-01     rise=1 td=7.000000e-07 failed!


Error: measure  t_pre2sel2_fall  trig(TARG) : out of interval
 .measure tran t_pre2sel2_fall trig v(wrom0_rom_column_decode_0/clk) val=    8.000000000000000e-01     fall=1 td=7.900000e-07 targ v(wrom0_rom_column_decode_0/wl_2) val=    8.000000000000000e-01     fall=1 td=8.000000e-07 failed!


Error: measure  t_pre2sel3_rise  trig(TARG) : out of interval
 .measure tran t_pre2sel3_rise trig v(wrom0_rom_column_decode_0/clk) val=    8.000000000000000e-01     rise=1 td=6.900000e-07 targ v(wrom0_rom_column_decode_0/wl_3) val=    8.000000000000000e-01     rise=1 td=7.000000e-07 failed!


Error: measure  t_pre2sel3_fall  trig(TARG) : out of interval
 .measure tran t_pre2sel3_fall trig v(wrom0_rom_column_decode_0/clk) val=    8.000000000000000e-01     fall=1 td=7.900000e-07 targ v(wrom0_rom_column_decode_0/wl_3) val=    8.000000000000000e-01     fall=1 td=8.000000e-07 failed!


Error: measure  t_pre2sel4_rise  trig(TARG) : out of interval
 .measure tran t_pre2sel4_rise trig v(wrom0_rom_column_decode_0/clk) val=    8.000000000000000e-01     rise=1 td=6.900000e-07 targ v(wrom0_rom_column_decode_0/wl_4) val=    8.000000000000000e-01     rise=1 td=7.000000e-07 failed!


Error: measure  t_pre2sel4_fall  trig(TARG) : out of interval
 .measure tran t_pre2sel4_fall trig v(wrom0_rom_column_decode_0/clk) val=    8.000000000000000e-01     fall=1 td=7.900000e-07 targ v(wrom0_rom_column_decode_0/wl_4) val=    8.000000000000000e-01     fall=1 td=8.000000e-07 failed!


Error: measure  t_pre2sel5_rise  trig(TARG) : out of interval
 .measure tran t_pre2sel5_rise trig v(wrom0_rom_column_decode_0/clk) val=    8.000000000000000e-01     rise=1 td=6.900000e-07 targ v(wrom0_rom_column_decode_0/wl_5) val=    8.000000000000000e-01     rise=1 td=7.000000e-07 failed!


Error: measure  t_pre2sel5_fall  trig(TARG) : out of interval
 .measure tran t_pre2sel5_fall trig v(wrom0_rom_column_decode_0/clk) val=    8.000000000000000e-01     fall=1 td=7.900000e-07 targ v(wrom0_rom_column_decode_0/wl_5) val=    8.000000000000000e-01     fall=1 td=8.000000e-07 failed!


Error: measure  t_pre2sel6_rise  trig(TARG) : out of interval
 .measure tran t_pre2sel6_rise trig v(wrom0_rom_column_decode_0/clk) val=    8.000000000000000e-01     rise=1 td=6.900000e-07 targ v(wrom0_rom_column_decode_0/wl_6) val=    8.000000000000000e-01     rise=1 td=7.000000e-07 failed!


Error: measure  t_pre2sel6_fall  trig(TARG) : out of interval
 .measure tran t_pre2sel6_fall trig v(wrom0_rom_column_decode_0/clk) val=    8.000000000000000e-01     fall=1 td=7.900000e-07 targ v(wrom0_rom_column_decode_0/wl_6) val=    8.000000000000000e-01     fall=1 td=8.000000e-07 failed!


Error: measure  t_pre2sel7_rise  trig(TARG) : out of interval
 .measure tran t_pre2sel7_rise trig v(wrom0_rom_column_decode_0/clk) val=    8.000000000000000e-01     rise=1 td=6.900000e-07 targ v(wrom0_rom_column_decode_0/wl_7) val=    8.000000000000000e-01     rise=1 td=7.000000e-07 failed!


Error: measure  t_pre2sel7_fall  trig(TARG) : out of interval
 .measure tran t_pre2sel7_fall trig v(wrom0_rom_column_decode_0/clk) val=    8.000000000000000e-01     fall=1 td=7.900000e-07 targ v(wrom0_rom_column_decode_0/wl_7) val=    8.000000000000000e-01     fall=1 td=8.000000e-07 failed!

q_c2                =   -4.25222e-12 from=  4.00000e-07 to=  6.00000e-07
q_c3                =   -4.24991e-12 from=  6.00000e-07 to=  8.00000e-07
e_periph_pj         =  6.79985e+00
t_clk2int           =  6.429910e-10 targ=  7.008930e-07 trig=  7.002500e-07
v_wl0_eval          =  3.389229e-07
t_wlfall0           =  4.541041e-09 targ=  7.047910e-07 trig=  7.002500e-07
t_wlslew0           =  1.714648e-10 targ=  7.048689e-07 trig=  7.046974e-07
t_wl1090_0          =  2.723843e-10 targ=  7.049086e-07 trig=  7.046362e-07
v_wl1_eval          =  1.600000e+00
v_wl2_eval          =  1.600000e+00
v_wl3_eval          =  1.600000e+00
v_wl4_eval          =  1.600000e+00
v_wl5_eval          =  1.600000e+00
v_wl6_eval          =  1.600000e+00
v_wl7_eval          =  1.600000e+00
t_clk2pre           =  1.541675e-09 targ=  7.017917e-07 trig=  7.002500e-07
t_pre2sel0_rise     =  1.248171e-09 targ=  7.030398e-07 trig=  7.017917e-07
t_pre2sel0_fall     =  1.340185e-09 targ=  8.031982e-07 trig=  8.018580e-07


Total analysis time (seconds) = 40.2607

Total elapsed time (seconds) = 486.680 

Total DRAM available = 31789.578 MB.
DRAM currently available = 4104.633 MB.
Maximum ngspice program size = 2880.617 MB.
Current ngspice program size = 2802.281 MB.

Shared ngspice pages =   11.688 MB.
Text (code) pages =    6.520 MB.
Stack = 0 bytes.
Library pages = 2858.453 MB.

