
Note: No compatibility mode selected!


Circuit: * wrom0 -- periphery energy per cycle -- active (cs0=1)

Doing analysis at TEMP = 100.000000 and TNOM = 27.000000

Using SPARSE 1.3 as Direct Linear Solver
Operating point simulation skipped by 'uic',
  now using transient initial conditions.

No. of Data Rows : 2483

  Measurements for Transient Analysis


Error: measure  t_clk2wl1  trig(TARG) : out of interval
 .measure tran t_clk2wl1 trig v(clk0) val=    8.000000000000000e-01     rise=1 td=1.190000e-06 targ v(wrom0_rom_row_decode_0/wl_1) val=    8.000000000000000e-01     rise=1 td=1.200000e-06 failed!


Error: measure  t_wlfall1  trig(TARG) : out of interval
 .measure tran t_wlfall1 trig v(clk0) val=    8.000000000000000e-01     rise=1 td=1.190000e-06 targ v(wrom0_rom_row_decode_0/wl_1) val=    8.000000000000000e-01     fall=1 td=1.200000e-06 failed!


Error: measure  t_clk2wl2  trig(TARG) : out of interval
 .measure tran t_clk2wl2 trig v(clk0) val=    8.000000000000000e-01     rise=1 td=1.190000e-06 targ v(wrom0_rom_row_decode_0/wl_2) val=    8.000000000000000e-01     rise=1 td=1.200000e-06 failed!


Error: measure  t_wlfall2  trig(TARG) : out of interval
 .measure tran t_wlfall2 trig v(clk0) val=    8.000000000000000e-01     rise=1 td=1.190000e-06 targ v(wrom0_rom_row_decode_0/wl_2) val=    8.000000000000000e-01     fall=1 td=1.200000e-06 failed!


Error: measure  t_clk2wl3  trig(TARG) : out of interval
 .measure tran t_clk2wl3 trig v(clk0) val=    8.000000000000000e-01     rise=1 td=1.190000e-06 targ v(wrom0_rom_row_decode_0/wl_3) val=    8.000000000000000e-01     rise=1 td=1.200000e-06 failed!


Error: measure  t_wlfall3  trig(TARG) : out of interval
 .measure tran t_wlfall3 trig v(clk0) val=    8.000000000000000e-01     rise=1 td=1.190000e-06 targ v(wrom0_rom_row_decode_0/wl_3) val=    8.000000000000000e-01     fall=1 td=1.200000e-06 failed!


Error: measure  t_clk2wl4  trig(TARG) : out of interval
 .measure tran t_clk2wl4 trig v(clk0) val=    8.000000000000000e-01     rise=1 td=1.190000e-06 targ v(wrom0_rom_row_decode_0/wl_4) val=    8.000000000000000e-01     rise=1 td=1.200000e-06 failed!


Error: measure  t_wlfall4  trig(TARG) : out of interval
 .measure tran t_wlfall4 trig v(clk0) val=    8.000000000000000e-01     rise=1 td=1.190000e-06 targ v(wrom0_rom_row_decode_0/wl_4) val=    8.000000000000000e-01     fall=1 td=1.200000e-06 failed!


Error: measure  t_clk2wl5  trig(TARG) : out of interval
 .measure tran t_clk2wl5 trig v(clk0) val=    8.000000000000000e-01     rise=1 td=1.190000e-06 targ v(wrom0_rom_row_decode_0/wl_5) val=    8.000000000000000e-01     rise=1 td=1.200000e-06 failed!


Error: measure  t_wlfall5  trig(TARG) : out of interval
 .measure tran t_wlfall5 trig v(clk0) val=    8.000000000000000e-01     rise=1 td=1.190000e-06 targ v(wrom0_rom_row_decode_0/wl_5) val=    8.000000000000000e-01     fall=1 td=1.200000e-06 failed!


Error: measure  t_clk2wl6  trig(TARG) : out of interval
 .measure tran t_clk2wl6 trig v(clk0) val=    8.000000000000000e-01     rise=1 td=1.190000e-06 targ v(wrom0_rom_row_decode_0/wl_6) val=    8.000000000000000e-01     rise=1 td=1.200000e-06 failed!


Error: measure  t_wlfall6  trig(TARG) : out of interval
 .measure tran t_wlfall6 trig v(clk0) val=    8.000000000000000e-01     rise=1 td=1.190000e-06 targ v(wrom0_rom_row_decode_0/wl_6) val=    8.000000000000000e-01     fall=1 td=1.200000e-06 failed!


Error: measure  t_clk2wl7  trig(TARG) : out of interval
 .measure tran t_clk2wl7 trig v(clk0) val=    8.000000000000000e-01     rise=1 td=1.190000e-06 targ v(wrom0_rom_row_decode_0/wl_7) val=    8.000000000000000e-01     rise=1 td=1.200000e-06 failed!


Error: measure  t_wlfall7  trig(TARG) : out of interval
 .measure tran t_wlfall7 trig v(clk0) val=    8.000000000000000e-01     rise=1 td=1.190000e-06 targ v(wrom0_rom_row_decode_0/wl_7) val=    8.000000000000000e-01     fall=1 td=1.200000e-06 failed!

q_c2                =   -3.11603e-12 from=  1.00000e-06 to=  1.20000e-06
q_c3                =   -3.11502e-12 from=  1.20000e-06 to=  1.40000e-06
e_periph_pj         =  4.98403e+00
t_clk2int           =  5.405008e-10 targ=  1.300641e-06 trig=  1.300100e-06
t_clk2wl0           =  -9.885934e-08 targ=  1.201241e-06 trig=  1.300100e-06
t_wlfall0           =  3.599321e-09 targ=  1.303699e-06 trig=  1.300100e-06
t_clk2pre           =  1.355539e-09 targ=  1.301456e-06 trig=  1.300100e-06


Total analysis time (seconds) = 214.118

Total elapsed time (seconds) = 695.104 

Total DRAM available = 31789.578 MB.
DRAM currently available = 5840.035 MB.
Maximum ngspice program size = 2777.410 MB.
Current ngspice program size = 2709.895 MB.

Shared ngspice pages =   10.863 MB.
Text (code) pages =    6.520 MB.
Stack = 0 bytes.
Library pages = 2755.246 MB.

