
Note: No compatibility mode selected!


Circuit: * wrom0 -- cevre birimi cevrim enerjisi -- aktif (cs0=1)

Doing analysis at TEMP = 25.000000 and TNOM = 27.000000

Using SPARSE 1.3 as Direct Linear Solver
Operating point simulation skipped by 'uic',
  now using transient initial conditions.

No. of Data Rows : 2172

  Measurements for Transient Analysis


Error: measure  t_wlfall0  trig(TARG) : out of interval
 .measure tran t_wlfall0 trig v(clk0) val=    9.000000000000000e-01     rise=1 td=1.190000e-06 targ v(wrom0_rom_row_decode_0/wl_0) val=    9.000000000000000e-01     fall=1 td=1.200000e-06 failed!


Error: measure  t_clk2wl1  trig(TARG) : out of interval
 .measure tran t_clk2wl1 trig v(clk0) val=    9.000000000000000e-01     rise=1 td=1.190000e-06 targ v(wrom0_rom_row_decode_0/wl_1) val=    9.000000000000000e-01     rise=1 td=1.200000e-06 failed!


Error: measure  t_wlfall1  trig(TARG) : out of interval
 .measure tran t_wlfall1 trig v(clk0) val=    9.000000000000000e-01     rise=1 td=1.190000e-06 targ v(wrom0_rom_row_decode_0/wl_1) val=    9.000000000000000e-01     fall=1 td=1.200000e-06 failed!


Error: measure  t_clk2wl2  trig(TARG) : out of interval
 .measure tran t_clk2wl2 trig v(clk0) val=    9.000000000000000e-01     rise=1 td=1.190000e-06 targ v(wrom0_rom_row_decode_0/wl_2) val=    9.000000000000000e-01     rise=1 td=1.200000e-06 failed!


Error: measure  t_wlfall2  trig(TARG) : out of interval
 .measure tran t_wlfall2 trig v(clk0) val=    9.000000000000000e-01     rise=1 td=1.190000e-06 targ v(wrom0_rom_row_decode_0/wl_2) val=    9.000000000000000e-01     fall=1 td=1.200000e-06 failed!


Error: measure  t_clk2wl3  trig(TARG) : out of interval
 .measure tran t_clk2wl3 trig v(clk0) val=    9.000000000000000e-01     rise=1 td=1.190000e-06 targ v(wrom0_rom_row_decode_0/wl_3) val=    9.000000000000000e-01     rise=1 td=1.200000e-06 failed!


Error: measure  t_wlfall3  trig(TARG) : out of interval
 .measure tran t_wlfall3 trig v(clk0) val=    9.000000000000000e-01     rise=1 td=1.190000e-06 targ v(wrom0_rom_row_decode_0/wl_3) val=    9.000000000000000e-01     fall=1 td=1.200000e-06 failed!


Error: measure  t_clk2wl4  trig(TARG) : out of interval
 .measure tran t_clk2wl4 trig v(clk0) val=    9.000000000000000e-01     rise=1 td=1.190000e-06 targ v(wrom0_rom_row_decode_0/wl_4) val=    9.000000000000000e-01     rise=1 td=1.200000e-06 failed!


Error: measure  t_wlfall4  trig(TARG) : out of interval
 .measure tran t_wlfall4 trig v(clk0) val=    9.000000000000000e-01     rise=1 td=1.190000e-06 targ v(wrom0_rom_row_decode_0/wl_4) val=    9.000000000000000e-01     fall=1 td=1.200000e-06 failed!


Error: measure  t_clk2wl5  trig(TARG) : out of interval
 .measure tran t_clk2wl5 trig v(clk0) val=    9.000000000000000e-01     rise=1 td=1.190000e-06 targ v(wrom0_rom_row_decode_0/wl_5) val=    9.000000000000000e-01     rise=1 td=1.200000e-06 failed!


Error: measure  t_wlfall5  trig(TARG) : out of interval
 .measure tran t_wlfall5 trig v(clk0) val=    9.000000000000000e-01     rise=1 td=1.190000e-06 targ v(wrom0_rom_row_decode_0/wl_5) val=    9.000000000000000e-01     fall=1 td=1.200000e-06 failed!


Error: measure  t_clk2wl6  trig(TARG) : out of interval
 .measure tran t_clk2wl6 trig v(clk0) val=    9.000000000000000e-01     rise=1 td=1.190000e-06 targ v(wrom0_rom_row_decode_0/wl_6) val=    9.000000000000000e-01     rise=1 td=1.200000e-06 failed!


Error: measure  t_wlfall6  trig(TARG) : out of interval
 .measure tran t_wlfall6 trig v(clk0) val=    9.000000000000000e-01     rise=1 td=1.190000e-06 targ v(wrom0_rom_row_decode_0/wl_6) val=    9.000000000000000e-01     fall=1 td=1.200000e-06 failed!


Error: measure  t_clk2wl7  trig(TARG) : out of interval
 .measure tran t_clk2wl7 trig v(clk0) val=    9.000000000000000e-01     rise=1 td=1.190000e-06 targ v(wrom0_rom_row_decode_0/wl_7) val=    9.000000000000000e-01     rise=1 td=1.200000e-06 failed!


Error: measure  t_wlfall7  trig(TARG) : out of interval
 .measure tran t_wlfall7 trig v(clk0) val=    9.000000000000000e-01     rise=1 td=1.190000e-06 targ v(wrom0_rom_row_decode_0/wl_7) val=    9.000000000000000e-01     fall=1 td=1.200000e-06 failed!

q_c2                =   -3.57603e-12 from=  1.00000e-06 to=  1.20000e-06
q_c3                =   -3.76945e-12 from=  1.20000e-06 to=  1.40000e-06
e_periph_pj         =  6.78502e+00
t_clk2int           =  3.227325e-10 targ=  1.300573e-06 trig=  1.300250e-06
t_clk2wl0           =  -9.927040e-08 targ=  1.200980e-06 trig=  1.300250e-06
t_clk2pre           =  7.890077e-10 targ=  1.301039e-06 trig=  1.300250e-06
t_addr2dec0         =  3.200646e-11 targ=  1.250082e-06 trig=  1.250050e-06
t_addr2dec1         =  3.208399e-11 targ=  1.250082e-06 trig=  1.250050e-06
t_addr2dec2         =  3.208731e-11 targ=  1.250082e-06 trig=  1.250050e-06
t_addr2dec3         =  3.209084e-11 targ=  1.250082e-06 trig=  1.250050e-06
t_addr2dec4         =  3.209589e-11 targ=  1.250082e-06 trig=  1.250050e-06
t_addr2dec5         =  3.209928e-11 targ=  1.250082e-06 trig=  1.250050e-06
t_addr2dec6         =  3.210026e-11 targ=  1.250082e-06 trig=  1.250050e-06
t_addr2dec7         =  3.178376e-11 targ=  1.250082e-06 trig=  1.250050e-06


Total analysis time (seconds) = 275.797

Total elapsed time (seconds) = 1019.354 

Total DRAM available = 31789.582 MB.
DRAM currently available =  292.113 MB.
Maximum ngspice program size = 2773.387 MB.
Current ngspice program size = 2706.516 MB.

Shared ngspice pages =   11.414 MB.
Text (code) pages =    6.520 MB.
Stack = 0 bytes.
Library pages = 2751.223 MB.

