
Note: No compatibility mode selected!


Circuit: * wrom1 -- arka uc gecikmesi: bitline -> dout0  (kolon 214, ss)

Doing analysis at TEMP = 100.000000 and TNOM = 27.000000

Using SPARSE 1.3 as Direct Linear Solver
Operating point simulation skipped by 'uic',
  now using transient initial conditions.

No. of Data Rows : 4023

  Measurements for Transient Analysis

t_bl2dout           =  1.871100e-09 targ=  4.859251e-08 trig=  4.672141e-08
t_dout_slew         =  2.974995e-09 targ=  5.021029e-08 trig=  4.723529e-08


Total analysis time (seconds) = 26.8171

Total elapsed time (seconds) = 126.804 

Total DRAM available = 31789.582 MB.
DRAM currently available = 10659.691 MB.
Maximum ngspice program size =  753.285 MB.
Current ngspice program size =  686.621 MB.

Shared ngspice pages =   11.438 MB.
Text (code) pages =    6.520 MB.
Stack = 0 bytes.
Library pages =  731.121 MB.

