
Note: No compatibility mode selected!


Circuit: * wrom1 -- back end delay: bitline -> dout0  (column 214, tt)

Doing analysis at TEMP = 25.000000 and TNOM = 27.000000

Using SPARSE 1.3 as Direct Linear Solver
Operating point simulation skipped by 'uic',
  now using transient initial conditions.

No. of Data Rows : 4023

  Measurements for Transient Analysis

t_bl2dout           =  1.549909e-09 targ=  3.099107e-08 trig=  2.944116e-08
t_dout_slew         =  5.553987e-10 targ=  3.127166e-08 trig=  3.071626e-08


Total analysis time (seconds) = 37.3941

Total elapsed time (seconds) = 147.746 

Total DRAM available = 31789.559 MB.
DRAM currently available = 14517.332 MB.
Maximum ngspice program size =  752.332 MB.
Current ngspice program size =  685.547 MB.

Shared ngspice pages =   11.309 MB.
Text (code) pages =    6.520 MB.
Stack = 0 bytes.
Library pages =  730.168 MB.

