
Note: No compatibility mode selected!


Circuit: * wrom1 -- back end delay: bitline -> dout0  (column 214, ff)

Doing analysis at TEMP = -40.000000 and TNOM = 27.000000

Using SPARSE 1.3 as Direct Linear Solver
Operating point simulation skipped by 'uic',
  now using transient initial conditions.

No. of Data Rows : 4024

  Measurements for Transient Analysis

t_bl2dout           =  1.438630e-09 targ=  2.244101e-08 trig=  2.100238e-08
t_dout_slew         =  4.303631e-10 targ=  2.264873e-08 trig=  2.221837e-08


Total analysis time (seconds) = 26.0716

Total elapsed time (seconds) = 119.651 

Total DRAM available = 31789.566 MB.
DRAM currently available = 10317.117 MB.
Maximum ngspice program size =  754.766 MB.
Current ngspice program size =  688.160 MB.

Shared ngspice pages =   11.512 MB.
Text (code) pages =    6.520 MB.
Stack = 0 bytes.
Library pages =  732.602 MB.

