
Note: No compatibility mode selected!


Circuit: * wrom1 -- back end delay: bitline -> dout0  (column 214, ss)

Doing analysis at TEMP = 100.000000 and TNOM = 27.000000

Using SPARSE 1.3 as Direct Linear Solver
Operating point simulation skipped by 'uic',
  now using transient initial conditions.

No. of Data Rows : 6391

  Measurements for Transient Analysis

t_bl2dout           =  1.779684e-09 targ=  4.634148e-08 trig=  4.456180e-08
t_dout_slew         =  2.117958e-09 targ=  4.762937e-08 trig=  4.551141e-08


Total analysis time (seconds) = 24.009

Total elapsed time (seconds) = 95.262 

Total DRAM available = 31789.570 MB.
DRAM currently available = 13933.672 MB.
Maximum ngspice program size =  753.668 MB.
Current ngspice program size =  686.418 MB.

Shared ngspice pages =   10.938 MB.
Text (code) pages =    6.520 MB.
Stack = 0 bytes.
Library pages =  731.504 MB.

