
Note: No compatibility mode selected!


Circuit: * wrom1 -- arka uc gecikmesi: bitline -> dout0  (kolon 214, tt)

Doing analysis at TEMP = 25.000000 and TNOM = 27.000000

Using SPARSE 1.3 as Direct Linear Solver
Operating point simulation skipped by 'uic',
  now using transient initial conditions.

No. of Data Rows : 4024

  Measurements for Transient Analysis

t_bl2dout           =  1.340418e-09 targ=  2.589118e-08 trig=  2.455076e-08
t_dout_slew         =  4.451392e-10 targ=  2.612762e-08 trig=  2.568248e-08


Total analysis time (seconds) = 26.6339

Total elapsed time (seconds) = 128.838 

Total DRAM available = 31789.582 MB.
DRAM currently available = 12917.961 MB.
Maximum ngspice program size =  752.328 MB.
Current ngspice program size =  685.637 MB.

Shared ngspice pages =   11.418 MB.
Text (code) pages =    6.520 MB.
Stack = 0 bytes.
Library pages =  730.164 MB.

