
Note: No compatibility mode selected!


Circuit: * wrom1 -- back end delay: bitline -> dout0  (column 214, ss)

Doing analysis at TEMP = 100.000000 and TNOM = 27.000000

Using SPARSE 1.3 as Direct Linear Solver
Operating point simulation skipped by 'uic',
  now using transient initial conditions.

No. of Data Rows : 4024

  Measurements for Transient Analysis

t_bl2dout           =  9.828091e-10 targ=  5.229391e-08 trig=  5.131110e-08
t_dout_slew         =  2.287385e-09 targ=  5.371975e-08 trig=  5.143236e-08


Total analysis time (seconds) = 34.9979

Total elapsed time (seconds) = 153.054 

Total DRAM available = 31789.559 MB.
DRAM currently available = 18574.059 MB.
Maximum ngspice program size =  753.281 MB.
Current ngspice program size =  686.586 MB.

Shared ngspice pages =   11.391 MB.
Text (code) pages =    6.520 MB.
Stack = 0 bytes.
Library pages =  731.117 MB.

