
Note: No compatibility mode selected!


Circuit: * wrom1 -- arka uc gecikmesi: bitline -> dout0  (kolon 214, tt)

Doing analysis at TEMP = 25.000000 and TNOM = 27.000000

Using SPARSE 1.3 as Direct Linear Solver
Operating point simulation skipped by 'uic',
  now using transient initial conditions.

No. of Data Rows : 4024

  Measurements for Transient Analysis

t_bl2dout           =  1.571347e-09 targ=  2.612211e-08 trig=  2.455076e-08
t_dout_slew         =  7.176092e-10 targ=  2.648209e-08 trig=  2.576448e-08


Total analysis time (seconds) = 26.2927

Total elapsed time (seconds) = 128.593 

Total DRAM available = 31789.582 MB.
DRAM currently available = 13596.184 MB.
Maximum ngspice program size =  752.324 MB.
Current ngspice program size =  685.715 MB.

Shared ngspice pages =   11.473 MB.
Text (code) pages =    6.520 MB.
Stack = 0 bytes.
Library pages =  730.160 MB.

