
Note: No compatibility mode selected!


Circuit: * wrom1 -- back end delay: bitline -> dout0  (column 214, ff)

Doing analysis at TEMP = -40.000000 and TNOM = 27.000000

Using SPARSE 1.3 as Direct Linear Solver
Operating point simulation skipped by 'uic',
  now using transient initial conditions.

No. of Data Rows : 4765

  Measurements for Transient Analysis

t_bl2dout           =  8.453973e-10 targ=  1.497407e-08 trig=  1.412868e-08
t_dout_slew         =  3.170467e-10 targ=  1.512543e-08 trig=  1.480839e-08


Total analysis time (seconds) = 23.061

Total elapsed time (seconds) = 102.909 

Total DRAM available = 31789.570 MB.
DRAM currently available = 13052.824 MB.
Maximum ngspice program size =  754.953 MB.
Current ngspice program size =  687.719 MB.

Shared ngspice pages =   10.973 MB.
Text (code) pages =    6.520 MB.
Stack = 0 bytes.
Library pages =  732.789 MB.

