
Note: No compatibility mode selected!


Circuit: * wrom1 -- cell equivalent gate capacitance (ff)

Doing analysis at TEMP = -40.000000 and TNOM = 27.000000

Using SPARSE 1.3 as Direct Linear Solver
Operating point simulation skipped by 'uic',
  now using transient initial conditions.

No. of Data Rows : 2414

  Measurements for Transient Analysis

q_one               =   -9.64985e-16 from=  5.00000e-14 to=  1.00000e-08
q_zero              =   -9.64985e-16 from=  5.00000e-14 to=  1.00000e-08
c_one_ff            =  4.94864e-01
c_zero_ff           =  4.94864e-01


Total analysis time (seconds) = 0.0586189

Total elapsed time (seconds) = 39.563 

Total DRAM available = 31789.578 MB.
DRAM currently available = 20749.465 MB.
Maximum ngspice program size =  420.375 MB.
Current ngspice program size =  353.688 MB.

Shared ngspice pages =   11.449 MB.
Text (code) pages =    6.520 MB.
Stack = 0 bytes.
Library pages =  398.211 MB.

