
Note: No compatibility mode selected!


Circuit: * wrom1 -- gercek parazitik c ile kolon 1 izole olcum

Doing analysis at TEMP = 100.000000 and TNOM = 27.000000

Using SPARSE 1.3 as Direct Linear Solver

Initial Transient Solution
--------------------------

Node                                   Voltage
----                                   -------
vdd                                        1.6
gnd_uq0                                      0
precharge                                    0
wl_0_0                                     1.6
wl_0_1                                     1.6
wl_0_2                                     1.6
wl_0_3                                     1.6
wl_0_4                                     1.6
wl_0_5                                     1.6
wl_0_6                                     1.6
wl_0_7                                     1.6
wl_0_8                                     1.6
wl_0_9                                     1.6
wl_0_10                                    1.6
wl_0_11                                    1.6
wl_0_12                                    1.6
wl_0_13                                    1.6
wl_0_14                                    1.6
wl_0_15                                    1.6
wl_0_16                                    1.6
wl_0_17                                    1.6
wl_0_18                                    1.6
wl_0_19                                    1.6
wl_0_20                                    1.6
wl_0_21                                    1.6
wl_0_22                                    1.6
wl_0_23                                    1.6
wl_0_24                                    1.6
wl_0_25                                    1.6
wl_0_26                                    1.6
wl_0_27                                    1.6
wl_0_28                                    1.6
wl_0_29                                    1.6
wl_0_30                                    1.6
wl_0_31                                    1.6
wl_0_32                                    1.6
wl_0_33                                    1.6
wl_0_34                                    1.6
wl_0_35                                    1.6
wl_0_36                                    1.6
wl_0_37                                    1.6
wl_0_38                                    1.6
wl_0_39                                    1.6
wl_0_40                                    1.6
wl_0_41                                    1.6
wl_0_42                                    1.6
wl_0_43                                    1.6
wl_0_44                                    1.6
wl_0_45                                    1.6
wl_0_46                                    1.6
wl_0_47                                    1.6
wl_0_48                                    1.6
wl_0_49                                    1.6
wl_0_50                                    1.6
wl_0_51                                    1.6
wl_0_52                                    1.6
wl_0_53                                    1.6
wl_0_54                                    1.6
wl_0_55                                    1.6
wl_0_56                                    1.6
wl_0_57                                    1.6
wl_0_58                                    1.6
wl_0_59                                    1.6
wl_0_60                                    1.6
wl_0_61                                    1.6
wl_0_62                                    1.6
wl_0_63                                    1.6
wl_0_64                                    1.6
wl_0_65                                    1.6
wl_0_66                                    1.6
wl_0_67                                    1.6
wl_0_68                                    1.6
wl_0_69                                    1.6
wl_0_70                                    1.6
wl_0_71                                    1.6
wl_0_72                                    1.6
wl_0_73                                    1.6
wl_0_74                                    1.6
wl_0_75                                    1.6
wl_0_76                                    1.6
wl_0_77                                    1.6
wl_0_78                                    1.6
wl_0_79                                    1.6
wl_0_80                                    1.6
wl_0_81                                    1.6
wl_0_82                                    1.6
wl_0_83                                    1.6
wl_0_84                                    1.6
wl_0_85                                    1.6
wl_0_86                                    1.6
wl_0_87                                    1.6
wl_0_88                                    1.6
wl_0_89                                    1.6
wl_0_90                                    1.6
wl_0_91                                    1.6
wl_0_92                                    1.6
wl_0_93                                    1.6
wl_0_94                                    1.6
wl_0_95                                    1.6
wl_0_96                                    1.6
wl_0_97                                    1.6
wl_0_98                                    1.6
wl_0_99                                    1.6
wl_0_100                                   1.6
wl_0_101                                   1.6
wl_0_102                                   1.6
wl_0_103                                   1.6
wl_0_104                                   1.6
wl_0_105                                   1.6
bl_0_1                                     1.6
bl_b                               3.46871e-07
wrom1_rom_base_one_cell_17486/d         1.03149
wrom1_rom_base_one_cell_17328/d        0.989173
wrom1_rom_base_one_cell_16999/d        0.969128
wrom1_rom_base_one_cell_16821/d        0.955872
wrom1_rom_base_one_cell_16665/d        0.945996
wrom1_rom_base_one_cell_16359/d        0.938226
wrom1_rom_base_one_cell_16190/d        0.931778
wrom1_rom_base_one_cell_16033/d        0.926277
wrom1_rom_base_one_cell_15870/d        0.921486
wrom1_rom_base_one_cell_15698/d        0.917246
wrom1_rom_base_one_cell_15524/d        0.913449
wrom1_rom_base_one_cell_15012/d        0.910093
wrom1_rom_base_one_cell_14195/d        0.907176
wrom1_rom_base_one_cell_13734/d        0.904554
wrom1_rom_base_one_cell_13564/d         0.90212
wrom1_rom_base_one_cell_12908/d        0.899943
wrom1_rom_base_one_cell_12780/d        0.897902
wrom1_rom_base_one_cell_12319/d        0.896038
wrom1_rom_base_one_cell_11551/d        0.894388
wrom1_rom_base_zero_cell_9923/s        0.892875
wrom1_rom_base_one_cell_10414/d        0.891512
wrom1_rom_base_one_cell_9649/s        0.890214
wrom1_rom_base_one_cell_9649/d        0.889046
wrom1_rom_base_one_cell_8856/d        0.888022
wrom1_rom_base_one_cell_8686/d        0.887042
wrom1_rom_base_one_cell_8370/d        0.886124
wrom1_rom_base_one_cell_8195/d        0.885243
wrom1_rom_base_one_cell_8020/d        0.884398
wrom1_rom_base_one_cell_7679/d        0.883608
wrom1_rom_base_one_cell_7511/d        0.882848
wrom1_rom_base_one_cell_7354/d        0.882118
wrom1_rom_base_one_cell_7033/d        0.881437
wrom1_rom_base_one_cell_6866/d        0.880781
wrom1_rom_base_one_cell_6694/d        0.880151
wrom1_rom_base_one_cell_6369/d        0.879565
wrom1_rom_base_one_cell_6188/d        0.879001
wrom1_rom_base_one_cell_6045/d        0.878459
wrom1_rom_base_one_cell_5716/d        0.877957
wrom1_rom_base_one_cell_5555/d        0.877474
wrom1_rom_base_one_cell_5381/d        0.877011
wrom1_rom_base_one_cell_5040/d        0.876585
wrom1_rom_base_one_cell_4874/d        0.876177
wrom1_rom_base_one_cell_4403/d         0.87582
wrom1_rom_base_one_cell_4230/d         0.87548
wrom1_rom_base_one_cell_4054/d        0.875155
wrom1_rom_base_one_cell_3753/d        0.874864
wrom1_rom_base_one_cell_3589/d        0.874587
wrom1_rom_base_one_cell_3414/d        0.874325
wrom1_rom_base_one_cell_3082/d        0.874094
wrom1_rom_base_one_cell_2927/d        0.873877
wrom1_rom_base_one_cell_2747/d        0.873674
wrom1_rom_base_one_cell_2413/d        0.873501
wrom1_rom_base_one_cell_2268/d        0.873341
wrom1_rom_base_one_cell_2107/d        0.873195
wrom1_rom_base_one_cell_1932/d        0.873062
wrom1_rom_base_one_cell_1795/d        0.872941
wrom1_rom_base_one_cell_1631/d        0.872833
wrom1_rom_base_one_cell_1456/d        0.872738
wrom1_rom_base_one_cell_1301/d        0.872656
wrom1_rom_base_one_cell_986/s         0.872586
wrom1_rom_base_one_cell_986/d         0.872529
wrom1_rom_base_one_cell_810/d         0.872484
vwl105#branch                                0
vwl104#branch                                0
vwl103#branch                                0
vwl102#branch                                0
vwl101#branch                                0
vwl100#branch                                0
vwl99#branch                                 0
vwl98#branch                                 0
vwl97#branch                                 0
vwl96#branch                                 0
vwl95#branch                                 0
vwl94#branch                                 0
vwl93#branch                                 0
vwl92#branch                                 0
vwl91#branch                                 0
vwl90#branch                                 0
vwl89#branch                                 0
vwl88#branch                                 0
vwl87#branch                                 0
vwl86#branch                                 0
vwl85#branch                                 0
vwl84#branch                                 0
vwl83#branch                                 0
vwl82#branch                                 0
vwl81#branch                                 0
vwl80#branch                                 0
vwl79#branch                                 0
vwl78#branch                                 0
vwl77#branch                                 0
vwl76#branch                                 0
vwl75#branch                                 0
vwl74#branch                                 0
vwl73#branch                                 0
vwl72#branch                                 0
vwl71#branch                                 0
vwl70#branch                                 0
vwl69#branch                                 0
vwl68#branch                                 0
vwl67#branch                                 0
vwl66#branch                                 0
vwl65#branch                                 0
vwl64#branch                                 0
vwl63#branch                                 0
vwl62#branch                                 0
vwl61#branch                                 0
vwl60#branch                                 0
vwl59#branch                                 0
vwl58#branch                                 0
vwl57#branch                                 0
vwl56#branch                                 0
vwl55#branch                                 0
vwl54#branch                                 0
vwl53#branch                                 0
vwl52#branch                                 0
vwl51#branch                                 0
vwl50#branch                                 0
vwl49#branch                                 0
vwl48#branch                                 0
vwl47#branch                                 0
vwl46#branch                                 0
vwl45#branch                                 0
vwl44#branch                                 0
vwl43#branch                                 0
vwl42#branch                                 0
vwl41#branch                                 0
vwl40#branch                                 0
vwl39#branch                                 0
vwl38#branch                                 0
vwl37#branch                                 0
vwl36#branch                                 0
vwl35#branch                                 0
vwl34#branch                                 0
vwl33#branch                                 0
vwl32#branch                                 0
vwl31#branch                                 0
vwl30#branch                                 0
vwl29#branch                                 0
vwl28#branch                                 0
vwl27#branch                                 0
vwl26#branch                                 0
vwl25#branch                                 0
vwl24#branch                                 0
vwl23#branch                                 0
vwl22#branch                                 0
vwl21#branch                                 0
vwl20#branch                                 0
vwl19#branch                                 0
vwl18#branch                                 0
vwl17#branch                                 0
vwl16#branch                                 0
vwl15#branch                                 0
vwl14#branch                                 0
vwl13#branch                                 0
vwl12#branch                                 0
vwl11#branch                                 0
vwl10#branch                                 0
vwl9#branch                                  0
vwl8#branch                                  0
vwl7#branch                                  0
vwl6#branch                                  0
vwl5#branch                                  0
vwl4#branch                                  0
vwl3#branch                                  0
vwl2#branch                                  0
vwl1#branch                                  0
vwl0#branch                                  0
vprecharge#branch                            0
vgndgnd_uq0#branch                  1.7899e-13
vvdd#branch                       -5.03704e-10

 Reference value :  0.00000e+00 Reference value :  3.14280e-08 Reference value :  6.38280e-08 Reference value :  9.55280e-08 Reference value :  1.18620e-07 Reference value :  1.51420e-07 Reference value :  1.82320e-07 Reference value :  2.10420e-07 Reference value :  2.42820e-07 Reference value :  2.78320e-07 Reference value :  3.09620e-07 Reference value :  3.46220e-07 Reference value :  3.80020e-07
No. of Data Rows : 4026

  Measurements for Transient Analysis

t_dis_50            =  2.727012e-08 targ=  1.273201e-07 trig=  1.000500e-07
t_dis_10            =  4.893415e-08 targ=  1.489841e-07 trig=  1.000500e-07
t_pre_90            =  7.488913e-10 targ=  2.007989e-07 trig=  2.000500e-07
t_pre_99            =  1.425063e-08 targ=  2.143006e-07 trig=  2.000500e-07


Total analysis time (seconds) = 1.4106

Total elapsed time (seconds) = 99.649 

Total DRAM available = 31789.582 MB.
DRAM currently available = 6783.055 MB.
Maximum ngspice program size =  420.473 MB.
Current ngspice program size =  353.750 MB.

Shared ngspice pages =   11.414 MB.
Text (code) pages =    6.520 MB.
Stack = 0 bytes.
Library pages =  398.309 MB.

