
Note: No compatibility mode selected!


Circuit: * wrom1 -- gercek parazitik c ile kolon 214 izole olcum

Doing analysis at TEMP = 100.000000 and TNOM = 27.000000

Using SPARSE 1.3 as Direct Linear Solver

Initial Transient Solution
--------------------------

Node                                   Voltage
----                                   -------
vdd                                        1.6
gnd_uq0                                      0
precharge                                    0
wl_0_0                                     1.6
wl_0_1                                     1.6
wl_0_2                                     1.6
wl_0_3                                     1.6
wl_0_4                                     1.6
wl_0_5                                     1.6
wl_0_6                                     1.6
wl_0_7                                     1.6
wl_0_8                                     1.6
wl_0_9                                     1.6
wl_0_10                                    1.6
wl_0_11                                    1.6
wl_0_12                                    1.6
wl_0_13                                    1.6
wl_0_14                                    1.6
wl_0_15                                    1.6
wl_0_16                                    1.6
wl_0_17                                    1.6
wl_0_18                                    1.6
wl_0_19                                    1.6
wl_0_20                                    1.6
wl_0_21                                    1.6
wl_0_22                                    1.6
wl_0_23                                    1.6
wl_0_24                                    1.6
wl_0_25                                    1.6
wl_0_26                                    1.6
wl_0_27                                    1.6
wl_0_28                                    1.6
wl_0_29                                    1.6
wl_0_30                                    1.6
wl_0_31                                    1.6
wl_0_32                                    1.6
wl_0_33                                    1.6
wl_0_34                                    1.6
wl_0_35                                    1.6
wl_0_36                                    1.6
wl_0_37                                    1.6
wl_0_38                                    1.6
wl_0_39                                    1.6
wl_0_40                                    1.6
wl_0_41                                    1.6
wl_0_42                                    1.6
wl_0_43                                    1.6
wl_0_44                                    1.6
wl_0_45                                    1.6
wl_0_46                                    1.6
wl_0_47                                    1.6
wl_0_48                                    1.6
wl_0_49                                    1.6
wl_0_50                                    1.6
wl_0_51                                    1.6
wl_0_52                                    1.6
wl_0_53                                    1.6
wl_0_54                                    1.6
wl_0_55                                    1.6
wl_0_56                                    1.6
wl_0_57                                    1.6
wl_0_58                                    1.6
wl_0_59                                    1.6
wl_0_60                                    1.6
wl_0_61                                    1.6
wl_0_62                                    1.6
wl_0_63                                    1.6
wl_0_64                                    1.6
wl_0_65                                    1.6
wl_0_66                                    1.6
wl_0_67                                    1.6
wl_0_68                                    1.6
wl_0_69                                    1.6
wl_0_70                                    1.6
wl_0_71                                    1.6
wl_0_72                                    1.6
wl_0_73                                    1.6
wl_0_74                                    1.6
wl_0_75                                    1.6
wl_0_76                                    1.6
wl_0_77                                    1.6
wl_0_78                                    1.6
wl_0_79                                    1.6
wl_0_80                                    1.6
wl_0_81                                    1.6
wl_0_82                                    1.6
wl_0_83                                    1.6
wl_0_84                                    1.6
wl_0_85                                    1.6
wl_0_86                                    1.6
wl_0_87                                    1.6
wl_0_88                                    1.6
wl_0_89                                    1.6
wl_0_90                                    1.6
wl_0_91                                    1.6
wl_0_92                                    1.6
wl_0_93                                    1.6
wl_0_94                                    1.6
wl_0_95                                    1.6
wl_0_96                                    1.6
wl_0_97                                    1.6
wl_0_98                                    1.6
wl_0_99                                    1.6
wl_0_100                                   1.6
wl_0_101                                   1.6
wl_0_102                                   1.6
wl_0_103                                   1.6
wl_0_104                                   1.6
wl_0_105                                   1.6
wl_0_106                                   1.6
wl_0_107                                   1.6
wl_0_108                                   1.6
wl_0_109                                   1.6
wl_0_110                                   1.6
wl_0_111                                   1.6
wl_0_112                                   1.6
wl_0_113                                   1.6
wl_0_114                                   1.6
wl_0_115                                   1.6
wl_0_116                                   1.6
wl_0_117                                   1.6
wl_0_118                                   1.6
wl_0_119                                   1.6
wl_0_120                                   1.6
wl_0_121                                   1.6
wl_0_122                                   1.6
wl_0_123                                   1.6
wl_0_124                                   1.6
wl_0_125                                   1.6
wl_0_126                                   1.6
wl_0_127                                   1.6
wl_0_128                                   1.6
wl_0_129                                   1.6
wl_0_130                                   1.6
wl_0_131                                   1.6
wl_0_132                                   1.6
bl_0_214                                   1.6
bl_b                               3.46871e-07
wrom1_rom_base_one_cell_16988/d          1.0253
wrom1_rom_base_one_cell_16848/d        0.982824
wrom1_rom_base_one_cell_16597/d        0.962685
wrom1_rom_base_one_cell_16351/d        0.949467
wrom1_rom_base_one_cell_16089/d        0.939677
wrom1_rom_base_one_cell_15964/d        0.931866
wrom1_rom_base_one_cell_15692/d        0.925437
wrom1_rom_base_one_cell_15550/d        0.919939
wrom1_rom_base_one_cell_15279/d        0.915187
wrom1_rom_base_one_cell_15147/d        0.910972
wrom1_rom_base_one_cell_15011/d        0.907187
wrom1_rom_base_one_cell_14872/d        0.903755
wrom1_rom_base_one_cell_14600/d         0.90065
wrom1_rom_base_one_cell_14363/d         0.89782
wrom1_rom_base_one_cell_14223/d        0.895197
wrom1_rom_base_one_cell_13963/d        0.892781
wrom1_rom_base_one_cell_13730/d        0.890545
wrom1_rom_base_one_cell_13591/d        0.888444
wrom1_rom_base_one_cell_13468/d        0.886465
wrom1_rom_base_one_cell_13345/d        0.884594
wrom1_rom_base_one_cell_13213/d        0.882821
wrom1_rom_base_one_cell_13072/d        0.881138
wrom1_rom_base_one_cell_12936/d        0.879536
wrom1_rom_base_one_cell_12829/d        0.878009
wrom1_rom_base_one_cell_12718/d         0.87655
wrom1_rom_base_one_cell_12478/d        0.875172
wrom1_rom_base_one_cell_12347/d        0.873851
wrom1_rom_base_one_cell_12245/d        0.872583
wrom1_rom_base_one_cell_12105/d        0.871366
wrom1_rom_base_one_cell_11980/d        0.870195
wrom1_rom_base_one_cell_11861/d        0.869068
wrom1_rom_base_one_cell_11736/d        0.867982
wrom1_rom_base_one_cell_11612/d        0.866934
wrom1_rom_base_one_cell_11342/d        0.865936
wrom1_rom_base_one_cell_11078/d        0.864985
wrom1_rom_base_one_cell_10954/d        0.864065
wrom1_rom_base_zero_cell_9962/s        0.863175
wrom1_rom_base_one_cell_10439/d        0.862338
wrom1_rom_base_one_cell_10302/d        0.861526
wrom1_rom_base_one_cell_9932/s        0.860739
wrom1_rom_base_one_cell_9932/d        0.859988
wrom1_rom_base_one_cell_9833/d        0.859259
wrom1_rom_base_one_cell_9712/d        0.858551
wrom1_rom_base_one_cell_9570/d        0.857863
wrom1_rom_base_one_cell_9325/d        0.857206
wrom1_rom_base_one_cell_9071/d        0.856577
wrom1_rom_base_one_cell_8947/d        0.855967
wrom1_rom_base_one_cell_8819/d        0.855373
wrom1_rom_base_one_cell_8555/d        0.854805
wrom1_rom_base_one_cell_8436/d        0.854253
wrom1_rom_base_one_cell_8300/d        0.853716
wrom1_rom_base_one_cell_8149/d        0.853194
wrom1_rom_base_one_cell_8017/d        0.852685
wrom1_rom_base_one_cell_7743/d        0.852199
wrom1_rom_base_one_cell_7091/d        0.851764
wrom1_rom_base_one_cell_6827/d        0.851351
wrom1_rom_base_one_cell_6283/d        0.850976
wrom1_rom_base_one_cell_6146/d        0.850612
wrom1_rom_base_one_cell_6034/d        0.850258
wrom1_rom_base_one_cell_5901/d        0.849914
wrom1_rom_base_one_cell_5769/d         0.84958
wrom1_rom_base_one_cell_5515/d        0.849265
wrom1_rom_base_one_cell_5377/d        0.848958
wrom1_rom_base_one_cell_5115/d         0.84867
wrom1_rom_base_one_cell_4966/d         0.84839
wrom1_rom_base_one_cell_4582/d        0.848136
wrom1_rom_base_one_cell_4464/d        0.847891
wrom1_rom_base_one_cell_4046/d         0.84767
wrom1_rom_base_one_cell_3915/d        0.847458
wrom1_rom_base_one_cell_3807/d        0.847253
wrom1_rom_base_one_cell_3536/d        0.847064
wrom1_rom_base_one_cell_3281/d        0.846891
wrom1_rom_base_one_cell_3143/d        0.846725
wrom1_rom_base_one_cell_2880/d        0.846575
wrom1_rom_base_one_cell_2731/d        0.846432
wrom1_rom_base_one_cell_2479/d        0.846304
wrom1_rom_base_one_cell_2341/d        0.846182
wrom1_rom_base_one_cell_2235/d        0.846068
wrom1_rom_base_one_cell_1959/d        0.845969
wrom1_rom_base_one_cell_1846/d        0.845876
wrom1_rom_base_one_cell_1718/d         0.84579
wrom1_rom_base_one_cell_1581/d         0.84571
wrom1_rom_base_one_cell_1449/d        0.845637
wrom1_rom_base_one_cell_1214/d        0.845578
wrom1_rom_base_one_cell_652/s         0.845526
wrom1_rom_base_one_cell_652/d         0.845497
wrom1_rom_base_one_cell_41/s           0.84549
vwl132#branch                                0
vwl131#branch                                0
vwl130#branch                                0
vwl129#branch                                0
vwl128#branch                                0
vwl127#branch                                0
vwl126#branch                                0
vwl125#branch                                0
vwl124#branch                                0
vwl123#branch                                0
vwl122#branch                                0
vwl121#branch                                0
vwl120#branch                                0
vwl119#branch                                0
vwl118#branch                                0
vwl117#branch                                0
vwl116#branch                                0
vwl115#branch                                0
vwl114#branch                                0
vwl113#branch                                0
vwl112#branch                                0
vwl111#branch                                0
vwl110#branch                                0
vwl109#branch                                0
vwl108#branch                                0
vwl107#branch                                0
vwl106#branch                                0
vwl105#branch                                0
vwl104#branch                                0
vwl103#branch                                0
vwl102#branch                                0
vwl101#branch                                0
vwl100#branch                                0
vwl99#branch                                 0
vwl98#branch                                 0
vwl97#branch                                 0
vwl96#branch                                 0
vwl95#branch                                 0
vwl94#branch                                 0
vwl93#branch                                 0
vwl92#branch                                 0
vwl91#branch                                 0
vwl90#branch                                 0
vwl89#branch                                 0
vwl88#branch                                 0
vwl87#branch                                 0
vwl86#branch                                 0
vwl85#branch                                 0
vwl84#branch                                 0
vwl83#branch                                 0
vwl82#branch                                 0
vwl81#branch                                 0
vwl80#branch                                 0
vwl79#branch                                 0
vwl78#branch                                 0
vwl77#branch                                 0
vwl76#branch                                 0
vwl75#branch                                 0
vwl74#branch                                 0
vwl73#branch                                 0
vwl72#branch                                 0
vwl71#branch                                 0
vwl70#branch                                 0
vwl69#branch                                 0
vwl68#branch                                 0
vwl67#branch                                 0
vwl66#branch                                 0
vwl65#branch                                 0
vwl64#branch                                 0
vwl63#branch                                 0
vwl62#branch                                 0
vwl61#branch                                 0
vwl60#branch                                 0
vwl59#branch                                 0
vwl58#branch                                 0
vwl57#branch                                 0
vwl56#branch                                 0
vwl55#branch                                 0
vwl54#branch                                 0
vwl53#branch                                 0
vwl52#branch                                 0
vwl51#branch                                 0
vwl50#branch                                 0
vwl49#branch                                 0
vwl48#branch                                 0
vwl47#branch                                 0
vwl46#branch                                 0
vwl45#branch                                 0
vwl44#branch                                 0
vwl43#branch                                 0
vwl42#branch                                 0
vwl41#branch                                 0
vwl40#branch                                 0
vwl39#branch                                 0
vwl38#branch                                 0
vwl37#branch                                 0
vwl36#branch                                 0
vwl35#branch                                 0
vwl34#branch                                 0
vwl33#branch                                 0
vwl32#branch                                 0
vwl31#branch                                 0
vwl30#branch                                 0
vwl29#branch                                 0
vwl28#branch                                 0
vwl27#branch                                 0
vwl26#branch                                 0
vwl25#branch                                 0
vwl24#branch                                 0
vwl23#branch                                 0
vwl22#branch                                 0
vwl21#branch                                 0
vwl20#branch                                 0
vwl19#branch                                 0
vwl18#branch                                 0
vwl17#branch                                 0
vwl16#branch                                 0
vwl15#branch                                 0
vwl14#branch                                 0
vwl13#branch                                 0
vwl12#branch                                 0
vwl11#branch                                 0
vwl10#branch                                 0
vwl9#branch                                  0
vwl8#branch                                  0
vwl7#branch                                  0
vwl6#branch                                  0
vwl5#branch                                  0
vwl4#branch                                  0
vwl3#branch                                  0
vwl2#branch                                  0
vwl1#branch                                  0
vwl0#branch                                  0
vprecharge#branch                            0
vgndgnd_uq0#branch                 1.74476e-13
vvdd#branch                       -5.03704e-10


No. of Data Rows : 4026

  Measurements for Transient Analysis

t_dis_50            =  4.154017e-08 targ=  1.415902e-07 trig=  1.000500e-07
t_dis_10            =  7.491730e-08 targ=  1.749673e-07 trig=  1.000500e-07
t_pre_90            =  8.446677e-10 targ=  2.008947e-07 trig=  2.000500e-07
t_pre_99            =  1.154653e-08 targ=  2.115965e-07 trig=  2.000500e-07


Total analysis time (seconds) = 5.52913

Total elapsed time (seconds) = 150.470 

Total DRAM available = 31789.582 MB.
DRAM currently available =  297.152 MB.
Maximum ngspice program size =  420.031 MB.
Current ngspice program size =  353.238 MB.

Shared ngspice pages =   11.344 MB.
Text (code) pages =    6.520 MB.
Stack = 0 bytes.
Library pages =  397.867 MB.

