
Note: No compatibility mode selected!


Circuit: * wrom1 -- isolated measurement of column 214 with real parasitic c

Doing analysis at TEMP = -40.000000 and TNOM = 27.000000

Using SPARSE 1.3 as Direct Linear Solver
Note: Starting dynamic gmin stepping
Note: Dynamic gmin stepping completed

Initial Transient Solution
--------------------------

Node                                   Voltage
----                                   -------
vdd                                       1.95
gnd_uq0                                      0
precharge                                    0
wl_0_0                                    1.95
wl_0_1                                    1.95
wl_0_2                                    1.95
wl_0_3                                    1.95
wl_0_4                                    1.95
wl_0_5                                    1.95
wl_0_6                                    1.95
wl_0_7                                    1.95
wl_0_8                                    1.95
wl_0_9                                    1.95
wl_0_10                                   1.95
wl_0_11                                   1.95
wl_0_12                                   1.95
wl_0_13                                   1.95
wl_0_14                                   1.95
wl_0_15                                   1.95
wl_0_16                                   1.95
wl_0_17                                   1.95
wl_0_18                                   1.95
wl_0_19                                   1.95
wl_0_20                                   1.95
wl_0_21                                   1.95
wl_0_22                                   1.95
wl_0_23                                   1.95
wl_0_24                                   1.95
wl_0_25                                   1.95
wl_0_26                                   1.95
wl_0_27                                   1.95
wl_0_28                                   1.95
wl_0_29                                   1.95
wl_0_30                                   1.95
wl_0_31                                   1.95
wl_0_32                                   1.95
wl_0_33                                   1.95
wl_0_34                                   1.95
wl_0_35                                   1.95
wl_0_36                                   1.95
wl_0_37                                   1.95
wl_0_38                                   1.95
wl_0_39                                   1.95
wl_0_40                                   1.95
wl_0_41                                   1.95
wl_0_42                                   1.95
wl_0_43                                   1.95
wl_0_44                                   1.95
wl_0_45                                   1.95
wl_0_46                                   1.95
wl_0_47                                   1.95
wl_0_48                                   1.95
wl_0_49                                   1.95
wl_0_50                                   1.95
wl_0_51                                   1.95
wl_0_52                                   1.95
wl_0_53                                   1.95
wl_0_54                                   1.95
wl_0_55                                   1.95
wl_0_56                                   1.95
wl_0_57                                   1.95
wl_0_58                                   1.95
wl_0_59                                   1.95
wl_0_60                                   1.95
wl_0_61                                   1.95
wl_0_62                                   1.95
wl_0_63                                   1.95
wl_0_64                                   1.95
wl_0_65                                   1.95
wl_0_66                                   1.95
wl_0_67                                   1.95
wl_0_68                                   1.95
wl_0_69                                   1.95
wl_0_70                                   1.95
wl_0_71                                   1.95
wl_0_72                                   1.95
wl_0_73                                   1.95
wl_0_74                                   1.95
wl_0_75                                   1.95
wl_0_76                                   1.95
wl_0_77                                   1.95
wl_0_78                                   1.95
wl_0_79                                   1.95
wl_0_80                                   1.95
wl_0_81                                   1.95
wl_0_82                                   1.95
wl_0_83                                   1.95
wl_0_84                                   1.95
wl_0_85                                   1.95
wl_0_86                                   1.95
wl_0_87                                   1.95
wl_0_88                                   1.95
wl_0_89                                   1.95
wl_0_90                                   1.95
wl_0_91                                   1.95
wl_0_92                                   1.95
wl_0_93                                   1.95
wl_0_94                                   1.95
wl_0_95                                   1.95
wl_0_96                                   1.95
wl_0_97                                   1.95
wl_0_98                                   1.95
wl_0_99                                   1.95
wl_0_100                                  1.95
wl_0_101                                  1.95
wl_0_102                                  1.95
wl_0_103                                  1.95
wl_0_104                                  1.95
wl_0_105                                  1.95
wl_0_106                                  1.95
wl_0_107                                  1.95
wl_0_108                                  1.95
wl_0_109                                  1.95
wl_0_110                                  1.95
wl_0_111                                  1.95
wl_0_112                                  1.95
wl_0_113                                  1.95
wl_0_114                                  1.95
wl_0_115                                  1.95
wl_0_116                                  1.95
wl_0_117                                  1.95
wl_0_118                                  1.95
wl_0_119                                  1.95
wl_0_120                                  1.95
wl_0_121                                  1.95
wl_0_122                                  1.95
wl_0_123                                  1.95
wl_0_124                                  1.95
wl_0_125                                  1.95
wl_0_126                                  1.95
wl_0_127                                  1.95
wl_0_128                                  1.95
wl_0_129                                  1.95
wl_0_130                                  1.95
wl_0_131                                  1.95
wl_0_132                                  1.95
bl_0_214                                  1.95
bl_b                               3.46052e-08
wrom1_rom_base_one_cell_16988/d         1.45855
bl_0_214_r                                1.95
wrom1_rom_base_one_cell_16848/d          1.4121
wrom1_rom_base_one_cell_16988/d_r1         1.45855
wrom1_rom_base_one_cell_16597/d         1.39515
wrom1_rom_base_one_cell_16848/d_r2          1.4121
wrom1_rom_base_one_cell_16351/d         1.38485
wrom1_rom_base_one_cell_16597/d_r3         1.39515
wrom1_rom_base_one_cell_16089/d          1.3775
wrom1_rom_base_one_cell_16351/d_r4         1.38485
wrom1_rom_base_one_cell_15964/d         1.37177
wrom1_rom_base_one_cell_16089/d_r5          1.3775
wrom1_rom_base_one_cell_15692/d         1.36711
wrom1_rom_base_one_cell_15964/d_r6         1.37177
wrom1_rom_base_one_cell_15550/d         1.36317
wrom1_rom_base_one_cell_15692/d_r7         1.36711
wrom1_rom_base_one_cell_15279/d         1.35978
wrom1_rom_base_one_cell_15550/d_r8         1.36317
wrom1_rom_base_one_cell_15147/d          1.3568
wrom1_rom_base_one_cell_15279/d_r9         1.35978
wrom1_rom_base_one_cell_15011/d         1.35413
wrom1_rom_base_one_cell_15147/d_r10          1.3568
wrom1_rom_base_one_cell_14872/d         1.35172
wrom1_rom_base_one_cell_15011/d_r11         1.35413
wrom1_rom_base_one_cell_14600/d         1.34954
wrom1_rom_base_one_cell_14872/d_r12         1.35172
wrom1_rom_base_one_cell_14363/d         1.34755
wrom1_rom_base_one_cell_14600/d_r13         1.34954
wrom1_rom_base_one_cell_14223/d         1.34572
wrom1_rom_base_one_cell_14363/d_r14         1.34755
wrom1_rom_base_one_cell_13963/d         1.34403
wrom1_rom_base_one_cell_14223/d_r15         1.34572
wrom1_rom_base_one_cell_13730/d         1.34247
wrom1_rom_base_one_cell_13963/d_r16         1.34403
wrom1_rom_base_one_cell_13591/d           1.341
wrom1_rom_base_one_cell_13730/d_r17         1.34247
wrom1_rom_base_one_cell_13468/d         1.33962
wrom1_rom_base_one_cell_13591/d_r18           1.341
wrom1_rom_base_one_cell_13345/d         1.33832
wrom1_rom_base_one_cell_13468/d_r19         1.33962
wrom1_rom_base_one_cell_13213/d         1.33709
wrom1_rom_base_one_cell_13345/d_r20         1.33832
wrom1_rom_base_one_cell_13072/d         1.33592
wrom1_rom_base_one_cell_13213/d_r21         1.33709
wrom1_rom_base_one_cell_12936/d          1.3348
wrom1_rom_base_one_cell_13072/d_r22         1.33592
wrom1_rom_base_one_cell_12829/d         1.33375
wrom1_rom_base_one_cell_12936/d_r23          1.3348
wrom1_rom_base_one_cell_12718/d         1.33274
wrom1_rom_base_one_cell_12829/d_r24         1.33375
wrom1_rom_base_one_cell_12478/d         1.33178
wrom1_rom_base_one_cell_12718/d_r25         1.33274
wrom1_rom_base_one_cell_12347/d         1.33086
wrom1_rom_base_one_cell_12478/d_r26         1.33178
wrom1_rom_base_one_cell_12245/d         1.32999
wrom1_rom_base_one_cell_12347/d_r27         1.33086
wrom1_rom_base_one_cell_12105/d         1.32914
wrom1_rom_base_one_cell_12245/d_r28         1.32999
wrom1_rom_base_one_cell_11980/d         1.32834
wrom1_rom_base_one_cell_12105/d_r29         1.32914
wrom1_rom_base_one_cell_11861/d         1.32756
wrom1_rom_base_one_cell_11980/d_r30         1.32834
wrom1_rom_base_one_cell_11736/d         1.32681
wrom1_rom_base_one_cell_11861/d_r31         1.32756
wrom1_rom_base_one_cell_11612/d         1.32608
wrom1_rom_base_one_cell_11736/d_r32         1.32681
wrom1_rom_base_one_cell_11342/d          1.3254
wrom1_rom_base_one_cell_11612/d_r33         1.32608
wrom1_rom_base_one_cell_11078/d         1.32474
wrom1_rom_base_one_cell_11342/d_r34          1.3254
wrom1_rom_base_one_cell_10954/d          1.3241
wrom1_rom_base_one_cell_11078/d_r35         1.32474
wrom1_rom_base_zero_cell_9962/s         1.32349
wrom1_rom_base_one_cell_10954/d_r36          1.3241
wrom1_rom_base_one_cell_10439/d         1.32291
wrom1_rom_base_zero_cell_9962/s_r37         1.32349
wrom1_rom_base_one_cell_10302/d         1.32235
wrom1_rom_base_one_cell_10439/d_r38         1.32291
wrom1_rom_base_one_cell_9932/s          1.3218
wrom1_rom_base_one_cell_10302/d_r39         1.32235
wrom1_rom_base_one_cell_9932/d         1.32128
wrom1_rom_base_one_cell_9932/s_r40          1.3218
wrom1_rom_base_one_cell_9833/d         1.32078
wrom1_rom_base_one_cell_9932/d_r41         1.32128
wrom1_rom_base_one_cell_9712/d         1.32029
wrom1_rom_base_one_cell_9833/d_r42         1.32078
wrom1_rom_base_one_cell_9570/d         1.31982
wrom1_rom_base_one_cell_9712/d_r43         1.32029
wrom1_rom_base_one_cell_9325/d         1.31936
wrom1_rom_base_one_cell_9570/d_r44         1.31982
wrom1_rom_base_one_cell_9071/d         1.31893
wrom1_rom_base_one_cell_9325/d_r45         1.31936
wrom1_rom_base_one_cell_8947/d         1.31851
wrom1_rom_base_one_cell_9071/d_r46         1.31893
wrom1_rom_base_one_cell_8819/d          1.3181
wrom1_rom_base_one_cell_8947/d_r47         1.31851
wrom1_rom_base_one_cell_8555/d          1.3177
wrom1_rom_base_one_cell_8819/d_r48          1.3181
wrom1_rom_base_one_cell_8436/d         1.31732
wrom1_rom_base_one_cell_8555/d_r49          1.3177
wrom1_rom_base_one_cell_8300/d         1.31695
wrom1_rom_base_one_cell_8436/d_r50         1.31732
wrom1_rom_base_one_cell_8149/d         1.31659
wrom1_rom_base_one_cell_8300/d_r51         1.31695
wrom1_rom_base_one_cell_8017/d         1.31625
wrom1_rom_base_one_cell_8149/d_r52         1.31659
wrom1_rom_base_one_cell_7743/d         1.31591
wrom1_rom_base_one_cell_8017/d_r53         1.31625
wrom1_rom_base_one_cell_7091/d         1.31561
wrom1_rom_base_one_cell_7743/d_r54         1.31591
wrom1_rom_base_one_cell_6827/d         1.31532
wrom1_rom_base_one_cell_7091/d_r55         1.31561
wrom1_rom_base_one_cell_6283/d         1.31506
wrom1_rom_base_one_cell_6827/d_r56         1.31532
wrom1_rom_base_one_cell_6146/d          1.3148
wrom1_rom_base_one_cell_6283/d_r57         1.31506
wrom1_rom_base_one_cell_6034/d         1.31456
wrom1_rom_base_one_cell_6146/d_r58          1.3148
wrom1_rom_base_one_cell_5901/d         1.31432
wrom1_rom_base_one_cell_6034/d_r59         1.31456
wrom1_rom_base_one_cell_5769/d         1.31408
wrom1_rom_base_one_cell_5901/d_r60         1.31432
wrom1_rom_base_one_cell_5515/d         1.31386
wrom1_rom_base_one_cell_5769/d_r61         1.31408
wrom1_rom_base_one_cell_5377/d         1.31365
wrom1_rom_base_one_cell_5515/d_r62         1.31386
wrom1_rom_base_one_cell_5115/d         1.31345
wrom1_rom_base_one_cell_5377/d_r63         1.31365
wrom1_rom_base_one_cell_4966/d         1.31325
wrom1_rom_base_one_cell_5115/d_r64         1.31345
wrom1_rom_base_one_cell_4582/d         1.31308
wrom1_rom_base_one_cell_4966/d_r65         1.31325
wrom1_rom_base_one_cell_4464/d         1.31291
wrom1_rom_base_one_cell_4582/d_r66         1.31308
wrom1_rom_base_one_cell_4046/d         1.31275
wrom1_rom_base_one_cell_4464/d_r67         1.31291
wrom1_rom_base_one_cell_3915/d          1.3126
wrom1_rom_base_one_cell_4046/d_r68         1.31275
wrom1_rom_base_one_cell_3807/d         1.31246
wrom1_rom_base_one_cell_3915/d_r69          1.3126
wrom1_rom_base_one_cell_3536/d         1.31233
wrom1_rom_base_one_cell_3807/d_r70         1.31246
wrom1_rom_base_one_cell_3281/d          1.3122
wrom1_rom_base_one_cell_3536/d_r71         1.31233
wrom1_rom_base_one_cell_3143/d         1.31209
wrom1_rom_base_one_cell_3281/d_r72          1.3122
wrom1_rom_base_one_cell_2880/d         1.31198
wrom1_rom_base_one_cell_3143/d_r73         1.31209
wrom1_rom_base_one_cell_2731/d         1.31188
wrom1_rom_base_one_cell_2880/d_r74         1.31198
wrom1_rom_base_one_cell_2479/d         1.31179
wrom1_rom_base_one_cell_2731/d_r75         1.31188
wrom1_rom_base_one_cell_2341/d         1.31171
wrom1_rom_base_one_cell_2479/d_r76         1.31179
wrom1_rom_base_one_cell_2235/d         1.31163
wrom1_rom_base_one_cell_2341/d_r77         1.31171
wrom1_rom_base_one_cell_1959/d         1.31156
wrom1_rom_base_one_cell_2235/d_r78         1.31163
wrom1_rom_base_one_cell_1846/d         1.31149
wrom1_rom_base_one_cell_1959/d_r79         1.31156
wrom1_rom_base_one_cell_1718/d         1.31143
wrom1_rom_base_one_cell_1846/d_r80         1.31149
wrom1_rom_base_one_cell_1581/d         1.31138
wrom1_rom_base_one_cell_1718/d_r81         1.31143
wrom1_rom_base_one_cell_1449/d         1.31133
wrom1_rom_base_one_cell_1581/d_r82         1.31138
wrom1_rom_base_one_cell_1214/d         1.31129
wrom1_rom_base_one_cell_1449/d_r83         1.31133
wrom1_rom_base_one_cell_652/s          1.31126
wrom1_rom_base_one_cell_1214/d_r84         1.31129
wrom1_rom_base_one_cell_652/d          1.31124
wrom1_rom_base_one_cell_652/s_r85         1.31126
wrom1_rom_base_one_cell_41/s           1.31123
wrom1_rom_base_one_cell_652/d_r86         1.31124
wrom1_rom_base_one_cell_41/s_r87         1.31123
vwl132#branch                                0
vwl131#branch                                0
vwl130#branch                                0
vwl129#branch                                0
vwl128#branch                                0
vwl127#branch                                0
vwl126#branch                                0
vwl125#branch                                0
vwl124#branch                                0
vwl123#branch                                0
vwl122#branch                                0
vwl121#branch                                0
vwl120#branch                                0
vwl119#branch                                0
vwl118#branch                                0
vwl117#branch                                0
vwl116#branch                                0
vwl115#branch                                0
vwl114#branch                                0
vwl113#branch                                0
vwl112#branch                                0
vwl111#branch                                0
vwl110#branch                                0
vwl109#branch                                0
vwl108#branch                                0
vwl107#branch                                0
vwl106#branch                                0
vwl105#branch                                0
vwl104#branch                                0
vwl103#branch                                0
vwl102#branch                                0
vwl101#branch                                0
vwl100#branch                                0
vwl99#branch                                 0
vwl98#branch                                 0
vwl97#branch                                 0
vwl96#branch                                 0
vwl95#branch                                 0
vwl94#branch                                 0
vwl93#branch                                 0
vwl92#branch                                 0
vwl91#branch                                 0
vwl90#branch                                 0
vwl89#branch                                 0
vwl88#branch                                 0
vwl87#branch                                 0
vwl86#branch                                 0
vwl85#branch                                 0
vwl84#branch                                 0
vwl83#branch                                 0
vwl82#branch                                 0
vwl81#branch                                 0
vwl80#branch                                 0
vwl79#branch                                 0
vwl78#branch                                 0
vwl77#branch                                 0
vwl76#branch                                 0
vwl75#branch                                 0
vwl74#branch                                 0
vwl73#branch                                 0
vwl72#branch                                 0
vwl71#branch                                 0
vwl70#branch                                 0
vwl69#branch                                 0
vwl68#branch                                 0
vwl67#branch                                 0
vwl66#branch                                 0
vwl65#branch                                 0
vwl64#branch                                 0
vwl63#branch                                 0
vwl62#branch                                 0
vwl61#branch                                 0
vwl60#branch                                 0
vwl59#branch                                 0
vwl58#branch                                 0
vwl57#branch                                 0
vwl56#branch                                 0
vwl55#branch                                 0
vwl54#branch                                 0
vwl53#branch                                 0
vwl52#branch                                 0
vwl51#branch                                 0
vwl50#branch                                 0
vwl49#branch                                 0
vwl48#branch                                 0
vwl47#branch                                 0
vwl46#branch                                 0
vwl45#branch                                 0
vwl44#branch                                 0
vwl43#branch                                 0
vwl42#branch                                 0
vwl41#branch                                 0
vwl40#branch                                 0
vwl39#branch                                 0
vwl38#branch                                 0
vwl37#branch                                 0
vwl36#branch                                 0
vwl35#branch                                 0
vwl34#branch                                 0
vwl33#branch                                 0
vwl32#branch                                 0
vwl31#branch                                 0
vwl30#branch                                 0
vwl29#branch                                 0
vwl28#branch                                 0
vwl27#branch                                 0
vwl26#branch                                 0
vwl25#branch                                 0
vwl24#branch                                 0
vwl23#branch                                 0
vwl22#branch                                 0
vwl21#branch                                 0
vwl20#branch                                 0
vwl19#branch                                 0
vwl18#branch                                 0
vwl17#branch                                 0
vwl16#branch                                 0
vwl15#branch                                 0
vwl14#branch                                 0
vwl13#branch                                 0
vwl12#branch                                 0
vwl11#branch                                 0
vwl10#branch                                 0
vwl9#branch                                  0
vwl8#branch                                  0
vwl7#branch                                  0
vwl6#branch                                  0
vwl5#branch                                  0
vwl4#branch                                  0
vwl3#branch                                  0
vwl2#branch                                  0
vwl1#branch                                  0
vwl0#branch                                  0
vprecharge#branch                            0
vgndgnd_uq0#branch                 7.48482e-15
vvdd#branch                       -1.53593e-10


No. of Data Rows : 30060

  Measurements for Transient Analysis

t_dis_50            =  9.128671e-09 targ=  5.009179e-06 trig=  5.000050e-06
t_dis_10            =  2.193058e-08 targ=  5.021981e-06 trig=  5.000050e-06
t_dis_50_prev       =  9.130889e-09 targ=  3.009181e-06 trig=  3.000050e-06
t_pre_50            =  2.085029e-10 targ=  4.000259e-06 trig=  4.000050e-06
t_pre_90            =  4.532914e-10 targ=  4.000503e-06 trig=  4.000050e-06
t_pre_99            =  9.585634e-09 targ=  4.009636e-06 trig=  4.000050e-06


Total analysis time (seconds) = 19.3408

Total elapsed time (seconds) = 74.963 

Total DRAM available = 31789.566 MB.
DRAM currently available = 14480.230 MB.
Maximum ngspice program size =  420.945 MB.
Current ngspice program size =  354.141 MB.

Shared ngspice pages =   11.332 MB.
Text (code) pages =    6.520 MB.
Stack = 0 bytes.
Library pages =  398.781 MB.

