
Note: No compatibility mode selected!


Circuit: * wrom1 -- isolated measurement of column 50 with real parasitic c

Doing analysis at TEMP = 100.000000 and TNOM = 27.000000

Using SPARSE 1.3 as Direct Linear Solver

Initial Transient Solution
--------------------------

Node                                   Voltage
----                                   -------
vdd                                        1.6
gnd_uq0                                      0
precharge                                    0
wl_0_0                                     1.6
wl_0_1                                     1.6
wl_0_2                                     1.6
wl_0_3                                     1.6
wl_0_4                                     1.6
wl_0_5                                     1.6
wl_0_6                                     1.6
wl_0_7                                     1.6
wl_0_8                                     1.6
wl_0_9                                     1.6
wl_0_10                                    1.6
wl_0_11                                    1.6
wl_0_12                                    1.6
wl_0_13                                    1.6
wl_0_14                                    1.6
wl_0_15                                    1.6
wl_0_16                                    1.6
wl_0_17                                    1.6
wl_0_18                                    1.6
wl_0_19                                    1.6
wl_0_20                                    1.6
wl_0_21                                    1.6
wl_0_22                                    1.6
wl_0_23                                    1.6
wl_0_24                                    1.6
wl_0_25                                    1.6
wl_0_26                                    1.6
wl_0_27                                    1.6
wl_0_28                                    1.6
wl_0_29                                    1.6
wl_0_30                                    1.6
wl_0_31                                    1.6
wl_0_32                                    1.6
wl_0_33                                    1.6
wl_0_34                                    1.6
wl_0_35                                    1.6
wl_0_36                                    1.6
wl_0_37                                    1.6
wl_0_38                                    1.6
wl_0_39                                    1.6
wl_0_40                                    1.6
wl_0_41                                    1.6
wl_0_42                                    1.6
wl_0_43                                    1.6
wl_0_44                                    1.6
wl_0_45                                    1.6
wl_0_46                                    1.6
wl_0_47                                    1.6
wl_0_48                                    1.6
wl_0_49                                    1.6
wl_0_50                                    1.6
wl_0_51                                    1.6
wl_0_52                                    1.6
wl_0_53                                    1.6
wl_0_54                                    1.6
wl_0_55                                    1.6
wl_0_56                                    1.6
wl_0_57                                    1.6
wl_0_58                                    1.6
wl_0_59                                    1.6
wl_0_60                                    1.6
wl_0_61                                    1.6
wl_0_62                                    1.6
wl_0_63                                    1.6
wl_0_64                                    1.6
wl_0_65                                    1.6
wl_0_66                                    1.6
wl_0_67                                    1.6
wl_0_68                                    1.6
wl_0_69                                    1.6
wl_0_70                                    1.6
wl_0_71                                    1.6
wl_0_72                                    1.6
wl_0_73                                    1.6
wl_0_74                                    1.6
wl_0_75                                    1.6
wl_0_76                                    1.6
wl_0_77                                    1.6
wl_0_78                                    1.6
wl_0_79                                    1.6
wl_0_80                                    1.6
wl_0_81                                    1.6
wl_0_82                                    1.6
wl_0_83                                    1.6
wl_0_84                                    1.6
wl_0_85                                    1.6
wl_0_86                                    1.6
wl_0_87                                    1.6
wl_0_88                                    1.6
wl_0_89                                    1.6
wl_0_90                                    1.6
wl_0_91                                    1.6
wl_0_92                                    1.6
wl_0_93                                    1.6
wl_0_94                                    1.6
wl_0_95                                    1.6
wl_0_96                                    1.6
wl_0_97                                    1.6
wl_0_98                                    1.6
wl_0_99                                    1.6
wl_0_100                                   1.6
wl_0_101                                   1.6
wl_0_102                                   1.6
wl_0_103                                   1.6
wl_0_104                                   1.6
wl_0_105                                   1.6
wl_0_106                                   1.6
wl_0_107                                   1.6
wl_0_108                                   1.6
wl_0_109                                   1.6
wl_0_110                                   1.6
wl_0_111                                   1.6
wl_0_112                                   1.6
wl_0_113                                   1.6
wl_0_114                                   1.6
wl_0_115                                   1.6
wl_0_116                                   1.6
wl_0_117                                   1.6
wl_0_118                                   1.6
wl_0_119                                   1.6
wl_0_120                                   1.6
wl_0_121                                   1.6
wl_0_122                                   1.6
wl_0_123                                   1.6
wl_0_124                                   1.6
wl_0_125                                   1.6
wl_0_126                                   1.6
wl_0_127                                   1.6
wl_0_128                                   1.6
wl_0_129                                   1.6
wl_0_130                                   1.6
wl_0_131                                   1.6
wl_0_132                                   1.6
bl_0_50                                    1.6
bl_b                               3.46871e-07
wrom1_rom_base_one_cell_17324/d          1.0218
bl_0_50_r                                  1.6
wrom1_rom_base_one_cell_17070/d        0.979458
wrom1_rom_base_one_cell_17324/d_r1          1.0218
wrom1_rom_base_one_cell_16931/d        0.959186
wrom1_rom_base_one_cell_17070/d_r2        0.979458
wrom1_rom_base_one_cell_16297/d        0.946176
wrom1_rom_base_one_cell_16931/d_r3        0.959186
wrom1_rom_base_one_cell_16172/d        0.936413
wrom1_rom_base_one_cell_16297/d_r4        0.946176
wrom1_rom_base_one_cell_15779/d        0.928739
wrom1_rom_base_one_cell_16172/d_r5        0.936413
wrom1_rom_base_one_cell_15643/d        0.922343
wrom1_rom_base_one_cell_15779/d_r6        0.928739
wrom1_rom_base_one_cell_15497/d        0.916864
wrom1_rom_base_one_cell_15643/d_r7        0.922342
wrom1_rom_base_one_cell_15230/d         0.91212
wrom1_rom_base_one_cell_15497/d_r8        0.916864
wrom1_rom_base_one_cell_14541/d        0.908059
wrom1_rom_base_one_cell_15230/d_r9         0.91212
wrom1_rom_base_one_cell_14435/d        0.904398
wrom1_rom_base_one_cell_14541/d_r10        0.908059
wrom1_rom_base_one_cell_14312/d        0.901068
wrom1_rom_base_one_cell_14435/d_r11        0.904398
wrom1_rom_base_one_cell_13810/d        0.898104
wrom1_rom_base_one_cell_14312/d_r12        0.901068
wrom1_rom_base_one_cell_13542/d        0.895393
wrom1_rom_base_one_cell_13810/d_r13        0.898104
wrom1_rom_base_one_cell_13427/d        0.892873
wrom1_rom_base_one_cell_13542/d_r14        0.895393
wrom1_rom_base_one_cell_13164/d        0.890545
wrom1_rom_base_one_cell_13427/d_r15        0.892873
wrom1_rom_base_one_cell_12203/d        0.888525
wrom1_rom_base_one_cell_13164/d_r16        0.890545
wrom1_rom_base_one_cell_11436/d        0.886731
wrom1_rom_base_one_cell_12203/d_r17        0.888525
wrom1_rom_base_one_cell_11302/d        0.885029
wrom1_rom_base_one_cell_11436/d_r18         0.88673
wrom1_rom_base_zero_cell_9927/s        0.883473
wrom1_rom_base_one_cell_11302/d_r19        0.885029
wrom1_rom_base_one_cell_10393/d        0.882031
wrom1_rom_base_zero_cell_9927/s_r20        0.883473
wrom1_rom_base_one_cell_10247/d        0.880653
wrom1_rom_base_one_cell_10393/d_r21        0.882031
wrom1_rom_base_one_cell_10137/d        0.879335
wrom1_rom_base_one_cell_10247/d_r22        0.880653
wrom1_rom_base_one_cell_9904/s        0.878072
wrom1_rom_base_one_cell_10137/d_r23        0.879334
wrom1_rom_base_one_cell_9904/d         0.87686
wrom1_rom_base_one_cell_9904/s_r24        0.878072
wrom1_rom_base_one_cell_9793/d        0.875697
wrom1_rom_base_one_cell_9904/d_r25         0.87686
wrom1_rom_base_one_cell_9662/d        0.874579
wrom1_rom_base_one_cell_9793/d_r26        0.875697
wrom1_rom_base_one_cell_9280/d        0.873536
wrom1_rom_base_one_cell_9662/d_r27        0.874579
wrom1_rom_base_one_cell_8766/d        0.872578
wrom1_rom_base_one_cell_9280/d_r28        0.873536
wrom1_rom_base_one_cell_8252/d        0.871701
wrom1_rom_base_one_cell_8766/d_r29        0.872578
wrom1_rom_base_one_cell_7432/d        0.870929
wrom1_rom_base_one_cell_8252/d_r30        0.871701
wrom1_rom_base_one_cell_7164/d        0.870198
wrom1_rom_base_one_cell_7432/d_r31        0.870929
wrom1_rom_base_one_cell_6911/d        0.869506
wrom1_rom_base_one_cell_7164/d_r32        0.870198
wrom1_rom_base_one_cell_6777/d        0.868837
wrom1_rom_base_one_cell_6911/d_r33        0.869506
wrom1_rom_base_one_cell_6646/d        0.868189
wrom1_rom_base_one_cell_6777/d_r34        0.868837
wrom1_rom_base_one_cell_6511/d        0.867563
wrom1_rom_base_one_cell_6646/d_r35        0.868189
wrom1_rom_base_one_cell_6229/d         0.86697
wrom1_rom_base_one_cell_6511/d_r36        0.867563
wrom1_rom_base_one_cell_5464/d        0.866464
wrom1_rom_base_one_cell_6229/d_r37         0.86697
wrom1_rom_base_one_cell_5324/d        0.865975
wrom1_rom_base_one_cell_5464/d_r38        0.866464
wrom1_rom_base_one_cell_5201/d        0.865502
wrom1_rom_base_one_cell_5324/d_r39        0.865975
wrom1_rom_base_one_cell_5058/d        0.865044
wrom1_rom_base_one_cell_5201/d_r40        0.865501
wrom1_rom_base_one_cell_4793/d        0.864614
wrom1_rom_base_one_cell_5058/d_r41        0.865044
wrom1_rom_base_one_cell_4670/d        0.864199
wrom1_rom_base_one_cell_4793/d_r42        0.864614
wrom1_rom_base_one_cell_4417/d        0.863811
wrom1_rom_base_one_cell_4670/d_r43        0.864199
wrom1_rom_base_one_cell_2961/d        0.863563
wrom1_rom_base_one_cell_4417/d_r44        0.863811
wrom1_rom_base_one_cell_2426/d        0.863364
wrom1_rom_base_one_cell_2961/d_r45        0.863563
wrom1_rom_base_zero_cell_958/s        0.863188
wrom1_rom_base_one_cell_2426/d_r46        0.863364
wrom1_rom_base_one_cell_889/s         0.863111
wrom1_rom_base_zero_cell_958/s_r47        0.863188
wrom1_rom_base_one_cell_889/d         0.863056
wrom1_rom_base_one_cell_889/s_r48        0.863111
wrom1_rom_base_one_cell_609/d         0.863023
wrom1_rom_base_one_cell_889/d_r49        0.863056
wrom1_rom_base_one_cell_364/d         0.863013
wrom1_rom_base_one_cell_609/d_r50        0.863023
wrom1_rom_base_one_cell_364/d_r51        0.863013
vwl132#branch                                0
vwl131#branch                                0
vwl130#branch                                0
vwl129#branch                                0
vwl128#branch                                0
vwl127#branch                                0
vwl126#branch                                0
vwl125#branch                                0
vwl124#branch                                0
vwl123#branch                                0
vwl122#branch                                0
vwl121#branch                                0
vwl120#branch                                0
vwl119#branch                                0
vwl118#branch                                0
vwl117#branch                                0
vwl116#branch                                0
vwl115#branch                                0
vwl114#branch                                0
vwl113#branch                                0
vwl112#branch                                0
vwl111#branch                                0
vwl110#branch                                0
vwl109#branch                                0
vwl108#branch                                0
vwl107#branch                                0
vwl106#branch                                0
vwl105#branch                                0
vwl104#branch                                0
vwl103#branch                                0
vwl102#branch                                0
vwl101#branch                                0
vwl100#branch                                0
vwl99#branch                                 0
vwl98#branch                                 0
vwl97#branch                                 0
vwl96#branch                                 0
vwl95#branch                                 0
vwl94#branch                                 0
vwl93#branch                                 0
vwl92#branch                                 0
vwl91#branch                                 0
vwl90#branch                                 0
vwl89#branch                                 0
vwl88#branch                                 0
vwl87#branch                                 0
vwl86#branch                                 0
vwl85#branch                                 0
vwl84#branch                                 0
vwl83#branch                                 0
vwl82#branch                                 0
vwl81#branch                                 0
vwl80#branch                                 0
vwl79#branch                                 0
vwl78#branch                                 0
vwl77#branch                                 0
vwl76#branch                                 0
vwl75#branch                                 0
vwl74#branch                                 0
vwl73#branch                                 0
vwl72#branch                                 0
vwl71#branch                                 0
vwl70#branch                                 0
vwl69#branch                                 0
vwl68#branch                                 0
vwl67#branch                                 0
vwl66#branch                                 0
vwl65#branch                                 0
vwl64#branch                                 0
vwl63#branch                                 0
vwl62#branch                                 0
vwl61#branch                                 0
vwl60#branch                                 0
vwl59#branch                                 0
vwl58#branch                                 0
vwl57#branch                                 0
vwl56#branch                                 0
vwl55#branch                                 0
vwl54#branch                                 0
vwl53#branch                                 0
vwl52#branch                                 0
vwl51#branch                                 0
vwl50#branch                                 0
vwl49#branch                                 0
vwl48#branch                                 0
vwl47#branch                                 0
vwl46#branch                                 0
vwl45#branch                                 0
vwl44#branch                                 0
vwl43#branch                                 0
vwl42#branch                                 0
vwl41#branch                                 0
vwl40#branch                                 0
vwl39#branch                                 0
vwl38#branch                                 0
vwl37#branch                                 0
vwl36#branch                                 0
vwl35#branch                                 0
vwl34#branch                                 0
vwl33#branch                                 0
vwl32#branch                                 0
vwl31#branch                                 0
vwl30#branch                                 0
vwl29#branch                                 0
vwl28#branch                                 0
vwl27#branch                                 0
vwl26#branch                                 0
vwl25#branch                                 0
vwl24#branch                                 0
vwl23#branch                                 0
vwl22#branch                                 0
vwl21#branch                                 0
vwl20#branch                                 0
vwl19#branch                                 0
vwl18#branch                                 0
vwl17#branch                                 0
vwl16#branch                                 0
vwl15#branch                                 0
vwl14#branch                                 0
vwl13#branch                                 0
vwl12#branch                                 0
vwl11#branch                                 0
vwl10#branch                                 0
vwl9#branch                                  0
vwl8#branch                                  0
vwl7#branch                                  0
vwl6#branch                                  0
vwl5#branch                                  0
vwl4#branch                                  0
vwl3#branch                                  0
vwl2#branch                                  0
vwl1#branch                                  0
vwl0#branch                                  0
vprecharge#branch                            0
vgndgnd_uq0#branch                 1.77401e-13
vvdd#branch                       -5.03704e-10


No. of Data Rows : 30048

  Measurements for Transient Analysis

t_dis_50            =  2.339508e-08 targ=  5.023445e-06 trig=  5.000050e-06
t_dis_10            =  4.440159e-08 targ=  5.044452e-06 trig=  5.000050e-06
t_dis_50_prev       =  2.339508e-08 targ=  3.023445e-06 trig=  3.000050e-06
t_pre_50            =  3.989180e-10 targ=  4.000449e-06 trig=  4.000050e-06
t_pre_90            =  8.657506e-10 targ=  4.000916e-06 trig=  4.000050e-06
t_pre_99            =  1.779439e-08 targ=  4.017844e-06 trig=  4.000050e-06


Total analysis time (seconds) = 12.0819

Total elapsed time (seconds) = 70.389 

Total DRAM available = 31789.559 MB.
DRAM currently available = 18532.141 MB.
Maximum ngspice program size =  421.211 MB.
Current ngspice program size =  354.547 MB.

Shared ngspice pages =   11.473 MB.
Text (code) pages =    6.520 MB.
Stack = 0 bytes.
Library pages =  399.047 MB.

