
Note: No compatibility mode selected!


Circuit: * wrom1 -- periphery energy per cycle -- active (cs0=1)

Doing analysis at TEMP = -40.000000 and TNOM = 27.000000

Using SPARSE 1.3 as Direct Linear Solver
Operating point simulation skipped by 'uic',
  now using transient initial conditions.

No. of Data Rows : 2546

  Measurements for Transient Analysis


Error: measure  t_clk2wl1  trig(TARG) : out of interval
 .measure tran t_clk2wl1 trig v(clk0) val=    9.750000000000000e-01     rise=1 td=1.190000e-06 targ v(wrom1_rom_row_decode_0/wl_1) val=    9.750000000000000e-01     rise=1 td=1.200000e-06 failed!


Error: measure  t_wlfall1  trig(TARG) : out of interval
 .measure tran t_wlfall1 trig v(clk0) val=    9.750000000000000e-01     rise=1 td=1.190000e-06 targ v(wrom1_rom_row_decode_0/wl_1) val=    9.750000000000000e-01     fall=1 td=1.200000e-06 failed!


Error: measure  t_clk2wl2  trig(TARG) : out of interval
 .measure tran t_clk2wl2 trig v(clk0) val=    9.750000000000000e-01     rise=1 td=1.190000e-06 targ v(wrom1_rom_row_decode_0/wl_2) val=    9.750000000000000e-01     rise=1 td=1.200000e-06 failed!


Error: measure  t_wlfall2  trig(TARG) : out of interval
 .measure tran t_wlfall2 trig v(clk0) val=    9.750000000000000e-01     rise=1 td=1.190000e-06 targ v(wrom1_rom_row_decode_0/wl_2) val=    9.750000000000000e-01     fall=1 td=1.200000e-06 failed!


Error: measure  t_clk2wl3  trig(TARG) : out of interval
 .measure tran t_clk2wl3 trig v(clk0) val=    9.750000000000000e-01     rise=1 td=1.190000e-06 targ v(wrom1_rom_row_decode_0/wl_3) val=    9.750000000000000e-01     rise=1 td=1.200000e-06 failed!


Error: measure  t_wlfall3  trig(TARG) : out of interval
 .measure tran t_wlfall3 trig v(clk0) val=    9.750000000000000e-01     rise=1 td=1.190000e-06 targ v(wrom1_rom_row_decode_0/wl_3) val=    9.750000000000000e-01     fall=1 td=1.200000e-06 failed!


Error: measure  t_clk2wl4  trig(TARG) : out of interval
 .measure tran t_clk2wl4 trig v(clk0) val=    9.750000000000000e-01     rise=1 td=1.190000e-06 targ v(wrom1_rom_row_decode_0/wl_4) val=    9.750000000000000e-01     rise=1 td=1.200000e-06 failed!


Error: measure  t_wlfall4  trig(TARG) : out of interval
 .measure tran t_wlfall4 trig v(clk0) val=    9.750000000000000e-01     rise=1 td=1.190000e-06 targ v(wrom1_rom_row_decode_0/wl_4) val=    9.750000000000000e-01     fall=1 td=1.200000e-06 failed!


Error: measure  t_clk2wl5  trig(TARG) : out of interval
 .measure tran t_clk2wl5 trig v(clk0) val=    9.750000000000000e-01     rise=1 td=1.190000e-06 targ v(wrom1_rom_row_decode_0/wl_5) val=    9.750000000000000e-01     rise=1 td=1.200000e-06 failed!


Error: measure  t_wlfall5  trig(TARG) : out of interval
 .measure tran t_wlfall5 trig v(clk0) val=    9.750000000000000e-01     rise=1 td=1.190000e-06 targ v(wrom1_rom_row_decode_0/wl_5) val=    9.750000000000000e-01     fall=1 td=1.200000e-06 failed!


Error: measure  t_clk2wl6  trig(TARG) : out of interval
 .measure tran t_clk2wl6 trig v(clk0) val=    9.750000000000000e-01     rise=1 td=1.190000e-06 targ v(wrom1_rom_row_decode_0/wl_6) val=    9.750000000000000e-01     rise=1 td=1.200000e-06 failed!


Error: measure  t_wlfall6  trig(TARG) : out of interval
 .measure tran t_wlfall6 trig v(clk0) val=    9.750000000000000e-01     rise=1 td=1.190000e-06 targ v(wrom1_rom_row_decode_0/wl_6) val=    9.750000000000000e-01     fall=1 td=1.200000e-06 failed!


Error: measure  t_clk2wl7  trig(TARG) : out of interval
 .measure tran t_clk2wl7 trig v(clk0) val=    9.750000000000000e-01     rise=1 td=1.190000e-06 targ v(wrom1_rom_row_decode_0/wl_7) val=    9.750000000000000e-01     rise=1 td=1.200000e-06 failed!


Error: measure  t_wlfall7  trig(TARG) : out of interval
 .measure tran t_wlfall7 trig v(clk0) val=    9.750000000000000e-01     rise=1 td=1.190000e-06 targ v(wrom1_rom_row_decode_0/wl_7) val=    9.750000000000000e-01     fall=1 td=1.200000e-06 failed!

q_c2                =   -3.72938e-12 from=  1.00000e-06 to=  1.20000e-06
q_c3                =   -3.72108e-12 from=  1.20000e-06 to=  1.40000e-06
e_periph_pj         =  7.25611e+00
t_clk2int           =  1.952696e-10 targ=  1.300445e-06 trig=  1.300250e-06
t_clk2wl0           =  -9.948476e-08 targ=  1.200765e-06 trig=  1.300250e-06
t_wlfall0           =  8.543935e-10 targ=  1.301104e-06 trig=  1.300250e-06
t_clk2pre           =  4.724799e-10 targ=  1.300722e-06 trig=  1.300250e-06


Total analysis time (seconds) = 264.404

Total elapsed time (seconds) = 821.463 

Total DRAM available = 31789.578 MB.
DRAM currently available = 22031.289 MB.
Maximum ngspice program size = 2783.000 MB.
Current ngspice program size = 2715.891 MB.

Shared ngspice pages =   11.137 MB.
Text (code) pages =    6.520 MB.
Stack = 0 bytes.
Library pages = 2760.836 MB.

