
Note: No compatibility mode selected!


Circuit: * wrom1 -- cevre birimi cevrim enerjisi -- aktif (cs0=1)

Doing analysis at TEMP = 25.000000 and TNOM = 27.000000

Using SPARSE 1.3 as Direct Linear Solver
Operating point simulation skipped by 'uic',
  now using transient initial conditions.

No. of Data Rows : 2170

  Measurements for Transient Analysis


Error: measure  t_wlfall0  trig(TARG) : out of interval
 .measure tran t_wlfall0 trig v(clk0) val=    9.000000000000000e-01     rise=1 td=1.190000e-06 targ v(wrom1_rom_row_decode_0/wl_0) val=    9.000000000000000e-01     fall=1 td=1.200000e-06 failed!


Error: measure  t_clk2wl1  trig(TARG) : out of interval
 .measure tran t_clk2wl1 trig v(clk0) val=    9.000000000000000e-01     rise=1 td=1.190000e-06 targ v(wrom1_rom_row_decode_0/wl_1) val=    9.000000000000000e-01     rise=1 td=1.200000e-06 failed!


Error: measure  t_wlfall1  trig(TARG) : out of interval
 .measure tran t_wlfall1 trig v(clk0) val=    9.000000000000000e-01     rise=1 td=1.190000e-06 targ v(wrom1_rom_row_decode_0/wl_1) val=    9.000000000000000e-01     fall=1 td=1.200000e-06 failed!


Error: measure  t_clk2wl2  trig(TARG) : out of interval
 .measure tran t_clk2wl2 trig v(clk0) val=    9.000000000000000e-01     rise=1 td=1.190000e-06 targ v(wrom1_rom_row_decode_0/wl_2) val=    9.000000000000000e-01     rise=1 td=1.200000e-06 failed!


Error: measure  t_wlfall2  trig(TARG) : out of interval
 .measure tran t_wlfall2 trig v(clk0) val=    9.000000000000000e-01     rise=1 td=1.190000e-06 targ v(wrom1_rom_row_decode_0/wl_2) val=    9.000000000000000e-01     fall=1 td=1.200000e-06 failed!


Error: measure  t_clk2wl3  trig(TARG) : out of interval
 .measure tran t_clk2wl3 trig v(clk0) val=    9.000000000000000e-01     rise=1 td=1.190000e-06 targ v(wrom1_rom_row_decode_0/wl_3) val=    9.000000000000000e-01     rise=1 td=1.200000e-06 failed!


Error: measure  t_wlfall3  trig(TARG) : out of interval
 .measure tran t_wlfall3 trig v(clk0) val=    9.000000000000000e-01     rise=1 td=1.190000e-06 targ v(wrom1_rom_row_decode_0/wl_3) val=    9.000000000000000e-01     fall=1 td=1.200000e-06 failed!


Error: measure  t_clk2wl4  trig(TARG) : out of interval
 .measure tran t_clk2wl4 trig v(clk0) val=    9.000000000000000e-01     rise=1 td=1.190000e-06 targ v(wrom1_rom_row_decode_0/wl_4) val=    9.000000000000000e-01     rise=1 td=1.200000e-06 failed!


Error: measure  t_wlfall4  trig(TARG) : out of interval
 .measure tran t_wlfall4 trig v(clk0) val=    9.000000000000000e-01     rise=1 td=1.190000e-06 targ v(wrom1_rom_row_decode_0/wl_4) val=    9.000000000000000e-01     fall=1 td=1.200000e-06 failed!


Error: measure  t_clk2wl5  trig(TARG) : out of interval
 .measure tran t_clk2wl5 trig v(clk0) val=    9.000000000000000e-01     rise=1 td=1.190000e-06 targ v(wrom1_rom_row_decode_0/wl_5) val=    9.000000000000000e-01     rise=1 td=1.200000e-06 failed!


Error: measure  t_wlfall5  trig(TARG) : out of interval
 .measure tran t_wlfall5 trig v(clk0) val=    9.000000000000000e-01     rise=1 td=1.190000e-06 targ v(wrom1_rom_row_decode_0/wl_5) val=    9.000000000000000e-01     fall=1 td=1.200000e-06 failed!


Error: measure  t_clk2wl6  trig(TARG) : out of interval
 .measure tran t_clk2wl6 trig v(clk0) val=    9.000000000000000e-01     rise=1 td=1.190000e-06 targ v(wrom1_rom_row_decode_0/wl_6) val=    9.000000000000000e-01     rise=1 td=1.200000e-06 failed!


Error: measure  t_wlfall6  trig(TARG) : out of interval
 .measure tran t_wlfall6 trig v(clk0) val=    9.000000000000000e-01     rise=1 td=1.190000e-06 targ v(wrom1_rom_row_decode_0/wl_6) val=    9.000000000000000e-01     fall=1 td=1.200000e-06 failed!


Error: measure  t_clk2wl7  trig(TARG) : out of interval
 .measure tran t_clk2wl7 trig v(clk0) val=    9.000000000000000e-01     rise=1 td=1.190000e-06 targ v(wrom1_rom_row_decode_0/wl_7) val=    9.000000000000000e-01     rise=1 td=1.200000e-06 failed!


Error: measure  t_wlfall7  trig(TARG) : out of interval
 .measure tran t_wlfall7 trig v(clk0) val=    9.000000000000000e-01     rise=1 td=1.190000e-06 targ v(wrom1_rom_row_decode_0/wl_7) val=    9.000000000000000e-01     fall=1 td=1.200000e-06 failed!

q_c2                =   -3.53129e-12 from=  1.00000e-06 to=  1.20000e-06
q_c3                =   -3.49903e-12 from=  1.20000e-06 to=  1.40000e-06
e_periph_pj         =  6.29825e+00
t_clk2int           =  3.227333e-10 targ=  1.300573e-06 trig=  1.300250e-06
t_clk2wl0           =  -9.925506e-08 targ=  1.200995e-06 trig=  1.300250e-06
t_clk2pre           =  7.890196e-10 targ=  1.301039e-06 trig=  1.300250e-06
t_addr2dec0         =  3.200650e-11 targ=  1.250082e-06 trig=  1.250050e-06
t_addr2dec1         =  3.208402e-11 targ=  1.250082e-06 trig=  1.250050e-06
t_addr2dec2         =  3.208735e-11 targ=  1.250082e-06 trig=  1.250050e-06
t_addr2dec3         =  3.209088e-11 targ=  1.250082e-06 trig=  1.250050e-06
t_addr2dec4         =  3.209592e-11 targ=  1.250082e-06 trig=  1.250050e-06
t_addr2dec5         =  3.209932e-11 targ=  1.250082e-06 trig=  1.250050e-06
t_addr2dec6         =  3.210030e-11 targ=  1.250082e-06 trig=  1.250050e-06
t_addr2dec7         =  3.178380e-11 targ=  1.250082e-06 trig=  1.250050e-06


Total analysis time (seconds) = 267.861

Total elapsed time (seconds) = 1035.137 

Total DRAM available = 31789.582 MB.
DRAM currently available = 3141.043 MB.
Maximum ngspice program size = 2773.059 MB.
Current ngspice program size = 2706.020 MB.

Shared ngspice pages =   11.266 MB.
Text (code) pages =    6.520 MB.
Stack = 0 bytes.
Library pages = 2750.895 MB.

