
Note: No compatibility mode selected!


Circuit: * wrom1 -- periphery energy per cycle -- idle (cs0=0)  -->  when : "!cs0"

Doing analysis at TEMP = -40.000000 and TNOM = 27.000000

Using SPARSE 1.3 as Direct Linear Solver
Operating point simulation skipped by 'uic',
  now using transient initial conditions.

No. of Data Rows : 2334

  Measurements for Transient Analysis


Error: measure  t_clk2wl1  trig(TARG) : out of interval
 .measure tran t_clk2wl1 trig v(clk0) val=    9.750000000000000e-01     rise=1 td=1.190000e-06 targ v(wrom1_rom_row_decode_0/wl_1) val=    9.750000000000000e-01     rise=1 td=1.200000e-06 failed!


Error: measure  t_wlfall1  trig(TARG) : out of interval
 .measure tran t_wlfall1 trig v(clk0) val=    9.750000000000000e-01     rise=1 td=1.190000e-06 targ v(wrom1_rom_row_decode_0/wl_1) val=    9.750000000000000e-01     fall=1 td=1.200000e-06 failed!


Error: measure  t_clk2wl2  trig(TARG) : out of interval
 .measure tran t_clk2wl2 trig v(clk0) val=    9.750000000000000e-01     rise=1 td=1.190000e-06 targ v(wrom1_rom_row_decode_0/wl_2) val=    9.750000000000000e-01     rise=1 td=1.200000e-06 failed!


Error: measure  t_wlfall2  trig(TARG) : out of interval
 .measure tran t_wlfall2 trig v(clk0) val=    9.750000000000000e-01     rise=1 td=1.190000e-06 targ v(wrom1_rom_row_decode_0/wl_2) val=    9.750000000000000e-01     fall=1 td=1.200000e-06 failed!


Error: measure  t_clk2wl3  trig(TARG) : out of interval
 .measure tran t_clk2wl3 trig v(clk0) val=    9.750000000000000e-01     rise=1 td=1.190000e-06 targ v(wrom1_rom_row_decode_0/wl_3) val=    9.750000000000000e-01     rise=1 td=1.200000e-06 failed!


Error: measure  t_wlfall3  trig(TARG) : out of interval
 .measure tran t_wlfall3 trig v(clk0) val=    9.750000000000000e-01     rise=1 td=1.190000e-06 targ v(wrom1_rom_row_decode_0/wl_3) val=    9.750000000000000e-01     fall=1 td=1.200000e-06 failed!


Error: measure  t_clk2wl4  trig(TARG) : out of interval
 .measure tran t_clk2wl4 trig v(clk0) val=    9.750000000000000e-01     rise=1 td=1.190000e-06 targ v(wrom1_rom_row_decode_0/wl_4) val=    9.750000000000000e-01     rise=1 td=1.200000e-06 failed!


Error: measure  t_wlfall4  trig(TARG) : out of interval
 .measure tran t_wlfall4 trig v(clk0) val=    9.750000000000000e-01     rise=1 td=1.190000e-06 targ v(wrom1_rom_row_decode_0/wl_4) val=    9.750000000000000e-01     fall=1 td=1.200000e-06 failed!


Error: measure  t_clk2wl5  trig(TARG) : out of interval
 .measure tran t_clk2wl5 trig v(clk0) val=    9.750000000000000e-01     rise=1 td=1.190000e-06 targ v(wrom1_rom_row_decode_0/wl_5) val=    9.750000000000000e-01     rise=1 td=1.200000e-06 failed!


Error: measure  t_wlfall5  trig(TARG) : out of interval
 .measure tran t_wlfall5 trig v(clk0) val=    9.750000000000000e-01     rise=1 td=1.190000e-06 targ v(wrom1_rom_row_decode_0/wl_5) val=    9.750000000000000e-01     fall=1 td=1.200000e-06 failed!


Error: measure  t_clk2wl6  trig(TARG) : out of interval
 .measure tran t_clk2wl6 trig v(clk0) val=    9.750000000000000e-01     rise=1 td=1.190000e-06 targ v(wrom1_rom_row_decode_0/wl_6) val=    9.750000000000000e-01     rise=1 td=1.200000e-06 failed!


Error: measure  t_wlfall6  trig(TARG) : out of interval
 .measure tran t_wlfall6 trig v(clk0) val=    9.750000000000000e-01     rise=1 td=1.190000e-06 targ v(wrom1_rom_row_decode_0/wl_6) val=    9.750000000000000e-01     fall=1 td=1.200000e-06 failed!


Error: measure  t_clk2wl7  trig(TARG) : out of interval
 .measure tran t_clk2wl7 trig v(clk0) val=    9.750000000000000e-01     rise=1 td=1.190000e-06 targ v(wrom1_rom_row_decode_0/wl_7) val=    9.750000000000000e-01     rise=1 td=1.200000e-06 failed!


Error: measure  t_wlfall7  trig(TARG) : out of interval
 .measure tran t_wlfall7 trig v(clk0) val=    9.750000000000000e-01     rise=1 td=1.190000e-06 targ v(wrom1_rom_row_decode_0/wl_7) val=    9.750000000000000e-01     fall=1 td=1.200000e-06 failed!

q_c2                =   -2.11194e-12 from=  1.00000e-06 to=  1.20000e-06
q_c3                =   -2.10903e-12 from=  1.20000e-06 to=  1.40000e-06
e_periph_pj         =  4.11262e+00
t_clk2int           =  1.952567e-10 targ=  1.300445e-06 trig=  1.300250e-06
t_clk2wl0           =  -9.948522e-08 targ=  1.200765e-06 trig=  1.300250e-06
t_wlfall0           =  8.609128e-10 targ=  1.301111e-06 trig=  1.300250e-06


Total analysis time (seconds) = 221.241

Total elapsed time (seconds) = 759.054 

Total DRAM available = 31789.578 MB.
DRAM currently available = 8609.734 MB.
Maximum ngspice program size = 2782.980 MB.
Current ngspice program size = 2715.652 MB.

Shared ngspice pages =   10.957 MB.
Text (code) pages =    6.520 MB.
Stack = 0 bytes.
Library pages = 2760.816 MB.

