
Note: No compatibility mode selected!


Circuit: * wrom1 -- periphery energy per cycle -- active (cs0=1)

Doing analysis at TEMP = -40.000000 and TNOM = 27.000000

Using SPARSE 1.3 as Direct Linear Solver
Operating point simulation skipped by 'uic',
  now using transient initial conditions.

No. of Data Rows : 2546

  Measurements for Transient Analysis


Error: measure  t_wlfall1  trig(TARG) : out of interval
 .measure tran t_wlfall1 trig v(clk0) val=    9.750000000000000e-01     rise=1 td=1.290000e-06 targ v(wrom1_rom_row_decode_0/wl_1) val=    9.750000000000000e-01     fall=1 td=1.300000e-06 failed!


Error: measure  t_wlslew1  trig(TRIG) : out of interval
 .measure tran t_wlslew1 trig v(wrom1_rom_row_decode_0/wl_1) val=    1.560000000000000e+00     fall=1 td=1.300000e-06 targ v(wrom1_rom_row_decode_0/wl_1) val=    3.900000000000000e-01     fall=1 td=1.300000e-06 failed!


Error: measure  t_wl1090_1  trig(TRIG) : out of interval
 .measure tran t_wl1090_1 trig v(wrom1_rom_row_decode_0/wl_1) val=    1.755000000000000e+00     fall=1 td=1.300000e-06 targ v(wrom1_rom_row_decode_0/wl_1) val=    1.950000000000000e-01     fall=1 td=1.300000e-06 failed!


Error: measure  t_wlfall2  trig(TARG) : out of interval
 .measure tran t_wlfall2 trig v(clk0) val=    9.750000000000000e-01     rise=1 td=1.290000e-06 targ v(wrom1_rom_row_decode_0/wl_2) val=    9.750000000000000e-01     fall=1 td=1.300000e-06 failed!


Error: measure  t_wlslew2  trig(TRIG) : out of interval
 .measure tran t_wlslew2 trig v(wrom1_rom_row_decode_0/wl_2) val=    1.560000000000000e+00     fall=1 td=1.300000e-06 targ v(wrom1_rom_row_decode_0/wl_2) val=    3.900000000000000e-01     fall=1 td=1.300000e-06 failed!


Error: measure  t_wl1090_2  trig(TRIG) : out of interval
 .measure tran t_wl1090_2 trig v(wrom1_rom_row_decode_0/wl_2) val=    1.755000000000000e+00     fall=1 td=1.300000e-06 targ v(wrom1_rom_row_decode_0/wl_2) val=    1.950000000000000e-01     fall=1 td=1.300000e-06 failed!


Error: measure  t_wlfall3  trig(TARG) : out of interval
 .measure tran t_wlfall3 trig v(clk0) val=    9.750000000000000e-01     rise=1 td=1.290000e-06 targ v(wrom1_rom_row_decode_0/wl_3) val=    9.750000000000000e-01     fall=1 td=1.300000e-06 failed!


Error: measure  t_wlslew3  trig(TRIG) : out of interval
 .measure tran t_wlslew3 trig v(wrom1_rom_row_decode_0/wl_3) val=    1.560000000000000e+00     fall=1 td=1.300000e-06 targ v(wrom1_rom_row_decode_0/wl_3) val=    3.900000000000000e-01     fall=1 td=1.300000e-06 failed!


Error: measure  t_wl1090_3  trig(TRIG) : out of interval
 .measure tran t_wl1090_3 trig v(wrom1_rom_row_decode_0/wl_3) val=    1.755000000000000e+00     fall=1 td=1.300000e-06 targ v(wrom1_rom_row_decode_0/wl_3) val=    1.950000000000000e-01     fall=1 td=1.300000e-06 failed!


Error: measure  t_wlfall4  trig(TARG) : out of interval
 .measure tran t_wlfall4 trig v(clk0) val=    9.750000000000000e-01     rise=1 td=1.290000e-06 targ v(wrom1_rom_row_decode_0/wl_4) val=    9.750000000000000e-01     fall=1 td=1.300000e-06 failed!


Error: measure  t_wlslew4  trig(TRIG) : out of interval
 .measure tran t_wlslew4 trig v(wrom1_rom_row_decode_0/wl_4) val=    1.560000000000000e+00     fall=1 td=1.300000e-06 targ v(wrom1_rom_row_decode_0/wl_4) val=    3.900000000000000e-01     fall=1 td=1.300000e-06 failed!


Error: measure  t_wl1090_4  trig(TRIG) : out of interval
 .measure tran t_wl1090_4 trig v(wrom1_rom_row_decode_0/wl_4) val=    1.755000000000000e+00     fall=1 td=1.300000e-06 targ v(wrom1_rom_row_decode_0/wl_4) val=    1.950000000000000e-01     fall=1 td=1.300000e-06 failed!


Error: measure  t_wlfall5  trig(TARG) : out of interval
 .measure tran t_wlfall5 trig v(clk0) val=    9.750000000000000e-01     rise=1 td=1.290000e-06 targ v(wrom1_rom_row_decode_0/wl_5) val=    9.750000000000000e-01     fall=1 td=1.300000e-06 failed!


Error: measure  t_wlslew5  trig(TRIG) : out of interval
 .measure tran t_wlslew5 trig v(wrom1_rom_row_decode_0/wl_5) val=    1.560000000000000e+00     fall=1 td=1.300000e-06 targ v(wrom1_rom_row_decode_0/wl_5) val=    3.900000000000000e-01     fall=1 td=1.300000e-06 failed!


Error: measure  t_wl1090_5  trig(TRIG) : out of interval
 .measure tran t_wl1090_5 trig v(wrom1_rom_row_decode_0/wl_5) val=    1.755000000000000e+00     fall=1 td=1.300000e-06 targ v(wrom1_rom_row_decode_0/wl_5) val=    1.950000000000000e-01     fall=1 td=1.300000e-06 failed!


Error: measure  t_wlfall6  trig(TARG) : out of interval
 .measure tran t_wlfall6 trig v(clk0) val=    9.750000000000000e-01     rise=1 td=1.290000e-06 targ v(wrom1_rom_row_decode_0/wl_6) val=    9.750000000000000e-01     fall=1 td=1.300000e-06 failed!


Error: measure  t_wlslew6  trig(TRIG) : out of interval
 .measure tran t_wlslew6 trig v(wrom1_rom_row_decode_0/wl_6) val=    1.560000000000000e+00     fall=1 td=1.300000e-06 targ v(wrom1_rom_row_decode_0/wl_6) val=    3.900000000000000e-01     fall=1 td=1.300000e-06 failed!


Error: measure  t_wl1090_6  trig(TRIG) : out of interval
 .measure tran t_wl1090_6 trig v(wrom1_rom_row_decode_0/wl_6) val=    1.755000000000000e+00     fall=1 td=1.300000e-06 targ v(wrom1_rom_row_decode_0/wl_6) val=    1.950000000000000e-01     fall=1 td=1.300000e-06 failed!


Error: measure  t_wlfall7  trig(TARG) : out of interval
 .measure tran t_wlfall7 trig v(clk0) val=    9.750000000000000e-01     rise=1 td=1.290000e-06 targ v(wrom1_rom_row_decode_0/wl_7) val=    9.750000000000000e-01     fall=1 td=1.300000e-06 failed!


Error: measure  t_wlslew7  trig(TRIG) : out of interval
 .measure tran t_wlslew7 trig v(wrom1_rom_row_decode_0/wl_7) val=    1.560000000000000e+00     fall=1 td=1.300000e-06 targ v(wrom1_rom_row_decode_0/wl_7) val=    3.900000000000000e-01     fall=1 td=1.300000e-06 failed!


Error: measure  t_wl1090_7  trig(TRIG) : out of interval
 .measure tran t_wl1090_7 trig v(wrom1_rom_row_decode_0/wl_7) val=    1.755000000000000e+00     fall=1 td=1.300000e-06 targ v(wrom1_rom_row_decode_0/wl_7) val=    1.950000000000000e-01     fall=1 td=1.300000e-06 failed!

q_c2                =   -3.72938e-12 from=  1.00000e-06 to=  1.20000e-06
q_c3                =   -3.72108e-12 from=  1.20000e-06 to=  1.40000e-06
e_periph_pj         =  7.25611e+00
t_clk2int           =  1.952696e-10 targ=  1.300445e-06 trig=  1.300250e-06
v_wl0_eval          =  1.511491e-08
t_wlfall0           =  8.543935e-10 targ=  1.301104e-06 trig=  1.300250e-06
t_wlslew0           =  5.813456e-11 targ=  1.301131e-06 trig=  1.301073e-06
t_wl1090_0          =  8.193213e-11 targ=  1.301142e-06 trig=  1.301060e-06
v_wl1_eval          =  1.950000e+00
v_wl2_eval          =  1.950000e+00
v_wl3_eval          =  1.950000e+00
v_wl4_eval          =  1.950000e+00
v_wl5_eval          =  1.950000e+00
v_wl6_eval          =  1.950000e+00
v_wl7_eval          =  1.950000e+00
t_clk2pre           =  4.724799e-10 targ=  1.300722e-06 trig=  1.300250e-06


Total analysis time (seconds) = 211.18

Total elapsed time (seconds) = 672.320 

Total DRAM available = 31789.582 MB.
DRAM currently available = 13868.535 MB.
Maximum ngspice program size = 2783.004 MB.
Current ngspice program size = 2716.105 MB.

Shared ngspice pages =   11.352 MB.
Text (code) pages =    6.520 MB.
Stack = 0 bytes.
Library pages = 2760.840 MB.

