
Note: No compatibility mode selected!


Circuit: * wrom3 -- periphery energy per cycle -- active (cs0=1)

Doing analysis at TEMP = -40.000000 and TNOM = 27.000000

Using SPARSE 1.3 as Direct Linear Solver
Operating point simulation skipped by 'uic',
  now using transient initial conditions.

No. of Data Rows : 2579

  Measurements for Transient Analysis


Error: measure  t_wlfall2  trig(TARG) : out of interval
 .measure tran t_wlfall2 trig v(clk0) val=    9.750000000000000e-01     rise=1 td=1.290000e-06 targ v(wrom3_rom_row_decode_0/wl_2) val=    9.750000000000000e-01     fall=1 td=1.300000e-06 failed!


Error: measure  t_wlslew2  trig(TRIG) : out of interval
 .measure tran t_wlslew2 trig v(wrom3_rom_row_decode_0/wl_2) val=    1.560000000000000e+00     fall=1 td=1.300000e-06 targ v(wrom3_rom_row_decode_0/wl_2) val=    3.900000000000000e-01     fall=1 td=1.300000e-06 failed!


Error: measure  t_wl1090_2  trig(TRIG) : out of interval
 .measure tran t_wl1090_2 trig v(wrom3_rom_row_decode_0/wl_2) val=    1.755000000000000e+00     fall=1 td=1.300000e-06 targ v(wrom3_rom_row_decode_0/wl_2) val=    1.950000000000000e-01     fall=1 td=1.300000e-06 failed!


Error: measure  t_wlfall3  trig(TARG) : out of interval
 .measure tran t_wlfall3 trig v(clk0) val=    9.750000000000000e-01     rise=1 td=1.290000e-06 targ v(wrom3_rom_row_decode_0/wl_3) val=    9.750000000000000e-01     fall=1 td=1.300000e-06 failed!


Error: measure  t_wlslew3  trig(TRIG) : out of interval
 .measure tran t_wlslew3 trig v(wrom3_rom_row_decode_0/wl_3) val=    1.560000000000000e+00     fall=1 td=1.300000e-06 targ v(wrom3_rom_row_decode_0/wl_3) val=    3.900000000000000e-01     fall=1 td=1.300000e-06 failed!


Error: measure  t_wl1090_3  trig(TRIG) : out of interval
 .measure tran t_wl1090_3 trig v(wrom3_rom_row_decode_0/wl_3) val=    1.755000000000000e+00     fall=1 td=1.300000e-06 targ v(wrom3_rom_row_decode_0/wl_3) val=    1.950000000000000e-01     fall=1 td=1.300000e-06 failed!


Error: measure  t_wlfall4  trig(TARG) : out of interval
 .measure tran t_wlfall4 trig v(clk0) val=    9.750000000000000e-01     rise=1 td=1.290000e-06 targ v(wrom3_rom_row_decode_0/wl_4) val=    9.750000000000000e-01     fall=1 td=1.300000e-06 failed!


Error: measure  t_wlslew4  trig(TRIG) : out of interval
 .measure tran t_wlslew4 trig v(wrom3_rom_row_decode_0/wl_4) val=    1.560000000000000e+00     fall=1 td=1.300000e-06 targ v(wrom3_rom_row_decode_0/wl_4) val=    3.900000000000000e-01     fall=1 td=1.300000e-06 failed!


Error: measure  t_wl1090_4  trig(TRIG) : out of interval
 .measure tran t_wl1090_4 trig v(wrom3_rom_row_decode_0/wl_4) val=    1.755000000000000e+00     fall=1 td=1.300000e-06 targ v(wrom3_rom_row_decode_0/wl_4) val=    1.950000000000000e-01     fall=1 td=1.300000e-06 failed!


Error: measure  t_wlfall5  trig(TARG) : out of interval
 .measure tran t_wlfall5 trig v(clk0) val=    9.750000000000000e-01     rise=1 td=1.290000e-06 targ v(wrom3_rom_row_decode_0/wl_5) val=    9.750000000000000e-01     fall=1 td=1.300000e-06 failed!


Error: measure  t_wlslew5  trig(TRIG) : out of interval
 .measure tran t_wlslew5 trig v(wrom3_rom_row_decode_0/wl_5) val=    1.560000000000000e+00     fall=1 td=1.300000e-06 targ v(wrom3_rom_row_decode_0/wl_5) val=    3.900000000000000e-01     fall=1 td=1.300000e-06 failed!


Error: measure  t_wl1090_5  trig(TRIG) : out of interval
 .measure tran t_wl1090_5 trig v(wrom3_rom_row_decode_0/wl_5) val=    1.755000000000000e+00     fall=1 td=1.300000e-06 targ v(wrom3_rom_row_decode_0/wl_5) val=    1.950000000000000e-01     fall=1 td=1.300000e-06 failed!


Error: measure  t_wlfall6  trig(TARG) : out of interval
 .measure tran t_wlfall6 trig v(clk0) val=    9.750000000000000e-01     rise=1 td=1.290000e-06 targ v(wrom3_rom_row_decode_0/wl_6) val=    9.750000000000000e-01     fall=1 td=1.300000e-06 failed!


Error: measure  t_wlslew6  trig(TRIG) : out of interval
 .measure tran t_wlslew6 trig v(wrom3_rom_row_decode_0/wl_6) val=    1.560000000000000e+00     fall=1 td=1.300000e-06 targ v(wrom3_rom_row_decode_0/wl_6) val=    3.900000000000000e-01     fall=1 td=1.300000e-06 failed!


Error: measure  t_wl1090_6  trig(TRIG) : out of interval
 .measure tran t_wl1090_6 trig v(wrom3_rom_row_decode_0/wl_6) val=    1.755000000000000e+00     fall=1 td=1.300000e-06 targ v(wrom3_rom_row_decode_0/wl_6) val=    1.950000000000000e-01     fall=1 td=1.300000e-06 failed!


Error: measure  t_wlfall7  trig(TARG) : out of interval
 .measure tran t_wlfall7 trig v(clk0) val=    9.750000000000000e-01     rise=1 td=1.290000e-06 targ v(wrom3_rom_row_decode_0/wl_7) val=    9.750000000000000e-01     fall=1 td=1.300000e-06 failed!


Error: measure  t_wlslew7  trig(TRIG) : out of interval
 .measure tran t_wlslew7 trig v(wrom3_rom_row_decode_0/wl_7) val=    1.560000000000000e+00     fall=1 td=1.300000e-06 targ v(wrom3_rom_row_decode_0/wl_7) val=    3.900000000000000e-01     fall=1 td=1.300000e-06 failed!


Error: measure  t_wl1090_7  trig(TRIG) : out of interval
 .measure tran t_wl1090_7 trig v(wrom3_rom_row_decode_0/wl_7) val=    1.755000000000000e+00     fall=1 td=1.300000e-06 targ v(wrom3_rom_row_decode_0/wl_7) val=    1.950000000000000e-01     fall=1 td=1.300000e-06 failed!


Error: measure  t_addr2dec0  trig(TARG) : out of interval
 .measure tran t_addr2dec0 trig v(addr0[3]) val=    9.750000000000000e-01     cross=1 td=1.345000e-06 targ v(wrom3_rom_row_decode_0/wrom3_rom_address_control_array_0/wrom3_rom_address_control_buf_0/wrom3_inv_array_mod_0/z) val=    9.750000000000000e-01     cross=1 td=1.345000e-06 failed!


Error: measure  t_addr2dec1  trig(TARG) : out of interval
 .measure tran t_addr2dec1 trig v(addr0[3]) val=    9.750000000000000e-01     cross=1 td=1.345000e-06 targ v(wrom3_rom_row_decode_0/wrom3_rom_address_control_array_0/wrom3_rom_address_control_buf_1/wrom3_inv_array_mod_0/z) val=    9.750000000000000e-01     cross=1 td=1.345000e-06 failed!


Error: measure  t_addr2dec2  trig(TARG) : out of interval
 .measure tran t_addr2dec2 trig v(addr0[3]) val=    9.750000000000000e-01     cross=1 td=1.345000e-06 targ v(wrom3_rom_row_decode_0/wrom3_rom_address_control_array_0/wrom3_rom_address_control_buf_2/wrom3_inv_array_mod_0/z) val=    9.750000000000000e-01     cross=1 td=1.345000e-06 failed!


Error: measure  t_addr2dec3  trig(TARG) : out of interval
 .measure tran t_addr2dec3 trig v(addr0[3]) val=    9.750000000000000e-01     cross=1 td=1.345000e-06 targ v(wrom3_rom_row_decode_0/wrom3_rom_address_control_array_0/wrom3_rom_address_control_buf_3/wrom3_inv_array_mod_0/z) val=    9.750000000000000e-01     cross=1 td=1.345000e-06 failed!


Error: measure  t_addr2dec4  trig(TARG) : out of interval
 .measure tran t_addr2dec4 trig v(addr0[3]) val=    9.750000000000000e-01     cross=1 td=1.345000e-06 targ v(wrom3_rom_row_decode_0/wrom3_rom_address_control_array_0/wrom3_rom_address_control_buf_4/wrom3_inv_array_mod_0/z) val=    9.750000000000000e-01     cross=1 td=1.345000e-06 failed!


Error: measure  t_addr2dec5  trig(TARG) : out of interval
 .measure tran t_addr2dec5 trig v(addr0[3]) val=    9.750000000000000e-01     cross=1 td=1.345000e-06 targ v(wrom3_rom_row_decode_0/wrom3_rom_address_control_array_0/wrom3_rom_address_control_buf_5/wrom3_inv_array_mod_0/z) val=    9.750000000000000e-01     cross=1 td=1.345000e-06 failed!


Error: measure  t_addr2dec6  trig(TARG) : out of interval
 .measure tran t_addr2dec6 trig v(addr0[3]) val=    9.750000000000000e-01     cross=1 td=1.345000e-06 targ v(wrom3_rom_row_decode_0/wrom3_rom_address_control_array_0/wrom3_rom_address_control_buf_6/wrom3_inv_array_mod_0/z) val=    9.750000000000000e-01     cross=1 td=1.345000e-06 failed!


Error: measure  t_addr2wl0  trig(TARG) : out of interval
 .measure tran t_addr2wl0 trig v(addr0[3]) val=    9.750000000000000e-01     cross=1 td=1.345000e-06 targ v(wrom3_rom_row_decode_0/wl_0) val=    9.750000000000000e-01     fall=1 td=1.345000e-06 failed!


Error: measure  t_addr2wl2  trig(TARG) : out of interval
 .measure tran t_addr2wl2 trig v(addr0[3]) val=    9.750000000000000e-01     cross=1 td=1.345000e-06 targ v(wrom3_rom_row_decode_0/wl_2) val=    9.750000000000000e-01     fall=1 td=1.345000e-06 failed!


Error: measure  t_addr2wl3  trig(TARG) : out of interval
 .measure tran t_addr2wl3 trig v(addr0[3]) val=    9.750000000000000e-01     cross=1 td=1.345000e-06 targ v(wrom3_rom_row_decode_0/wl_3) val=    9.750000000000000e-01     fall=1 td=1.345000e-06 failed!


Error: measure  t_addr2wl4  trig(TARG) : out of interval
 .measure tran t_addr2wl4 trig v(addr0[3]) val=    9.750000000000000e-01     cross=1 td=1.345000e-06 targ v(wrom3_rom_row_decode_0/wl_4) val=    9.750000000000000e-01     fall=1 td=1.345000e-06 failed!


Error: measure  t_addr2wl5  trig(TARG) : out of interval
 .measure tran t_addr2wl5 trig v(addr0[3]) val=    9.750000000000000e-01     cross=1 td=1.345000e-06 targ v(wrom3_rom_row_decode_0/wl_5) val=    9.750000000000000e-01     fall=1 td=1.345000e-06 failed!


Error: measure  t_addr2wl6  trig(TARG) : out of interval
 .measure tran t_addr2wl6 trig v(addr0[3]) val=    9.750000000000000e-01     cross=1 td=1.345000e-06 targ v(wrom3_rom_row_decode_0/wl_6) val=    9.750000000000000e-01     fall=1 td=1.345000e-06 failed!


Error: measure  t_addr2wl7  trig(TARG) : out of interval
 .measure tran t_addr2wl7 trig v(addr0[3]) val=    9.750000000000000e-01     cross=1 td=1.345000e-06 targ v(wrom3_rom_row_decode_0/wl_7) val=    9.750000000000000e-01     fall=1 td=1.345000e-06 failed!

q_c2                =   -3.69910e-12 from=  1.00000e-06 to=  1.20000e-06
q_c3                =   -3.97423e-12 from=  1.20000e-06 to=  1.40000e-06
e_periph_pj         =  7.74975e+00
t_clk2int           =  1.952695e-10 targ=  1.300445e-06 trig=  1.300250e-06
v_wl0_eval          =  1.511396e-08
t_wlfall0           =  8.544544e-10 targ=  1.301104e-06 trig=  1.300250e-06
t_wlslew0           =  5.801140e-11 targ=  1.301131e-06 trig=  1.301073e-06
t_wl1090_0          =  8.119379e-11 targ=  1.301142e-06 trig=  1.301061e-06
v_wl1_eval          =  1.511490e-08
t_wlfall1           =  5.045523e-08 targ=  1.350705e-06 trig=  1.300250e-06
t_wlslew1           =  5.448101e-11 targ=  1.350730e-06 trig=  1.350676e-06
t_wl1090_1          =  8.403978e-11 targ=  1.350742e-06 trig=  1.350658e-06
v_wl2_eval          =  1.950000e+00
v_wl3_eval          =  1.950000e+00
v_wl4_eval          =  1.950000e+00
v_wl5_eval          =  1.950000e+00
v_wl6_eval          =  1.950000e+00
v_wl7_eval          =  1.950000e+00
t_clk2pre           =  4.724750e-10 targ=  1.300722e-06 trig=  1.300250e-06
t_addr2dec7         =  1.890594e-11 targ=  1.350069e-06 trig=  1.350050e-06
t_addr2wl1          =  6.552283e-10 targ=  1.350705e-06 trig=  1.350050e-06


Total analysis time (seconds) = 149.845

Total elapsed time (seconds) = 534.197 

Total DRAM available = 31789.582 MB.
DRAM currently available = 13331.016 MB.
Maximum ngspice program size = 2783.215 MB.
Current ngspice program size = 2716.082 MB.

Shared ngspice pages =   11.254 MB.
Text (code) pages =    6.520 MB.
Stack = 0 bytes.
Library pages = 2761.051 MB.

