
Note: No compatibility mode selected!


Circuit: * wrom3 -- back end delay: bitline -> dout0  (column 10, ff)

Doing analysis at TEMP = -40.000000 and TNOM = 27.000000

Using SPARSE 1.3 as Direct Linear Solver
Operating point simulation skipped by 'uic',
  now using transient initial conditions.

No. of Data Rows : 4026

  Measurements for Transient Analysis

t_bl2dout           =  1.428059e-09 targ=  2.240996e-08 trig=  2.098190e-08
t_dout_slew         =  4.894939e-10 targ=  2.262865e-08 trig=  2.213915e-08


Total analysis time (seconds) = 28.9305

Total elapsed time (seconds) = 126.589 

Total DRAM available = 31789.559 MB.
DRAM currently available = 16696.062 MB.
Maximum ngspice program size =  754.746 MB.
Current ngspice program size =  688.238 MB.

Shared ngspice pages =   11.574 MB.
Text (code) pages =    6.520 MB.
Stack = 0 bytes.
Library pages =  732.582 MB.

