
Note: No compatibility mode selected!


Circuit: * wrom3 -- back end delay: bitline -> dout0  (column 10, ff)

Doing analysis at TEMP = -40.000000 and TNOM = 27.000000

Using SPARSE 1.3 as Direct Linear Solver
Operating point simulation skipped by 'uic',
  now using transient initial conditions.

No. of Data Rows : 4753

  Measurements for Transient Analysis

t_bl2dout           =  6.085911e-10 targ=  1.393824e-08 trig=  1.332965e-08
t_dout_slew         =  1.863294e-10 targ=  1.403055e-08 trig=  1.384422e-08


Total analysis time (seconds) = 17.9973

Total elapsed time (seconds) = 89.855 

Total DRAM available = 31789.570 MB.
DRAM currently available = 12432.902 MB.
Maximum ngspice program size =  754.930 MB.
Current ngspice program size =  687.711 MB.

Shared ngspice pages =   10.988 MB.
Text (code) pages =    6.520 MB.
Stack = 0 bytes.
Library pages =  732.766 MB.

