
Note: No compatibility mode selected!


Circuit: * wrom3 -- back end delay: bitline -> dout0  (column 10, tt)

Doing analysis at TEMP = 25.000000 and TNOM = 27.000000

Using SPARSE 1.3 as Direct Linear Solver
Operating point simulation skipped by 'uic',
  now using transient initial conditions.

No. of Data Rows : 4024

  Measurements for Transient Analysis

t_bl2dout           =  1.334693e-09 targ=  3.113847e-08 trig=  2.980377e-08
t_dout_slew         =  5.114318e-10 targ=  3.138699e-08 trig=  3.087556e-08


Total analysis time (seconds) = 38.5025

Total elapsed time (seconds) = 157.507 

Total DRAM available = 31789.559 MB.
DRAM currently available = 15894.594 MB.
Maximum ngspice program size =  752.324 MB.
Current ngspice program size =  685.773 MB.

Shared ngspice pages =   11.555 MB.
Text (code) pages =    6.520 MB.
Stack = 0 bytes.
Library pages =  730.160 MB.

