
Note: No compatibility mode selected!


Circuit: * wrom3 -- arka uc gecikmesi: bitline -> dout0  (kolon 10, ss)

Doing analysis at TEMP = 100.000000 and TNOM = 27.000000

Using SPARSE 1.3 as Direct Linear Solver
Operating point simulation skipped by 'uic',
  now using transient initial conditions.

No. of Data Rows : 4024

  Measurements for Transient Analysis

t_bl2dout           =  5.994062e-10 targ=  4.719376e-08 trig=  4.659435e-08
t_dout_slew         =  1.890983e-09 targ=  4.828036e-08 trig=  4.638938e-08


Total analysis time (seconds) = 25.6729

Total elapsed time (seconds) = 119.448 

Total DRAM available = 31789.582 MB.
DRAM currently available =  282.484 MB.
Maximum ngspice program size =  753.254 MB.
Current ngspice program size =  686.578 MB.

Shared ngspice pages =   11.434 MB.
Text (code) pages =    6.520 MB.
Stack = 0 bytes.
Library pages =  731.090 MB.

