
Note: No compatibility mode selected!


Circuit: * wrom3 -- back end delay: bitline -> dout0  (column 10, tt)

Doing analysis at TEMP = 25.000000 and TNOM = 27.000000

Using SPARSE 1.3 as Direct Linear Solver
Operating point simulation skipped by 'uic',
  now using transient initial conditions.

No. of Data Rows : 4920

  Measurements for Transient Analysis

t_bl2dout           =  7.398233e-10 targ=  2.074679e-08 trig=  2.000696e-08
t_dout_slew         =  2.614255e-10 targ=  2.088528e-08 trig=  2.062385e-08


Total analysis time (seconds) = 22.7518

Total elapsed time (seconds) = 97.344 

Total DRAM available = 31789.570 MB.
DRAM currently available = 21951.457 MB.
Maximum ngspice program size =  752.520 MB.
Current ngspice program size =  685.484 MB.

Shared ngspice pages =   11.152 MB.
Text (code) pages =    6.520 MB.
Stack = 0 bytes.
Library pages =  730.355 MB.

