
Note: No compatibility mode selected!


Circuit: * wrom3 -- back end delay: bitline -> dout0  (column 10, ss)

Doing analysis at TEMP = 100.000000 and TNOM = 27.000000

Using SPARSE 1.3 as Direct Linear Solver
Operating point simulation skipped by 'uic',
  now using transient initial conditions.

No. of Data Rows : 4023

  Measurements for Transient Analysis

t_bl2dout           =  9.366019e-10 targ=  5.344346e-08 trig=  5.250686e-08
t_dout_slew         =  2.571899e-09 targ=  5.480689e-08 trig=  5.223499e-08


Total analysis time (seconds) = 20.7624

Total elapsed time (seconds) = 100.573 

Total DRAM available = 31789.566 MB.
DRAM currently available = 14012.082 MB.
Maximum ngspice program size =  753.277 MB.
Current ngspice program size =  686.590 MB.

Shared ngspice pages =   11.402 MB.
Text (code) pages =    6.520 MB.
Stack = 0 bytes.
Library pages =  731.113 MB.

