
Note: No compatibility mode selected!


Circuit: * wrom3 -- arka uc gecikmesi: bitline -> dout0  (kolon 10, tt)

Doing analysis at TEMP = 25.000000 and TNOM = 27.000000

Using SPARSE 1.3 as Direct Linear Solver
Operating point simulation skipped by 'uic',
  now using transient initial conditions.

No. of Data Rows : 4024

  Measurements for Transient Analysis

t_bl2dout           =  1.351671e-09 targ=  2.618432e-08 trig=  2.483265e-08
t_dout_slew         =  6.617776e-10 targ=  2.651278e-08 trig=  2.585100e-08


Total analysis time (seconds) = 26.0805

Total elapsed time (seconds) = 120.284 

Total DRAM available = 31789.582 MB.
DRAM currently available = 1560.105 MB.
Maximum ngspice program size =  752.301 MB.
Current ngspice program size =  685.680 MB.

Shared ngspice pages =   11.473 MB.
Text (code) pages =    6.520 MB.
Stack = 0 bytes.
Library pages =  730.137 MB.

