
Note: No compatibility mode selected!


Circuit: * wrom3 -- arka uc gecikmesi: bitline -> dout0  (kolon 10, ff)

Doing analysis at TEMP = -40.000000 and TNOM = 27.000000

Using SPARSE 1.3 as Direct Linear Solver
Operating point simulation skipped by 'uic',
  now using transient initial conditions.

No. of Data Rows : 4024

  Measurements for Transient Analysis

t_bl2dout           =  9.909083e-10 targ=  1.685216e-08 trig=  1.586125e-08
t_dout_slew         =  3.028636e-10 targ=  1.699479e-08 trig=  1.669193e-08


Total analysis time (seconds) = 23.1418

Total elapsed time (seconds) = 116.397 

Total DRAM available = 31789.582 MB.
DRAM currently available = 10876.598 MB.
Maximum ngspice program size =  754.746 MB.
Current ngspice program size =  688.262 MB.

Shared ngspice pages =   11.621 MB.
Text (code) pages =    6.520 MB.
Stack = 0 bytes.
Library pages =  732.582 MB.

