
Note: No compatibility mode selected!


Circuit: * wrom3 column 10 -- active cycle energy (per column)

Doing analysis at TEMP = -40.000000 and TNOM = 27.000000

Using SPARSE 1.3 as Direct Linear Solver
Operating point simulation skipped by 'uic',
  now using transient initial conditions.

No. of Data Rows : 2560

  Measurements for Transient Analysis

q_c2                =   -4.50665e-13 from=  6.00000e-07 to=  8.00000e-07
q_c3                =   -4.50665e-13 from=  8.00000e-07 to=  1.00000e-06
e_col_pj            =  8.78796e-01


Total analysis time (seconds) = 1.26589

Total elapsed time (seconds) = 43.253 

Total DRAM available = 31789.566 MB.
DRAM currently available = 11656.723 MB.
Maximum ngspice program size =  420.086 MB.
Current ngspice program size =  353.477 MB.

Shared ngspice pages =   11.527 MB.
Text (code) pages =    6.520 MB.
Stack = 0 bytes.
Library pages =  397.922 MB.

