
Note: No compatibility mode selected!


Circuit: * wrom3 kolon 10 -- aktif cevrim enerjisi (kolon basina)

Doing analysis at TEMP = 25.000000 and TNOM = 27.000000

Using SPARSE 1.3 as Direct Linear Solver
Operating point simulation skipped by 'uic',
  now using transient initial conditions.

No. of Data Rows : 1684

  Measurements for Transient Analysis

q_c2                =   -2.58243e-13 from=  2.00000e-07 to=  4.00000e-07
q_c3                =   -2.46081e-13 from=  4.00000e-07 to=  6.00000e-07
e_col_pj            =  4.42945e-01


Total analysis time (seconds) = 1.16461

Total elapsed time (seconds) = 95.920 

Total DRAM available = 31789.582 MB.
DRAM currently available = 15457.559 MB.
Maximum ngspice program size =  420.566 MB.
Current ngspice program size =  353.773 MB.

Shared ngspice pages =   11.344 MB.
Text (code) pages =    6.520 MB.
Stack = 0 bytes.
Library pages =  398.402 MB.

