
Note: No compatibility mode selected!


Circuit: * wrom3 -- gercek parazitik c ile kolon 10 izole olcum

Doing analysis at TEMP = -40.000000 and TNOM = 27.000000

Using SPARSE 1.3 as Direct Linear Solver
Note: Starting dynamic gmin stepping
Note: Dynamic gmin stepping completed

Initial Transient Solution
--------------------------

Node                                   Voltage
----                                   -------
vdd                                       1.95
gnd_uq0                                      0
precharge                                    0
wl_0_0                                    1.95
wl_0_1                                    1.95
wl_0_2                                    1.95
wl_0_3                                    1.95
wl_0_4                                    1.95
wl_0_5                                    1.95
wl_0_6                                    1.95
wl_0_7                                    1.95
wl_0_8                                    1.95
wl_0_9                                    1.95
wl_0_10                                   1.95
wl_0_11                                   1.95
wl_0_12                                   1.95
wl_0_13                                   1.95
wl_0_14                                   1.95
wl_0_15                                   1.95
wl_0_16                                   1.95
wl_0_17                                   1.95
wl_0_18                                   1.95
wl_0_19                                   1.95
wl_0_20                                   1.95
wl_0_21                                   1.95
wl_0_22                                   1.95
wl_0_23                                   1.95
wl_0_24                                   1.95
wl_0_25                                   1.95
wl_0_26                                   1.95
wl_0_27                                   1.95
wl_0_28                                   1.95
wl_0_29                                   1.95
wl_0_30                                   1.95
wl_0_31                                   1.95
wl_0_32                                   1.95
wl_0_33                                   1.95
wl_0_34                                   1.95
wl_0_35                                   1.95
wl_0_36                                   1.95
wl_0_37                                   1.95
wl_0_38                                   1.95
wl_0_39                                   1.95
wl_0_40                                   1.95
wl_0_41                                   1.95
wl_0_42                                   1.95
wl_0_43                                   1.95
wl_0_44                                   1.95
wl_0_45                                   1.95
wl_0_46                                   1.95
wl_0_47                                   1.95
wl_0_48                                   1.95
wl_0_49                                   1.95
wl_0_50                                   1.95
wl_0_51                                   1.95
wl_0_52                                   1.95
wl_0_53                                   1.95
wl_0_54                                   1.95
wl_0_55                                   1.95
wl_0_56                                   1.95
wl_0_57                                   1.95
wl_0_58                                   1.95
wl_0_59                                   1.95
wl_0_60                                   1.95
wl_0_61                                   1.95
wl_0_62                                   1.95
wl_0_63                                   1.95
wl_0_64                                   1.95
wl_0_65                                   1.95
wl_0_66                                   1.95
wl_0_67                                   1.95
wl_0_68                                   1.95
wl_0_69                                   1.95
wl_0_70                                   1.95
wl_0_71                                   1.95
wl_0_72                                   1.95
wl_0_73                                   1.95
wl_0_74                                   1.95
wl_0_75                                   1.95
wl_0_76                                   1.95
wl_0_77                                   1.95
wl_0_78                                   1.95
wl_0_79                                   1.95
wl_0_80                                   1.95
wl_0_81                                   1.95
wl_0_82                                   1.95
wl_0_83                                   1.95
wl_0_84                                   1.95
wl_0_85                                   1.95
wl_0_86                                   1.95
wl_0_87                                   1.95
wl_0_88                                   1.95
wl_0_89                                   1.95
wl_0_90                                   1.95
wl_0_91                                   1.95
wl_0_92                                   1.95
wl_0_93                                   1.95
wl_0_94                                   1.95
wl_0_95                                   1.95
wl_0_96                                   1.95
wl_0_97                                   1.95
wl_0_98                                   1.95
wl_0_99                                   1.95
wl_0_100                                  1.95
wl_0_101                                  1.95
wl_0_102                                  1.95
wl_0_103                                  1.95
wl_0_104                                  1.95
wl_0_105                                  1.95
wl_0_106                                  1.95
wl_0_107                                  1.95
wl_0_108                                  1.95
wl_0_109                                  1.95
wl_0_110                                  1.95
wl_0_111                                  1.95
wl_0_112                                  1.95
wl_0_113                                  1.95
wl_0_114                                  1.95
wl_0_115                                  1.95
wl_0_116                                  1.95
wl_0_117                                  1.95
wl_0_118                                  1.95
wl_0_119                                  1.95
wl_0_120                                  1.95
wl_0_121                                  1.95
wl_0_122                                  1.95
wl_0_123                                  1.95
wl_0_124                                  1.95
wl_0_125                                  1.95
wl_0_126                                  1.95
wl_0_127                                  1.95
wl_0_128                                  1.95
wl_0_129                                  1.95
wl_0_130                                  1.95
wl_0_131                                  1.95
wl_0_132                                  1.95
bl_0_10                                   1.95
bl_b                               3.46052e-08
wrom3_rom_base_one_cell_15730/d         1.45749
wrom3_rom_base_one_cell_15604/d         1.41102
wrom3_rom_base_one_cell_15488/d         1.39396
wrom3_rom_base_one_cell_15083/d         1.38368
wrom3_rom_base_one_cell_14841/d         1.37633
wrom3_rom_base_one_cell_14435/d         1.37067
wrom3_rom_base_one_cell_14182/d         1.36607
wrom3_rom_base_one_cell_14037/d         1.36217
wrom3_rom_base_one_cell_13925/d         1.35878
wrom3_rom_base_one_cell_13362/d         1.35587
wrom3_rom_base_one_cell_12837/d         1.35332
wrom3_rom_base_one_cell_12721/d         1.35101
wrom3_rom_base_one_cell_12108/d         1.34902
wrom3_rom_base_one_cell_11975/d         1.34719
wrom3_rom_base_one_cell_11595/d         1.34552
wrom3_rom_base_one_cell_11467/d         1.34396
wrom3_rom_base_one_cell_10959/d         1.34254
wrom3_rom_base_one_cell_10813/d         1.34121
wrom3_rom_base_one_cell_10689/d         1.33995
wrom3_rom_base_one_cell_10303/d         1.33878
wrom3_rom_base_one_cell_10178/d         1.33767
wrom3_rom_base_one_cell_9684/s         1.33662
wrom3_rom_base_one_cell_9684/d         1.33564
wrom3_rom_base_one_cell_9557/d         1.33471
wrom3_rom_base_one_cell_9201/d         1.33383
wrom3_rom_base_one_cell_9070/d           1.333
wrom3_rom_base_one_cell_8935/d          1.3322
wrom3_rom_base_one_cell_8694/d         1.33144
wrom3_rom_base_one_cell_8417/d         1.33075
wrom3_rom_base_one_cell_8290/d         1.33008
wrom3_rom_base_one_cell_8028/d         1.32945
wrom3_rom_base_one_cell_7892/d         1.32884
wrom3_rom_base_one_cell_7628/d         1.32826
wrom3_rom_base_one_cell_7384/d         1.32771
wrom3_rom_base_one_cell_7257/d         1.32718
wrom3_rom_base_one_cell_7132/d         1.32667
wrom3_rom_base_one_cell_7000/d         1.32618
wrom3_rom_base_one_cell_6739/d         1.32571
wrom3_rom_base_one_cell_6603/d         1.32526
wrom3_rom_base_one_cell_6480/d         1.32482
wrom3_rom_base_one_cell_6356/d         1.32439
wrom3_rom_base_one_cell_6240/d         1.32398
wrom3_rom_base_one_cell_6123/d         1.32359
wrom3_rom_base_one_cell_5987/d         1.32321
wrom3_rom_base_one_cell_5850/d         1.32284
wrom3_rom_base_one_cell_5603/d         1.32249
wrom3_rom_base_one_cell_5487/d         1.32215
wrom3_rom_base_one_cell_5363/d         1.32182
wrom3_rom_base_one_cell_5230/d          1.3215
wrom3_rom_base_one_cell_4963/d          1.3212
wrom3_rom_base_one_cell_4839/d         1.32092
wrom3_rom_base_one_cell_4719/d         1.32066
wrom3_rom_base_one_cell_4590/d         1.32041
wrom3_rom_base_one_cell_4444/d         1.32017
wrom3_rom_base_one_cell_4176/d         1.31994
wrom3_rom_base_one_cell_3925/d         1.31973
wrom3_rom_base_one_cell_3548/d         1.31954
wrom3_rom_base_one_cell_3279/d         1.31937
wrom3_rom_base_one_cell_3144/d          1.3192
wrom3_rom_base_one_cell_2900/d         1.31905
wrom3_rom_base_one_cell_2757/d          1.3189
wrom3_rom_base_one_cell_2617/d         1.31876
wrom3_rom_base_one_cell_2469/d         1.31863
wrom3_rom_base_one_cell_2206/d         1.31852
wrom3_rom_base_one_cell_2084/d          1.3184
wrom3_rom_base_one_cell_1961/d          1.3183
wrom3_rom_base_one_cell_1833/d         1.31821
wrom3_rom_base_one_cell_1697/d         1.31812
wrom3_rom_base_one_cell_1565/d         1.31803
wrom3_rom_base_one_cell_1322/d         1.31796
wrom3_rom_base_one_cell_925/s           1.3179
wrom3_rom_base_one_cell_925/d          1.31787
wrom3_rom_base_one_cell_772/d          1.31784
wrom3_rom_base_one_cell_643/d          1.31782
wrom3_rom_base_one_cell_510/d          1.31781
wrom3_rom_base_one_cell_364/d           1.3178
vwl132#branch                                0
vwl131#branch                                0
vwl130#branch                                0
vwl129#branch                                0
vwl128#branch                                0
vwl127#branch                                0
vwl126#branch                                0
vwl125#branch                                0
vwl124#branch                                0
vwl123#branch                                0
vwl122#branch                                0
vwl121#branch                                0
vwl120#branch                                0
vwl119#branch                                0
vwl118#branch                                0
vwl117#branch                                0
vwl116#branch                                0
vwl115#branch                                0
vwl114#branch                                0
vwl113#branch                                0
vwl112#branch                                0
vwl111#branch                                0
vwl110#branch                                0
vwl109#branch                                0
vwl108#branch                                0
vwl107#branch                                0
vwl106#branch                                0
vwl105#branch                                0
vwl104#branch                                0
vwl103#branch                                0
vwl102#branch                                0
vwl101#branch                                0
vwl100#branch                                0
vwl99#branch                                 0
vwl98#branch                                 0
vwl97#branch                                 0
vwl96#branch                                 0
vwl95#branch                                 0
vwl94#branch                                 0
vwl93#branch                                 0
vwl92#branch                                 0
vwl91#branch                                 0
vwl90#branch                                 0
vwl89#branch                                 0
vwl88#branch                                 0
vwl87#branch                                 0
vwl86#branch                                 0
vwl85#branch                                 0
vwl84#branch                                 0
vwl83#branch                                 0
vwl82#branch                                 0
vwl81#branch                                 0
vwl80#branch                                 0
vwl79#branch                                 0
vwl78#branch                                 0
vwl77#branch                                 0
vwl76#branch                                 0
vwl75#branch                                 0
vwl74#branch                                 0
vwl73#branch                                 0
vwl72#branch                                 0
vwl71#branch                                 0
vwl70#branch                                 0
vwl69#branch                                 0
vwl68#branch                                 0
vwl67#branch                                 0
vwl66#branch                                 0
vwl65#branch                                 0
vwl64#branch                                 0
vwl63#branch                                 0
vwl62#branch                                 0
vwl61#branch                                 0
vwl60#branch                                 0
vwl59#branch                                 0
vwl58#branch                                 0
vwl57#branch                                 0
vwl56#branch                                 0
vwl55#branch                                 0
vwl54#branch                                 0
vwl53#branch                                 0
vwl52#branch                                 0
vwl51#branch                                 0
vwl50#branch                                 0
vwl49#branch                                 0
vwl48#branch                                 0
vwl47#branch                                 0
vwl46#branch                                 0
vwl45#branch                                 0
vwl44#branch                                 0
vwl43#branch                                 0
vwl42#branch                                 0
vwl41#branch                                 0
vwl40#branch                                 0
vwl39#branch                                 0
vwl38#branch                                 0
vwl37#branch                                 0
vwl36#branch                                 0
vwl35#branch                                 0
vwl34#branch                                 0
vwl33#branch                                 0
vwl32#branch                                 0
vwl31#branch                                 0
vwl30#branch                                 0
vwl29#branch                                 0
vwl28#branch                                 0
vwl27#branch                                 0
vwl26#branch                                 0
vwl25#branch                                 0
vwl24#branch                                 0
vwl23#branch                                 0
vwl22#branch                                 0
vwl21#branch                                 0
vwl20#branch                                 0
vwl19#branch                                 0
vwl18#branch                                 0
vwl17#branch                                 0
vwl16#branch                                 0
vwl15#branch                                 0
vwl14#branch                                 0
vwl13#branch                                 0
vwl12#branch                                 0
vwl11#branch                                 0
vwl10#branch                                 0
vwl9#branch                                  0
vwl8#branch                                  0
vwl7#branch                                  0
vwl6#branch                                  0
vwl5#branch                                  0
vwl4#branch                                  0
vwl3#branch                                  0
vwl2#branch                                  0
vwl1#branch                                  0
vwl0#branch                                  0
vprecharge#branch                            0
vgndgnd_uq0#branch                 7.55717e-15
vvdd#branch                       -1.53593e-10


No. of Data Rows : 4026

  Measurements for Transient Analysis

t_dis_50            =  6.763711e-09 targ=  1.068137e-07 trig=  1.000500e-07
t_dis_10            =  1.545271e-08 targ=  1.155027e-07 trig=  1.000500e-07
t_pre_90            =  5.421207e-10 targ=  2.005921e-07 trig=  2.000500e-07
t_pre_99            =  8.868741e-09 targ=  2.089187e-07 trig=  2.000500e-07


Total analysis time (seconds) = 5.77619

Total elapsed time (seconds) = 152.632 

Total DRAM available = 31789.582 MB.
DRAM currently available = 1159.453 MB.
Maximum ngspice program size =  420.688 MB.
Current ngspice program size =  354.145 MB.

Shared ngspice pages =   11.594 MB.
Text (code) pages =    6.520 MB.
Stack = 0 bytes.
Library pages =  398.523 MB.

