
Note: No compatibility mode selected!


Circuit: * wrom3 -- isolated measurement of column 10 with real parasitic c

Doing analysis at TEMP = 27.000000 and TNOM = 27.000000

Using SPARSE 1.3 as Direct Linear Solver
Note: Starting dynamic gmin stepping
Note: Dynamic gmin stepping completed

Initial Transient Solution
--------------------------

Node                                   Voltage
----                                   -------
vdd                                        1.8
gnd_uq0                                      0
precharge                                    0
wl_0_0                                     1.8
wl_0_1                                     1.8
wl_0_2                                     1.8
wl_0_3                                     1.8
wl_0_4                                     1.8
wl_0_5                                     1.8
wl_0_6                                     1.8
wl_0_7                                     1.8
wl_0_8                                     1.8
wl_0_9                                     1.8
wl_0_10                                    1.8
wl_0_11                                    1.8
wl_0_12                                    1.8
wl_0_13                                    1.8
wl_0_14                                    1.8
wl_0_15                                    1.8
wl_0_16                                    1.8
wl_0_17                                    1.8
wl_0_18                                    1.8
wl_0_19                                    1.8
wl_0_20                                    1.8
wl_0_21                                    1.8
wl_0_22                                    1.8
wl_0_23                                    1.8
wl_0_24                                    1.8
wl_0_25                                    1.8
wl_0_26                                    1.8
wl_0_27                                    1.8
wl_0_28                                    1.8
wl_0_29                                    1.8
wl_0_30                                    1.8
wl_0_31                                    1.8
wl_0_32                                    1.8
wl_0_33                                    1.8
wl_0_34                                    1.8
wl_0_35                                    1.8
wl_0_36                                    1.8
wl_0_37                                    1.8
wl_0_38                                    1.8
wl_0_39                                    1.8
wl_0_40                                    1.8
wl_0_41                                    1.8
wl_0_42                                    1.8
wl_0_43                                    1.8
wl_0_44                                    1.8
wl_0_45                                    1.8
wl_0_46                                    1.8
wl_0_47                                    1.8
wl_0_48                                    1.8
wl_0_49                                    1.8
wl_0_50                                    1.8
wl_0_51                                    1.8
wl_0_52                                    1.8
wl_0_53                                    1.8
wl_0_54                                    1.8
wl_0_55                                    1.8
wl_0_56                                    1.8
wl_0_57                                    1.8
wl_0_58                                    1.8
wl_0_59                                    1.8
wl_0_60                                    1.8
wl_0_61                                    1.8
wl_0_62                                    1.8
wl_0_63                                    1.8
wl_0_64                                    1.8
wl_0_65                                    1.8
wl_0_66                                    1.8
wl_0_67                                    1.8
wl_0_68                                    1.8
wl_0_69                                    1.8
wl_0_70                                    1.8
wl_0_71                                    1.8
wl_0_72                                    1.8
wl_0_73                                    1.8
wl_0_74                                    1.8
wl_0_75                                    1.8
wl_0_76                                    1.8
wl_0_77                                    1.8
wl_0_78                                    1.8
wl_0_79                                    1.8
wl_0_80                                    1.8
wl_0_81                                    1.8
wl_0_82                                    1.8
wl_0_83                                    1.8
wl_0_84                                    1.8
wl_0_85                                    1.8
wl_0_86                                    1.8
wl_0_87                                    1.8
wl_0_88                                    1.8
wl_0_89                                    1.8
wl_0_90                                    1.8
wl_0_91                                    1.8
wl_0_92                                    1.8
wl_0_93                                    1.8
wl_0_94                                    1.8
wl_0_95                                    1.8
wl_0_96                                    1.8
wl_0_97                                    1.8
wl_0_98                                    1.8
wl_0_99                                    1.8
wl_0_100                                   1.8
wl_0_101                                   1.8
wl_0_102                                   1.8
wl_0_103                                   1.8
wl_0_104                                   1.8
wl_0_105                                   1.8
wl_0_106                                   1.8
wl_0_107                                   1.8
wl_0_108                                   1.8
wl_0_109                                   1.8
wl_0_110                                   1.8
wl_0_111                                   1.8
wl_0_112                                   1.8
wl_0_113                                   1.8
wl_0_114                                   1.8
wl_0_115                                   1.8
wl_0_116                                   1.8
wl_0_117                                   1.8
wl_0_118                                   1.8
wl_0_119                                   1.8
wl_0_120                                   1.8
wl_0_121                                   1.8
wl_0_122                                   1.8
wl_0_123                                   1.8
wl_0_124                                   1.8
wl_0_125                                   1.8
wl_0_126                                   1.8
wl_0_127                                   1.8
wl_0_128                                   1.8
wl_0_129                                   1.8
wl_0_130                                   1.8
wl_0_131                                   1.8
wl_0_132                                   1.8
bl_0_10                                    1.8
bl_b                               1.61314e-07
wrom3_rom_base_one_cell_15730/d         1.26233
bl_0_10_r                                  1.8
wrom3_rom_base_one_cell_15604/d         1.21902
wrom3_rom_base_one_cell_15730/d_r1         1.26233
wrom3_rom_base_one_cell_15488/d          1.2008
wrom3_rom_base_one_cell_15604/d_r2         1.21902
wrom3_rom_base_one_cell_15083/d         1.18937
wrom3_rom_base_one_cell_15488/d_r3          1.2008
wrom3_rom_base_one_cell_14841/d         1.18106
wrom3_rom_base_one_cell_15083/d_r4         1.18937
wrom3_rom_base_one_cell_14435/d         1.17461
wrom3_rom_base_one_cell_14841/d_r5         1.18106
wrom3_rom_base_one_cell_14182/d         1.16932
wrom3_rom_base_one_cell_14435/d_r6         1.17461
wrom3_rom_base_one_cell_14037/d         1.16482
wrom3_rom_base_one_cell_14182/d_r7         1.16932
wrom3_rom_base_one_cell_13925/d          1.1609
wrom3_rom_base_one_cell_14037/d_r8         1.16482
wrom3_rom_base_one_cell_13362/d         1.15753
wrom3_rom_base_one_cell_13925/d_r9          1.1609
wrom3_rom_base_one_cell_12837/d         1.15458
wrom3_rom_base_one_cell_13362/d_r10         1.15753
wrom3_rom_base_one_cell_12721/d          1.1519
wrom3_rom_base_one_cell_12837/d_r11         1.15458
wrom3_rom_base_one_cell_12108/d          1.1496
wrom3_rom_base_one_cell_12721/d_r12          1.1519
wrom3_rom_base_one_cell_11975/d         1.14748
wrom3_rom_base_one_cell_12108/d_r13          1.1496
wrom3_rom_base_one_cell_11595/d         1.14555
wrom3_rom_base_one_cell_11975/d_r14         1.14748
wrom3_rom_base_one_cell_11467/d         1.14374
wrom3_rom_base_one_cell_11595/d_r15         1.14555
wrom3_rom_base_one_cell_10959/d          1.1421
wrom3_rom_base_one_cell_11467/d_r16         1.14374
wrom3_rom_base_one_cell_10813/d         1.14056
wrom3_rom_base_one_cell_10959/d_r17          1.1421
wrom3_rom_base_one_cell_10689/d          1.1391
wrom3_rom_base_one_cell_10813/d_r18         1.14056
wrom3_rom_base_one_cell_10303/d         1.13775
wrom3_rom_base_one_cell_10689/d_r19          1.1391
wrom3_rom_base_one_cell_10178/d         1.13647
wrom3_rom_base_one_cell_10303/d_r20         1.13775
wrom3_rom_base_one_cell_9684/s         1.13525
wrom3_rom_base_one_cell_10178/d_r21         1.13647
wrom3_rom_base_one_cell_9684/d         1.13412
wrom3_rom_base_one_cell_9684/s_r22         1.13525
wrom3_rom_base_one_cell_9557/d         1.13303
wrom3_rom_base_one_cell_9684/d_r23         1.13412
wrom3_rom_base_one_cell_9201/d         1.13203
wrom3_rom_base_one_cell_9557/d_r24         1.13303
wrom3_rom_base_one_cell_9070/d         1.13106
wrom3_rom_base_one_cell_9201/d_r25         1.13203
wrom3_rom_base_one_cell_8935/d         1.13013
wrom3_rom_base_one_cell_9070/d_r26         1.13106
wrom3_rom_base_one_cell_8694/d         1.12926
wrom3_rom_base_one_cell_8935/d_r27         1.13013
wrom3_rom_base_one_cell_8417/d         1.12846
wrom3_rom_base_one_cell_8694/d_r28         1.12926
wrom3_rom_base_one_cell_8290/d         1.12769
wrom3_rom_base_one_cell_8417/d_r29         1.12846
wrom3_rom_base_one_cell_8028/d         1.12696
wrom3_rom_base_one_cell_8290/d_r30         1.12769
wrom3_rom_base_one_cell_7892/d         1.12626
wrom3_rom_base_one_cell_8028/d_r31         1.12696
wrom3_rom_base_one_cell_7628/d         1.12559
wrom3_rom_base_one_cell_7892/d_r32         1.12626
wrom3_rom_base_one_cell_7384/d         1.12496
wrom3_rom_base_one_cell_7628/d_r33         1.12559
wrom3_rom_base_one_cell_7257/d         1.12435
wrom3_rom_base_one_cell_7384/d_r34         1.12496
wrom3_rom_base_one_cell_7132/d         1.12376
wrom3_rom_base_one_cell_7257/d_r35         1.12435
wrom3_rom_base_one_cell_7000/d         1.12319
wrom3_rom_base_one_cell_7132/d_r36         1.12376
wrom3_rom_base_one_cell_6739/d         1.12265
wrom3_rom_base_one_cell_7000/d_r37         1.12319
wrom3_rom_base_one_cell_6603/d         1.12213
wrom3_rom_base_one_cell_6739/d_r38         1.12265
wrom3_rom_base_one_cell_6480/d         1.12163
wrom3_rom_base_one_cell_6603/d_r39         1.12213
wrom3_rom_base_one_cell_6356/d         1.12114
wrom3_rom_base_one_cell_6480/d_r40         1.12163
wrom3_rom_base_one_cell_6240/d         1.12067
wrom3_rom_base_one_cell_6356/d_r41         1.12114
wrom3_rom_base_one_cell_6123/d         1.12021
wrom3_rom_base_one_cell_6240/d_r42         1.12067
wrom3_rom_base_one_cell_5987/d         1.11977
wrom3_rom_base_one_cell_6123/d_r43         1.12021
wrom3_rom_base_one_cell_5850/d         1.11934
wrom3_rom_base_one_cell_5987/d_r44         1.11977
wrom3_rom_base_one_cell_5603/d         1.11894
wrom3_rom_base_one_cell_5850/d_r45         1.11934
wrom3_rom_base_one_cell_5487/d         1.11855
wrom3_rom_base_one_cell_5603/d_r46         1.11894
wrom3_rom_base_one_cell_5363/d         1.11817
wrom3_rom_base_one_cell_5487/d_r47         1.11855
wrom3_rom_base_one_cell_5230/d          1.1178
wrom3_rom_base_one_cell_5363/d_r48         1.11817
wrom3_rom_base_one_cell_4963/d         1.11746
wrom3_rom_base_one_cell_5230/d_r49          1.1178
wrom3_rom_base_one_cell_4839/d         1.11712
wrom3_rom_base_one_cell_4963/d_r50         1.11746
wrom3_rom_base_one_cell_4719/d         1.11683
wrom3_rom_base_one_cell_4839/d_r51         1.11712
wrom3_rom_base_one_cell_4590/d         1.11654
wrom3_rom_base_one_cell_4719/d_r52         1.11683
wrom3_rom_base_one_cell_4444/d         1.11626
wrom3_rom_base_one_cell_4590/d_r53         1.11654
wrom3_rom_base_one_cell_4176/d           1.116
wrom3_rom_base_one_cell_4444/d_r54         1.11626
wrom3_rom_base_one_cell_3925/d         1.11576
wrom3_rom_base_one_cell_4176/d_r55           1.116
wrom3_rom_base_one_cell_3548/d         1.11554
wrom3_rom_base_one_cell_3925/d_r56         1.11576
wrom3_rom_base_one_cell_3279/d         1.11534
wrom3_rom_base_one_cell_3548/d_r57         1.11554
wrom3_rom_base_one_cell_3144/d         1.11515
wrom3_rom_base_one_cell_3279/d_r58         1.11534
wrom3_rom_base_one_cell_2900/d         1.11498
wrom3_rom_base_one_cell_3144/d_r59         1.11515
wrom3_rom_base_one_cell_2757/d         1.11481
wrom3_rom_base_one_cell_2900/d_r60         1.11498
wrom3_rom_base_one_cell_2617/d         1.11465
wrom3_rom_base_one_cell_2757/d_r61         1.11481
wrom3_rom_base_one_cell_2469/d          1.1145
wrom3_rom_base_one_cell_2617/d_r62         1.11465
wrom3_rom_base_one_cell_2206/d         1.11437
wrom3_rom_base_one_cell_2469/d_r63          1.1145
wrom3_rom_base_one_cell_2084/d         1.11424
wrom3_rom_base_one_cell_2206/d_r64         1.11437
wrom3_rom_base_one_cell_1961/d         1.11412
wrom3_rom_base_one_cell_2084/d_r65         1.11424
wrom3_rom_base_one_cell_1833/d         1.11401
wrom3_rom_base_one_cell_1961/d_r66         1.11412
wrom3_rom_base_one_cell_1697/d         1.11391
wrom3_rom_base_one_cell_1833/d_r67         1.11401
wrom3_rom_base_one_cell_1565/d         1.11381
wrom3_rom_base_one_cell_1697/d_r68         1.11391
wrom3_rom_base_one_cell_1322/d         1.11373
wrom3_rom_base_one_cell_1565/d_r69         1.11381
wrom3_rom_base_one_cell_925/s          1.11366
wrom3_rom_base_one_cell_1322/d_r70         1.11373
wrom3_rom_base_one_cell_925/d          1.11362
wrom3_rom_base_one_cell_925/s_r71         1.11366
wrom3_rom_base_one_cell_772/d          1.11359
wrom3_rom_base_one_cell_925/d_r72         1.11362
wrom3_rom_base_one_cell_643/d          1.11357
wrom3_rom_base_one_cell_772/d_r73         1.11359
wrom3_rom_base_one_cell_510/d          1.11355
wrom3_rom_base_one_cell_643/d_r74         1.11357
wrom3_rom_base_one_cell_364/d          1.11355
wrom3_rom_base_one_cell_510/d_r75         1.11355
wrom3_rom_base_one_cell_364/d_r76         1.11355
vwl132#branch                                0
vwl131#branch                                0
vwl130#branch                                0
vwl129#branch                                0
vwl128#branch                                0
vwl127#branch                                0
vwl126#branch                                0
vwl125#branch                                0
vwl124#branch                                0
vwl123#branch                                0
vwl122#branch                                0
vwl121#branch                                0
vwl120#branch                                0
vwl119#branch                                0
vwl118#branch                                0
vwl117#branch                                0
vwl116#branch                                0
vwl115#branch                                0
vwl114#branch                                0
vwl113#branch                                0
vwl112#branch                                0
vwl111#branch                                0
vwl110#branch                                0
vwl109#branch                                0
vwl108#branch                                0
vwl107#branch                                0
vwl106#branch                                0
vwl105#branch                                0
vwl104#branch                                0
vwl103#branch                                0
vwl102#branch                                0
vwl101#branch                                0
vwl100#branch                                0
vwl99#branch                                 0
vwl98#branch                                 0
vwl97#branch                                 0
vwl96#branch                                 0
vwl95#branch                                 0
vwl94#branch                                 0
vwl93#branch                                 0
vwl92#branch                                 0
vwl91#branch                                 0
vwl90#branch                                 0
vwl89#branch                                 0
vwl88#branch                                 0
vwl87#branch                                 0
vwl86#branch                                 0
vwl85#branch                                 0
vwl84#branch                                 0
vwl83#branch                                 0
vwl82#branch                                 0
vwl81#branch                                 0
vwl80#branch                                 0
vwl79#branch                                 0
vwl78#branch                                 0
vwl77#branch                                 0
vwl76#branch                                 0
vwl75#branch                                 0
vwl74#branch                                 0
vwl73#branch                                 0
vwl72#branch                                 0
vwl71#branch                                 0
vwl70#branch                                 0
vwl69#branch                                 0
vwl68#branch                                 0
vwl67#branch                                 0
vwl66#branch                                 0
vwl65#branch                                 0
vwl64#branch                                 0
vwl63#branch                                 0
vwl62#branch                                 0
vwl61#branch                                 0
vwl60#branch                                 0
vwl59#branch                                 0
vwl58#branch                                 0
vwl57#branch                                 0
vwl56#branch                                 0
vwl55#branch                                 0
vwl54#branch                                 0
vwl53#branch                                 0
vwl52#branch                                 0
vwl51#branch                                 0
vwl50#branch                                 0
vwl49#branch                                 0
vwl48#branch                                 0
vwl47#branch                                 0
vwl46#branch                                 0
vwl45#branch                                 0
vwl44#branch                                 0
vwl43#branch                                 0
vwl42#branch                                 0
vwl41#branch                                 0
vwl40#branch                                 0
vwl39#branch                                 0
vwl38#branch                                 0
vwl37#branch                                 0
vwl36#branch                                 0
vwl35#branch                                 0
vwl34#branch                                 0
vwl33#branch                                 0
vwl32#branch                                 0
vwl31#branch                                 0
vwl30#branch                                 0
vwl29#branch                                 0
vwl28#branch                                 0
vwl27#branch                                 0
vwl26#branch                                 0
vwl25#branch                                 0
vwl24#branch                                 0
vwl23#branch                                 0
vwl22#branch                                 0
vwl21#branch                                 0
vwl20#branch                                 0
vwl19#branch                                 0
vwl18#branch                                 0
vwl17#branch                                 0
vwl16#branch                                 0
vwl15#branch                                 0
vwl14#branch                                 0
vwl13#branch                                 0
vwl12#branch                                 0
vwl11#branch                                 0
vwl10#branch                                 0
vwl9#branch                                  0
vwl8#branch                                  0
vwl7#branch                                  0
vwl6#branch                                  0
vwl5#branch                                  0
vwl4#branch                                  0
vwl3#branch                                  0
vwl2#branch                                  0
vwl1#branch                                  0
vwl0#branch                                  0
vprecharge#branch                            0
vgndgnd_uq0#branch                 2.32757e-14
vvdd#branch                       -4.24608e-10


No. of Data Rows : 30072

  Measurements for Transient Analysis

t_dis_50            =  1.500696e-08 targ=  5.015057e-06 trig=  5.000050e-06
t_dis_10            =  3.537452e-08 targ=  5.035425e-06 trig=  5.000050e-06
t_dis_50_prev       =  1.501052e-08 targ=  3.015061e-06 trig=  3.000050e-06
t_pre_50            =  2.441486e-10 targ=  4.000294e-06 trig=  4.000050e-06
t_pre_90            =  5.745153e-10 targ=  4.000625e-06 trig=  4.000050e-06
t_pre_99            =  1.207702e-08 targ=  4.012127e-06 trig=  4.000050e-06


Total analysis time (seconds) = 17.1118

Total elapsed time (seconds) = 66.340 

Total DRAM available = 31789.566 MB.
DRAM currently available = 5045.715 MB.
Maximum ngspice program size =  420.152 MB.
Current ngspice program size =  353.543 MB.

Shared ngspice pages =   11.527 MB.
Text (code) pages =    6.520 MB.
Stack = 0 bytes.
Library pages =  397.988 MB.

