
Note: No compatibility mode selected!


Circuit: * wrom3 -- isolated measurement of column 10 with real parasitic c

Doing analysis at TEMP = 100.000000 and TNOM = 27.000000

Using SPARSE 1.3 as Direct Linear Solver

Initial Transient Solution
--------------------------

Node                                   Voltage
----                                   -------
vdd                                        1.6
gnd_uq0                                      0
precharge                                    0
wl_0_0                                     1.6
wl_0_1                                     1.6
wl_0_2                                     1.6
wl_0_3                                     1.6
wl_0_4                                     1.6
wl_0_5                                     1.6
wl_0_6                                     1.6
wl_0_7                                     1.6
wl_0_8                                     1.6
wl_0_9                                     1.6
wl_0_10                                    1.6
wl_0_11                                    1.6
wl_0_12                                    1.6
wl_0_13                                    1.6
wl_0_14                                    1.6
wl_0_15                                    1.6
wl_0_16                                    1.6
wl_0_17                                    1.6
wl_0_18                                    1.6
wl_0_19                                    1.6
wl_0_20                                    1.6
wl_0_21                                    1.6
wl_0_22                                    1.6
wl_0_23                                    1.6
wl_0_24                                    1.6
wl_0_25                                    1.6
wl_0_26                                    1.6
wl_0_27                                    1.6
wl_0_28                                    1.6
wl_0_29                                    1.6
wl_0_30                                    1.6
wl_0_31                                    1.6
wl_0_32                                    1.6
wl_0_33                                    1.6
wl_0_34                                    1.6
wl_0_35                                    1.6
wl_0_36                                    1.6
wl_0_37                                    1.6
wl_0_38                                    1.6
wl_0_39                                    1.6
wl_0_40                                    1.6
wl_0_41                                    1.6
wl_0_42                                    1.6
wl_0_43                                    1.6
wl_0_44                                    1.6
wl_0_45                                    1.6
wl_0_46                                    1.6
wl_0_47                                    1.6
wl_0_48                                    1.6
wl_0_49                                    1.6
wl_0_50                                    1.6
wl_0_51                                    1.6
wl_0_52                                    1.6
wl_0_53                                    1.6
wl_0_54                                    1.6
wl_0_55                                    1.6
wl_0_56                                    1.6
wl_0_57                                    1.6
wl_0_58                                    1.6
wl_0_59                                    1.6
wl_0_60                                    1.6
wl_0_61                                    1.6
wl_0_62                                    1.6
wl_0_63                                    1.6
wl_0_64                                    1.6
wl_0_65                                    1.6
wl_0_66                                    1.6
wl_0_67                                    1.6
wl_0_68                                    1.6
wl_0_69                                    1.6
wl_0_70                                    1.6
wl_0_71                                    1.6
wl_0_72                                    1.6
wl_0_73                                    1.6
wl_0_74                                    1.6
wl_0_75                                    1.6
wl_0_76                                    1.6
wl_0_77                                    1.6
wl_0_78                                    1.6
wl_0_79                                    1.6
wl_0_80                                    1.6
wl_0_81                                    1.6
wl_0_82                                    1.6
wl_0_83                                    1.6
wl_0_84                                    1.6
wl_0_85                                    1.6
wl_0_86                                    1.6
wl_0_87                                    1.6
wl_0_88                                    1.6
wl_0_89                                    1.6
wl_0_90                                    1.6
wl_0_91                                    1.6
wl_0_92                                    1.6
wl_0_93                                    1.6
wl_0_94                                    1.6
wl_0_95                                    1.6
wl_0_96                                    1.6
wl_0_97                                    1.6
wl_0_98                                    1.6
wl_0_99                                    1.6
wl_0_100                                   1.6
wl_0_101                                   1.6
wl_0_102                                   1.6
wl_0_103                                   1.6
wl_0_104                                   1.6
wl_0_105                                   1.6
wl_0_106                                   1.6
wl_0_107                                   1.6
wl_0_108                                   1.6
wl_0_109                                   1.6
wl_0_110                                   1.6
wl_0_111                                   1.6
wl_0_112                                   1.6
wl_0_113                                   1.6
wl_0_114                                   1.6
wl_0_115                                   1.6
wl_0_116                                   1.6
wl_0_117                                   1.6
wl_0_118                                   1.6
wl_0_119                                   1.6
wl_0_120                                   1.6
wl_0_121                                   1.6
wl_0_122                                   1.6
wl_0_123                                   1.6
wl_0_124                                   1.6
wl_0_125                                   1.6
wl_0_126                                   1.6
wl_0_127                                   1.6
wl_0_128                                   1.6
wl_0_129                                   1.6
wl_0_130                                   1.6
wl_0_131                                   1.6
wl_0_132                                   1.6
bl_0_10                                    1.6
bl_b                               3.46871e-07
wrom3_rom_base_one_cell_15730/d         1.02359
bl_0_10_r                                  1.6
wrom3_rom_base_one_cell_15604/d        0.981072
wrom3_rom_base_one_cell_15730/d_r1         1.02359
wrom3_rom_base_one_cell_15488/d        0.960769
wrom3_rom_base_one_cell_15604/d_r2        0.981072
wrom3_rom_base_one_cell_15083/d        0.947565
wrom3_rom_base_one_cell_15488/d_r3        0.960769
wrom3_rom_base_one_cell_14841/d        0.937775
wrom3_rom_base_one_cell_15083/d_r4        0.947565
wrom3_rom_base_one_cell_14435/d         0.93009
wrom3_rom_base_one_cell_14841/d_r5        0.937774
wrom3_rom_base_one_cell_14182/d        0.923744
wrom3_rom_base_one_cell_14435/d_r6         0.93009
wrom3_rom_base_one_cell_14037/d        0.918306
wrom3_rom_base_one_cell_14182/d_r7        0.923744
wrom3_rom_base_one_cell_13925/d        0.913553
wrom3_rom_base_one_cell_14037/d_r8        0.918306
wrom3_rom_base_one_cell_13362/d        0.909453
wrom3_rom_base_one_cell_13925/d_r9        0.913553
wrom3_rom_base_one_cell_12837/d        0.905869
wrom3_rom_base_one_cell_13362/d_r10        0.909452
wrom3_rom_base_one_cell_12721/d        0.902605
wrom3_rom_base_one_cell_12837/d_r11        0.905868
wrom3_rom_base_one_cell_12108/d        0.899826
wrom3_rom_base_one_cell_12721/d_r12        0.902604
wrom3_rom_base_one_cell_11975/d        0.897251
wrom3_rom_base_one_cell_12108/d_r13        0.899826
wrom3_rom_base_one_cell_11595/d        0.894906
wrom3_rom_base_one_cell_11975/d_r14         0.89725
wrom3_rom_base_one_cell_11467/d        0.892711
wrom3_rom_base_one_cell_11595/d_r15        0.894906
wrom3_rom_base_one_cell_10959/d        0.890722
wrom3_rom_base_one_cell_11467/d_r16        0.892711
wrom3_rom_base_one_cell_10813/d        0.888845
wrom3_rom_base_one_cell_10959/d_r17        0.890722
wrom3_rom_base_one_cell_10689/d         0.88707
wrom3_rom_base_one_cell_10813/d_r18        0.888845
wrom3_rom_base_one_cell_10303/d        0.885429
wrom3_rom_base_one_cell_10689/d_r19        0.887069
wrom3_rom_base_one_cell_10178/d        0.883868
wrom3_rom_base_one_cell_10303/d_r20        0.885429
wrom3_rom_base_one_cell_9684/s        0.882381
wrom3_rom_base_one_cell_10178/d_r21        0.883868
wrom3_rom_base_one_cell_9684/d           0.881
wrom3_rom_base_one_cell_9684/s_r22         0.88238
wrom3_rom_base_one_cell_9557/d        0.879679
wrom3_rom_base_one_cell_9684/d_r23           0.881
wrom3_rom_base_one_cell_9201/d        0.878451
wrom3_rom_base_one_cell_9557/d_r24        0.879679
wrom3_rom_base_one_cell_9070/d        0.877272
wrom3_rom_base_one_cell_9201/d_r25         0.87845
wrom3_rom_base_one_cell_8935/d         0.87614
wrom3_rom_base_one_cell_9070/d_r26        0.877272
wrom3_rom_base_one_cell_8694/d        0.875068
wrom3_rom_base_one_cell_8935/d_r27        0.876139
wrom3_rom_base_one_cell_8417/d        0.874102
wrom3_rom_base_one_cell_8694/d_r28        0.875068
wrom3_rom_base_one_cell_8290/d         0.87317
wrom3_rom_base_one_cell_8417/d_r29        0.874101
wrom3_rom_base_one_cell_8028/d        0.872287
wrom3_rom_base_one_cell_8290/d_r30         0.87317
wrom3_rom_base_one_cell_7892/d        0.871435
wrom3_rom_base_one_cell_8028/d_r31        0.872287
wrom3_rom_base_one_cell_7628/d        0.870627
wrom3_rom_base_one_cell_7892/d_r32        0.871435
wrom3_rom_base_one_cell_7384/d        0.869861
wrom3_rom_base_one_cell_7628/d_r33        0.870627
wrom3_rom_base_one_cell_7257/d         0.86912
wrom3_rom_base_one_cell_7384/d_r34        0.869861
wrom3_rom_base_one_cell_7132/d        0.868404
wrom3_rom_base_one_cell_7257/d_r35         0.86912
wrom3_rom_base_one_cell_7000/d         0.86771
wrom3_rom_base_one_cell_7132/d_r36        0.868403
wrom3_rom_base_one_cell_6739/d        0.867053
wrom3_rom_base_one_cell_7000/d_r37         0.86771
wrom3_rom_base_one_cell_6603/d        0.866416
wrom3_rom_base_one_cell_6739/d_r38        0.867053
wrom3_rom_base_one_cell_6480/d          0.8658
wrom3_rom_base_one_cell_6603/d_r39        0.866416
wrom3_rom_base_one_cell_6356/d        0.865203
wrom3_rom_base_one_cell_6480/d_r40          0.8658
wrom3_rom_base_one_cell_6240/d        0.864624
wrom3_rom_base_one_cell_6356/d_r41        0.865203
wrom3_rom_base_one_cell_6123/d        0.864064
wrom3_rom_base_one_cell_6240/d_r42        0.864624
wrom3_rom_base_one_cell_5987/d        0.863521
wrom3_rom_base_one_cell_6123/d_r43        0.864064
wrom3_rom_base_one_cell_5850/d        0.862994
wrom3_rom_base_one_cell_5987/d_r44         0.86352
wrom3_rom_base_one_cell_5603/d        0.862496
wrom3_rom_base_one_cell_5850/d_r45        0.862994
wrom3_rom_base_one_cell_5487/d        0.862014
wrom3_rom_base_one_cell_5603/d_r46        0.862496
wrom3_rom_base_one_cell_5363/d        0.861546
wrom3_rom_base_one_cell_5487/d_r47        0.862014
wrom3_rom_base_one_cell_5230/d        0.861093
wrom3_rom_base_one_cell_5363/d_r48        0.861546
wrom3_rom_base_one_cell_4963/d        0.860666
wrom3_rom_base_one_cell_5230/d_r49        0.861093
wrom3_rom_base_one_cell_4839/d        0.860252
wrom3_rom_base_one_cell_4963/d_r50        0.860666
wrom3_rom_base_one_cell_4719/d        0.859886
wrom3_rom_base_one_cell_4839/d_r51        0.860252
wrom3_rom_base_one_cell_4590/d        0.859532
wrom3_rom_base_one_cell_4719/d_r52        0.859886
wrom3_rom_base_one_cell_4444/d         0.85919
wrom3_rom_base_one_cell_4590/d_r53        0.859532
wrom3_rom_base_one_cell_4176/d        0.858871
wrom3_rom_base_one_cell_4444/d_r54         0.85919
wrom3_rom_base_one_cell_3925/d        0.858574
wrom3_rom_base_one_cell_4176/d_r55        0.858871
wrom3_rom_base_one_cell_3548/d        0.858311
wrom3_rom_base_one_cell_3925/d_r56        0.858574
wrom3_rom_base_one_cell_3279/d        0.858068
wrom3_rom_base_one_cell_3548/d_r57        0.858311
wrom3_rom_base_one_cell_3144/d        0.857836
wrom3_rom_base_one_cell_3279/d_r58        0.858068
wrom3_rom_base_one_cell_2900/d        0.857624
wrom3_rom_base_one_cell_3144/d_r59        0.857836
wrom3_rom_base_one_cell_2757/d        0.857422
wrom3_rom_base_one_cell_2900/d_r60        0.857624
wrom3_rom_base_one_cell_2617/d        0.857229
wrom3_rom_base_one_cell_2757/d_r61        0.857422
wrom3_rom_base_one_cell_2469/d        0.857046
wrom3_rom_base_one_cell_2617/d_r62        0.857229
wrom3_rom_base_one_cell_2206/d        0.856882
wrom3_rom_base_one_cell_2469/d_r63        0.857046
wrom3_rom_base_one_cell_2084/d        0.856728
wrom3_rom_base_one_cell_2206/d_r64        0.856882
wrom3_rom_base_one_cell_1961/d        0.856582
wrom3_rom_base_one_cell_2084/d_r65        0.856728
wrom3_rom_base_one_cell_1833/d        0.856445
wrom3_rom_base_one_cell_1961/d_r66        0.856582
wrom3_rom_base_one_cell_1697/d        0.856317
wrom3_rom_base_one_cell_1833/d_r67        0.856445
wrom3_rom_base_one_cell_1565/d        0.856198
wrom3_rom_base_one_cell_1697/d_r68        0.856317
wrom3_rom_base_one_cell_1322/d        0.856097
wrom3_rom_base_one_cell_1565/d_r69        0.856198
wrom3_rom_base_one_cell_925/s         0.856005
wrom3_rom_base_one_cell_1322/d_r70        0.856097
wrom3_rom_base_one_cell_925/d         0.855964
wrom3_rom_base_one_cell_925/s_r71        0.856005
wrom3_rom_base_one_cell_772/d         0.855931
wrom3_rom_base_one_cell_925/d_r72        0.855964
wrom3_rom_base_one_cell_643/d         0.855906
wrom3_rom_base_one_cell_772/d_r73        0.855931
wrom3_rom_base_one_cell_510/d         0.855889
wrom3_rom_base_one_cell_643/d_r74        0.855906
wrom3_rom_base_one_cell_364/d          0.85588
wrom3_rom_base_one_cell_510/d_r75        0.855889
wrom3_rom_base_one_cell_364/d_r76         0.85588
vwl132#branch                                0
vwl131#branch                                0
vwl130#branch                                0
vwl129#branch                                0
vwl128#branch                                0
vwl127#branch                                0
vwl126#branch                                0
vwl125#branch                                0
vwl124#branch                                0
vwl123#branch                                0
vwl122#branch                                0
vwl121#branch                                0
vwl120#branch                                0
vwl119#branch                                0
vwl118#branch                                0
vwl117#branch                                0
vwl116#branch                                0
vwl115#branch                                0
vwl114#branch                                0
vwl113#branch                                0
vwl112#branch                                0
vwl111#branch                                0
vwl110#branch                                0
vwl109#branch                                0
vwl108#branch                                0
vwl107#branch                                0
vwl106#branch                                0
vwl105#branch                                0
vwl104#branch                                0
vwl103#branch                                0
vwl102#branch                                0
vwl101#branch                                0
vwl100#branch                                0
vwl99#branch                                 0
vwl98#branch                                 0
vwl97#branch                                 0
vwl96#branch                                 0
vwl95#branch                                 0
vwl94#branch                                 0
vwl93#branch                                 0
vwl92#branch                                 0
vwl91#branch                                 0
vwl90#branch                                 0
vwl89#branch                                 0
vwl88#branch                                 0
vwl87#branch                                 0
vwl86#branch                                 0
vwl85#branch                                 0
vwl84#branch                                 0
vwl83#branch                                 0
vwl82#branch                                 0
vwl81#branch                                 0
vwl80#branch                                 0
vwl79#branch                                 0
vwl78#branch                                 0
vwl77#branch                                 0
vwl76#branch                                 0
vwl75#branch                                 0
vwl74#branch                                 0
vwl73#branch                                 0
vwl72#branch                                 0
vwl71#branch                                 0
vwl70#branch                                 0
vwl69#branch                                 0
vwl68#branch                                 0
vwl67#branch                                 0
vwl66#branch                                 0
vwl65#branch                                 0
vwl64#branch                                 0
vwl63#branch                                 0
vwl62#branch                                 0
vwl61#branch                                 0
vwl60#branch                                 0
vwl59#branch                                 0
vwl58#branch                                 0
vwl57#branch                                 0
vwl56#branch                                 0
vwl55#branch                                 0
vwl54#branch                                 0
vwl53#branch                                 0
vwl52#branch                                 0
vwl51#branch                                 0
vwl50#branch                                 0
vwl49#branch                                 0
vwl48#branch                                 0
vwl47#branch                                 0
vwl46#branch                                 0
vwl45#branch                                 0
vwl44#branch                                 0
vwl43#branch                                 0
vwl42#branch                                 0
vwl41#branch                                 0
vwl40#branch                                 0
vwl39#branch                                 0
vwl38#branch                                 0
vwl37#branch                                 0
vwl36#branch                                 0
vwl35#branch                                 0
vwl34#branch                                 0
vwl33#branch                                 0
vwl32#branch                                 0
vwl31#branch                                 0
vwl30#branch                                 0
vwl29#branch                                 0
vwl28#branch                                 0
vwl27#branch                                 0
vwl26#branch                                 0
vwl25#branch                                 0
vwl24#branch                                 0
vwl23#branch                                 0
vwl22#branch                                 0
vwl21#branch                                 0
vwl20#branch                                 0
vwl19#branch                                 0
vwl18#branch                                 0
vwl17#branch                                 0
vwl16#branch                                 0
vwl15#branch                                 0
vwl14#branch                                 0
vwl13#branch                                 0
vwl12#branch                                 0
vwl11#branch                                 0
vwl10#branch                                 0
vwl9#branch                                  0
vwl8#branch                                  0
vwl7#branch                                  0
vwl6#branch                                  0
vwl5#branch                                  0
vwl4#branch                                  0
vwl3#branch                                  0
vwl2#branch                                  0
vwl1#branch                                  0
vwl0#branch                                  0
vprecharge#branch                            0
vgndgnd_uq0#branch                 1.76207e-13
vvdd#branch                       -5.03704e-10


No. of Data Rows : 30048

  Measurements for Transient Analysis

t_dis_50            =  3.550818e-08 targ=  5.035558e-06 trig=  5.000050e-06
t_dis_10            =  7.248500e-08 targ=  5.072535e-06 trig=  5.000050e-06
t_dis_50_prev       =  3.550818e-08 targ=  3.035558e-06 trig=  3.000050e-06
t_pre_50            =  3.781821e-10 targ=  4.000428e-06 trig=  4.000050e-06
t_pre_90            =  8.471388e-10 targ=  4.000897e-06 trig=  4.000050e-06
t_pre_99            =  1.596811e-08 targ=  4.016018e-06 trig=  4.000050e-06


Total analysis time (seconds) = 8.88534

Total elapsed time (seconds) = 49.296 

Total DRAM available = 31789.559 MB.
DRAM currently available = 19918.234 MB.
Maximum ngspice program size =  421.320 MB.
Current ngspice program size =  354.465 MB.

Shared ngspice pages =   11.281 MB.
Text (code) pages =    6.520 MB.
Stack = 0 bytes.
Library pages =  399.156 MB.

