
Note: No compatibility mode selected!


Circuit: * wrom3 -- isolated measurement of column 81 with real parasitic c

Doing analysis at TEMP = 100.000000 and TNOM = 27.000000

Using SPARSE 1.3 as Direct Linear Solver

Initial Transient Solution
--------------------------

Node                                   Voltage
----                                   -------
vdd                                        1.6
gnd_uq0                                      0
precharge                                    0
wl_0_0                                     1.6
wl_0_1                                     1.6
wl_0_2                                     1.6
wl_0_3                                     1.6
wl_0_4                                     1.6
wl_0_5                                     1.6
wl_0_6                                     1.6
wl_0_7                                     1.6
wl_0_8                                     1.6
wl_0_9                                     1.6
wl_0_10                                    1.6
wl_0_11                                    1.6
wl_0_12                                    1.6
wl_0_13                                    1.6
wl_0_14                                    1.6
wl_0_15                                    1.6
wl_0_16                                    1.6
wl_0_17                                    1.6
wl_0_18                                    1.6
wl_0_19                                    1.6
wl_0_20                                    1.6
wl_0_21                                    1.6
wl_0_22                                    1.6
wl_0_23                                    1.6
wl_0_24                                    1.6
wl_0_25                                    1.6
wl_0_26                                    1.6
wl_0_27                                    1.6
wl_0_28                                    1.6
wl_0_29                                    1.6
wl_0_30                                    1.6
wl_0_31                                    1.6
wl_0_32                                    1.6
wl_0_33                                    1.6
wl_0_34                                    1.6
wl_0_35                                    1.6
wl_0_36                                    1.6
wl_0_37                                    1.6
wl_0_38                                    1.6
wl_0_39                                    1.6
wl_0_40                                    1.6
wl_0_41                                    1.6
wl_0_42                                    1.6
wl_0_43                                    1.6
wl_0_44                                    1.6
wl_0_45                                    1.6
wl_0_46                                    1.6
wl_0_47                                    1.6
wl_0_48                                    1.6
wl_0_49                                    1.6
wl_0_50                                    1.6
wl_0_51                                    1.6
wl_0_52                                    1.6
wl_0_53                                    1.6
wl_0_54                                    1.6
wl_0_55                                    1.6
wl_0_56                                    1.6
wl_0_57                                    1.6
wl_0_58                                    1.6
wl_0_59                                    1.6
wl_0_60                                    1.6
wl_0_61                                    1.6
wl_0_62                                    1.6
wl_0_63                                    1.6
wl_0_64                                    1.6
wl_0_65                                    1.6
wl_0_66                                    1.6
wl_0_67                                    1.6
wl_0_68                                    1.6
wl_0_69                                    1.6
wl_0_70                                    1.6
wl_0_71                                    1.6
wl_0_72                                    1.6
wl_0_73                                    1.6
wl_0_74                                    1.6
wl_0_75                                    1.6
wl_0_76                                    1.6
wl_0_77                                    1.6
wl_0_78                                    1.6
wl_0_79                                    1.6
wl_0_80                                    1.6
wl_0_81                                    1.6
wl_0_82                                    1.6
wl_0_83                                    1.6
wl_0_84                                    1.6
wl_0_85                                    1.6
wl_0_86                                    1.6
wl_0_87                                    1.6
wl_0_88                                    1.6
wl_0_89                                    1.6
wl_0_90                                    1.6
wl_0_91                                    1.6
wl_0_92                                    1.6
wl_0_93                                    1.6
wl_0_94                                    1.6
wl_0_95                                    1.6
wl_0_96                                    1.6
wl_0_97                                    1.6
wl_0_98                                    1.6
wl_0_99                                    1.6
wl_0_100                                   1.6
wl_0_101                                   1.6
wl_0_102                                   1.6
wl_0_103                                   1.6
wl_0_104                                   1.6
wl_0_105                                   1.6
wl_0_106                                   1.6
wl_0_107                                   1.6
wl_0_108                                   1.6
wl_0_109                                   1.6
wl_0_110                                   1.6
wl_0_111                                   1.6
wl_0_112                                   1.6
wl_0_113                                   1.6
wl_0_114                                   1.6
wl_0_115                                   1.6
wl_0_116                                   1.6
wl_0_117                                   1.6
wl_0_118                                   1.6
wl_0_119                                   1.6
wl_0_120                                   1.6
wl_0_121                                   1.6
wl_0_122                                   1.6
wl_0_123                                   1.6
wl_0_124                                   1.6
wl_0_125                                   1.6
wl_0_126                                   1.6
wl_0_127                                   1.6
wl_0_128                                   1.6
wl_0_129                                   1.6
wl_0_130                                   1.6
wl_0_131                                   1.6
wl_0_132                                   1.6
bl_0_81                                    1.6
bl_b                               3.46871e-07
wrom3_rom_base_one_cell_15831/d         1.02076
bl_0_81_r                                  1.6
wrom3_rom_base_one_cell_15566/d        0.978391
wrom3_rom_base_one_cell_15831/d_r1         1.02076
wrom3_rom_base_one_cell_15327/d        0.958234
wrom3_rom_base_one_cell_15566/d_r2        0.978391
wrom3_rom_base_one_cell_15196/d        0.944887
wrom3_rom_base_one_cell_15327/d_r3        0.958234
wrom3_rom_base_one_cell_14792/d        0.935075
wrom3_rom_base_one_cell_15196/d_r4        0.944887
wrom3_rom_base_one_cell_14513/d        0.927301
wrom3_rom_base_one_cell_14792/d_r5        0.935074
wrom3_rom_base_one_cell_13317/d        0.921249
wrom3_rom_base_one_cell_14513/d_r6        0.927301
wrom3_rom_base_one_cell_12803/d        0.916168
wrom3_rom_base_one_cell_13317/d_r7        0.921249
wrom3_rom_base_one_cell_12678/d        0.911692
wrom3_rom_base_one_cell_12803/d_r8        0.916168
wrom3_rom_base_one_cell_12536/d        0.907695
wrom3_rom_base_one_cell_12678/d_r9        0.911692
wrom3_rom_base_one_cell_12184/d        0.904156
wrom3_rom_base_one_cell_12536/d_r10        0.907695
wrom3_rom_base_one_cell_11812/d        0.901088
wrom3_rom_base_one_cell_12184/d_r11        0.904156
wrom3_rom_base_one_cell_11186/d        0.898381
wrom3_rom_base_one_cell_11812/d_r12        0.901088
wrom3_rom_base_one_cell_10913/d        0.895894
wrom3_rom_base_one_cell_11186/d_r13        0.898381
wrom3_rom_base_one_cell_10651/d        0.893599
wrom3_rom_base_one_cell_10913/d_r14        0.895894
wrom3_rom_base_one_cell_9654/s        0.891498
wrom3_rom_base_one_cell_10651/d_r15        0.893599
wrom3_rom_base_one_cell_9654/d        0.889616
wrom3_rom_base_one_cell_9654/s_r16        0.891498
wrom3_rom_base_one_cell_8666/d        0.887997
wrom3_rom_base_one_cell_9654/d_r17        0.889616
wrom3_rom_base_one_cell_8377/d        0.886547
wrom3_rom_base_one_cell_8666/d_r18        0.887997
wrom3_rom_base_one_cell_8252/d        0.885164
wrom3_rom_base_one_cell_8377/d_r19        0.886547
wrom3_rom_base_one_cell_7993/d        0.883864
wrom3_rom_base_one_cell_8252/d_r20        0.885164
wrom3_rom_base_one_cell_7854/d        0.882621
wrom3_rom_base_one_cell_7993/d_r21        0.883864
wrom3_rom_base_one_cell_7723/d        0.881429
wrom3_rom_base_one_cell_7854/d_r22         0.88262
wrom3_rom_base_one_cell_7216/d        0.880344
wrom3_rom_base_one_cell_7723/d_r23        0.881429
wrom3_rom_base_one_cell_6836/d        0.879339
wrom3_rom_base_one_cell_7216/d_r24        0.880344
wrom3_rom_base_one_cell_6564/d        0.878391
wrom3_rom_base_one_cell_6836/d_r25        0.879339
wrom3_rom_base_one_cell_6443/d        0.877478
wrom3_rom_base_one_cell_6564/d_r26        0.878391
wrom3_rom_base_one_cell_5693/d        0.876687
wrom3_rom_base_one_cell_6443/d_r27        0.877478
wrom3_rom_base_one_cell_5569/d        0.875924
wrom3_rom_base_one_cell_5693/d_r28        0.876687
wrom3_rom_base_one_cell_5317/d        0.875205
wrom3_rom_base_one_cell_5569/d_r29        0.875924
wrom3_rom_base_one_cell_5191/d        0.874511
wrom3_rom_base_one_cell_5317/d_r30        0.875205
wrom3_rom_base_one_cell_5064/d        0.873842
wrom3_rom_base_one_cell_5191/d_r31        0.874511
wrom3_rom_base_one_cell_4931/d        0.873196
wrom3_rom_base_one_cell_5064/d_r32        0.873842
wrom3_rom_base_one_cell_4681/d        0.872636
wrom3_rom_base_one_cell_4931/d_r33        0.873196
wrom3_rom_base_one_cell_4549/d        0.872095
wrom3_rom_base_one_cell_4681/d_r34        0.872636
wrom3_rom_base_one_cell_4144/d        0.871605
wrom3_rom_base_one_cell_4549/d_r35        0.872095
wrom3_rom_base_one_cell_3893/d        0.871147
wrom3_rom_base_one_cell_4144/d_r36        0.871605
wrom3_rom_base_one_cell_3774/d        0.870707
wrom3_rom_base_one_cell_3893/d_r37        0.871147
wrom3_rom_base_one_cell_3653/d        0.870282
wrom3_rom_base_one_cell_3774/d_r38        0.870707
wrom3_rom_base_one_cell_3513/d        0.869874
wrom3_rom_base_one_cell_3653/d_r39        0.870282
wrom3_rom_base_one_cell_876/s         0.869584
wrom3_rom_base_one_cell_3513/d_r40        0.869874
wrom3_rom_base_zero_cell_96/s         0.869513
wrom3_rom_base_one_cell_876/s_r41        0.869584
wrom3_rom_base_zero_cell_96/s_r42        0.869513
vwl132#branch                                0
vwl131#branch                                0
vwl130#branch                                0
vwl129#branch                                0
vwl128#branch                                0
vwl127#branch                                0
vwl126#branch                                0
vwl125#branch                                0
vwl124#branch                                0
vwl123#branch                                0
vwl122#branch                                0
vwl121#branch                                0
vwl120#branch                                0
vwl119#branch                                0
vwl118#branch                                0
vwl117#branch                                0
vwl116#branch                                0
vwl115#branch                                0
vwl114#branch                                0
vwl113#branch                                0
vwl112#branch                                0
vwl111#branch                                0
vwl110#branch                                0
vwl109#branch                                0
vwl108#branch                                0
vwl107#branch                                0
vwl106#branch                                0
vwl105#branch                                0
vwl104#branch                                0
vwl103#branch                                0
vwl102#branch                                0
vwl101#branch                                0
vwl100#branch                                0
vwl99#branch                                 0
vwl98#branch                                 0
vwl97#branch                                 0
vwl96#branch                                 0
vwl95#branch                                 0
vwl94#branch                                 0
vwl93#branch                                 0
vwl92#branch                                 0
vwl91#branch                                 0
vwl90#branch                                 0
vwl89#branch                                 0
vwl88#branch                                 0
vwl87#branch                                 0
vwl86#branch                                 0
vwl85#branch                                 0
vwl84#branch                                 0
vwl83#branch                                 0
vwl82#branch                                 0
vwl81#branch                                 0
vwl80#branch                                 0
vwl79#branch                                 0
vwl78#branch                                 0
vwl77#branch                                 0
vwl76#branch                                 0
vwl75#branch                                 0
vwl74#branch                                 0
vwl73#branch                                 0
vwl72#branch                                 0
vwl71#branch                                 0
vwl70#branch                                 0
vwl69#branch                                 0
vwl68#branch                                 0
vwl67#branch                                 0
vwl66#branch                                 0
vwl65#branch                                 0
vwl64#branch                                 0
vwl63#branch                                 0
vwl62#branch                                 0
vwl61#branch                                 0
vwl60#branch                                 0
vwl59#branch                                 0
vwl58#branch                                 0
vwl57#branch                                 0
vwl56#branch                                 0
vwl55#branch                                 0
vwl54#branch                                 0
vwl53#branch                                 0
vwl52#branch                                 0
vwl51#branch                                 0
vwl50#branch                                 0
vwl49#branch                                 0
vwl48#branch                                 0
vwl47#branch                                 0
vwl46#branch                                 0
vwl45#branch                                 0
vwl44#branch                                 0
vwl43#branch                                 0
vwl42#branch                                 0
vwl41#branch                                 0
vwl40#branch                                 0
vwl39#branch                                 0
vwl38#branch                                 0
vwl37#branch                                 0
vwl36#branch                                 0
vwl35#branch                                 0
vwl34#branch                                 0
vwl33#branch                                 0
vwl32#branch                                 0
vwl31#branch                                 0
vwl30#branch                                 0
vwl29#branch                                 0
vwl28#branch                                 0
vwl27#branch                                 0
vwl26#branch                                 0
vwl25#branch                                 0
vwl24#branch                                 0
vwl23#branch                                 0
vwl22#branch                                 0
vwl21#branch                                 0
vwl20#branch                                 0
vwl19#branch                                 0
vwl18#branch                                 0
vwl17#branch                                 0
vwl16#branch                                 0
vwl15#branch                                 0
vwl14#branch                                 0
vwl13#branch                                 0
vwl12#branch                                 0
vwl11#branch                                 0
vwl10#branch                                 0
vwl9#branch                                  0
vwl8#branch                                  0
vwl7#branch                                  0
vwl6#branch                                  0
vwl5#branch                                  0
vwl4#branch                                  0
vwl3#branch                                  0
vwl2#branch                                  0
vwl1#branch                                  0
vwl0#branch                                  0
vprecharge#branch                            0
vgndgnd_uq0#branch                 1.78491e-13
vvdd#branch                       -5.03704e-10


No. of Data Rows : 30048

  Measurements for Transient Analysis

t_dis_50            =  1.900608e-08 targ=  5.019056e-06 trig=  5.000050e-06
t_dis_10            =  3.650970e-08 targ=  5.036560e-06 trig=  5.000050e-06
t_dis_50_prev       =  1.900608e-08 targ=  3.019056e-06 trig=  3.000050e-06
t_pre_50            =  3.700659e-10 targ=  4.000420e-06 trig=  4.000050e-06
t_pre_90            =  8.565271e-10 targ=  4.000907e-06 trig=  4.000050e-06
t_pre_99            =  1.846784e-08 targ=  4.018518e-06 trig=  4.000050e-06


Total analysis time (seconds) = 12.3694

Total elapsed time (seconds) = 68.614 

Total DRAM available = 31789.559 MB.
DRAM currently available = 18101.836 MB.
Maximum ngspice program size =  420.129 MB.
Current ngspice program size =  353.312 MB.

Shared ngspice pages =   11.320 MB.
Text (code) pages =    6.520 MB.
Stack = 0 bytes.
Library pages =  397.965 MB.

