
Note: No compatibility mode selected!


Circuit: * wrom3 kolon 9 -- aktif cevrim enerjisi (kolon basina)

Doing analysis at TEMP = 25.000000 and TNOM = 27.000000

Using SPARSE 1.3 as Direct Linear Solver
Operating point simulation skipped by 'uic',
  now using transient initial conditions.

No. of Data Rows : 1684

  Measurements for Transient Analysis

q_c2                =   -1.95155e-13 from=  2.00000e-07 to=  4.00000e-07
q_c3                =   -1.83996e-13 from=  4.00000e-07 to=  6.00000e-07
e_col_pj            =  3.31194e-01


Total analysis time (seconds) = 0.944722

Total elapsed time (seconds) = 83.979 

Total DRAM available = 31789.582 MB.
DRAM currently available = 1642.477 MB.
Maximum ngspice program size =  419.875 MB.
Current ngspice program size =  353.246 MB.

Shared ngspice pages =   11.508 MB.
Text (code) pages =    6.520 MB.
Stack = 0 bytes.
Library pages =  397.711 MB.

