
Note: No compatibility mode selected!


Circuit: * wrom3 kolon 9 -- aktif cevrim enerjisi (kolon basina)

Doing analysis at TEMP = -40.000000 and TNOM = 27.000000

Using SPARSE 1.3 as Direct Linear Solver
Operating point simulation skipped by 'uic',
  now using transient initial conditions.

No. of Data Rows : 1693

  Measurements for Transient Analysis

q_c2                =   -2.44205e-13 from=  2.00000e-07 to=  4.00000e-07
q_c3                =   -2.44631e-13 from=  4.00000e-07 to=  6.00000e-07
e_col_pj            =  4.77030e-01


Total analysis time (seconds) = 0.954162

Total elapsed time (seconds) = 79.047 

Total DRAM available = 31789.582 MB.
DRAM currently available = 1385.324 MB.
Maximum ngspice program size =  419.883 MB.
Current ngspice program size =  353.148 MB.

Shared ngspice pages =   11.402 MB.
Text (code) pages =    6.520 MB.
Stack = 0 bytes.
Library pages =  397.719 MB.

