
Note: No compatibility mode selected!


Circuit: * wrom3 kolon 9 -- aktif cevrim enerjisi (kolon basina)

Doing analysis at TEMP = 100.000000 and TNOM = 27.000000

Using SPARSE 1.3 as Direct Linear Solver
Operating point simulation skipped by 'uic',
  now using transient initial conditions.

No. of Data Rows : 1683

  Measurements for Transient Analysis

q_c2                =   -1.55780e-13 from=  2.00000e-07 to=  4.00000e-07
q_c3                =   -1.55979e-13 from=  4.00000e-07 to=  6.00000e-07
e_col_pj            =  2.49567e-01


Total analysis time (seconds) = 0.753741

Total elapsed time (seconds) = 84.733 

Total DRAM available = 31789.582 MB.
DRAM currently available = 3959.672 MB.
Maximum ngspice program size =  419.875 MB.
Current ngspice program size =  353.176 MB.

Shared ngspice pages =   11.438 MB.
Text (code) pages =    6.520 MB.
Stack = 0 bytes.
Library pages =  397.711 MB.

