Note: Starting dynamic gmin stepping
Note: Dynamic gmin stepping completed

Note: No compatibility mode selected!


Circuit: * wrom3 -- gercek parazitik c ile kolon 9 izole olcum

Doing analysis at TEMP = 27.000000 and TNOM = 27.000000

Using SPARSE 1.3 as Direct Linear Solver

Initial Transient Solution
--------------------------

Node                                   Voltage
----                                   -------
vdd                                        1.8
gnd_uq0                                      0
precharge                                    0
wl_0_0                                     1.8
wl_0_1                                     1.8
wl_0_2                                     1.8
wl_0_3                                     1.8
wl_0_4                                     1.8
wl_0_5                                     1.8
wl_0_6                                     1.8
wl_0_7                                     1.8
wl_0_8                                     1.8
wl_0_9                                     1.8
wl_0_10                                    1.8
wl_0_11                                    1.8
wl_0_12                                    1.8
wl_0_13                                    1.8
wl_0_14                                    1.8
wl_0_15                                    1.8
wl_0_16                                    1.8
wl_0_17                                    1.8
wl_0_18                                    1.8
wl_0_19                                    1.8
wl_0_20                                    1.8
wl_0_21                                    1.8
wl_0_22                                    1.8
wl_0_23                                    1.8
wl_0_24                                    1.8
wl_0_25                                    1.8
wl_0_26                                    1.8
wl_0_27                                    1.8
wl_0_28                                    1.8
wl_0_29                                    1.8
wl_0_30                                    1.8
wl_0_31                                    1.8
wl_0_32                                    1.8
wl_0_33                                    1.8
wl_0_34                                    1.8
wl_0_35                                    1.8
wl_0_36                                    1.8
wl_0_37                                    1.8
wl_0_38                                    1.8
wl_0_39                                    1.8
wl_0_40                                    1.8
wl_0_41                                    1.8
wl_0_42                                    1.8
wl_0_43                                    1.8
wl_0_44                                    1.8
wl_0_45                                    1.8
wl_0_46                                    1.8
wl_0_47                                    1.8
wl_0_48                                    1.8
wl_0_49                                    1.8
wl_0_50                                    1.8
wl_0_51                                    1.8
wl_0_52                                    1.8
wl_0_53                                    1.8
wl_0_54                                    1.8
wl_0_55                                    1.8
wl_0_56                                    1.8
wl_0_57                                    1.8
wl_0_58                                    1.8
wl_0_59                                    1.8
wl_0_60                                    1.8
wl_0_61                                    1.8
wl_0_62                                    1.8
wl_0_63                                    1.8
wl_0_64                                    1.8
wl_0_65                                    1.8
wl_0_66                                    1.8
wl_0_67                                    1.8
wl_0_68                                    1.8
wl_0_69                                    1.8
wl_0_70                                    1.8
wl_0_71                                    1.8
wl_0_72                                    1.8
wl_0_73                                    1.8
wl_0_74                                    1.8
wl_0_75                                    1.8
wl_0_76                                    1.8
wl_0_77                                    1.8
wl_0_78                                    1.8
wl_0_79                                    1.8
wl_0_80                                    1.8
wl_0_81                                    1.8
wl_0_82                                    1.8
wl_0_83                                    1.8
wl_0_84                                    1.8
wl_0_85                                    1.8
wl_0_86                                    1.8
wl_0_87                                    1.8
wl_0_88                                    1.8
wl_0_89                                    1.8
wl_0_90                                    1.8
wl_0_91                                    1.8
wl_0_92                                    1.8
wl_0_93                                    1.8
wl_0_94                                    1.8
wl_0_95                                    1.8
wl_0_96                                    1.8
wl_0_97                                    1.8
wl_0_98                                    1.8
wl_0_99                                    1.8
wl_0_100                                   1.8
wl_0_101                                   1.8
wl_0_102                                   1.8
wl_0_103                                   1.8
wl_0_104                                   1.8
wl_0_105                                   1.8
bl_0_9                                     1.8
bl_b                               1.61314e-07
wrom3_rom_base_one_cell_15881/d         1.26794
wrom3_rom_base_one_cell_15709/d         1.22481
wrom3_rom_base_one_cell_15409/d         1.20679
wrom3_rom_base_one_cell_15242/d         1.19533
wrom3_rom_base_one_cell_15064/d         1.18697
wrom3_rom_base_one_cell_14914/d         1.18041
wrom3_rom_base_one_cell_14734/d         1.17503
wrom3_rom_base_one_cell_14567/d         1.17046
wrom3_rom_base_one_cell_14256/d         1.16655
wrom3_rom_base_one_cell_14079/d          1.1631
wrom3_rom_base_one_cell_13935/d         1.16003
wrom3_rom_base_one_cell_13768/d         1.15725
wrom3_rom_base_one_cell_13598/d         1.15472
wrom3_rom_base_one_cell_13411/d          1.1524
wrom3_rom_base_one_cell_13232/d         1.15027
wrom3_rom_base_one_cell_13068/d         1.14829
wrom3_rom_base_one_cell_12757/d         1.14646
wrom3_rom_base_one_cell_12586/d         1.14475
wrom3_rom_base_one_cell_12437/d         1.14315
wrom3_rom_base_one_cell_11718/d         1.14175
wrom3_rom_base_one_cell_11564/d         1.14042
wrom3_rom_base_one_cell_11110/d         1.13919
wrom3_rom_base_one_cell_10927/d         1.13802
wrom3_rom_base_one_cell_9817/s         1.13695
wrom3_rom_base_one_cell_9817/d         1.13597
wrom3_rom_base_one_cell_9038/d         1.13508
wrom3_rom_base_one_cell_8427/d         1.13429
wrom3_rom_base_one_cell_8129/d         1.13355
wrom3_rom_base_one_cell_7959/d         1.13284
wrom3_rom_base_one_cell_7808/d         1.13216
wrom3_rom_base_one_cell_7481/d         1.13152
wrom3_rom_base_one_cell_7326/d         1.13091
wrom3_rom_base_one_cell_7177/d         1.13032
wrom3_rom_base_one_cell_6846/d         1.12976
wrom3_rom_base_one_cell_6684/d         1.12923
wrom3_rom_base_one_cell_6512/d         1.12872
wrom3_rom_base_one_cell_6221/d         1.12824
wrom3_rom_base_one_cell_5887/d         1.12778
wrom3_rom_base_one_cell_5438/d         1.12737
wrom3_rom_base_one_cell_5268/d         1.12698
wrom3_rom_base_one_cell_4733/d         1.12664
wrom3_rom_base_one_cell_4355/d         1.12634
wrom3_rom_base_one_cell_3727/d         1.12608
wrom3_rom_base_one_cell_3557/d         1.12584
wrom3_rom_base_one_cell_3383/d         1.12561
wrom3_rom_base_one_cell_3057/d         1.12541
wrom3_rom_base_one_cell_2728/d         1.12522
wrom3_rom_base_one_cell_2383/d         1.12506
wrom3_rom_base_one_cell_2214/d         1.12491
wrom3_rom_base_one_cell_2065/d         1.12477
wrom3_rom_base_one_cell_1740/d         1.12465
wrom3_rom_base_one_cell_1423/d         1.12456
wrom3_rom_base_one_cell_1268/d         1.12447
wrom3_rom_base_one_cell_938/s           1.1244
wrom3_rom_base_one_cell_938/d          1.12436
wrom3_rom_base_one_cell_819/d          1.12432
wrom3_rom_base_one_cell_653/d           1.1243
wrom3_rom_base_one_cell_484/d          1.12429
vwl105#branch                                0
vwl104#branch                                0
vwl103#branch                                0
vwl102#branch                                0
vwl101#branch                                0
vwl100#branch                                0
vwl99#branch                                 0
vwl98#branch                                 0
vwl97#branch                                 0
vwl96#branch                                 0
vwl95#branch                                 0
vwl94#branch                                 0
vwl93#branch                                 0
vwl92#branch                                 0
vwl91#branch                                 0
vwl90#branch                                 0
vwl89#branch                                 0
vwl88#branch                                 0
vwl87#branch                                 0
vwl86#branch                                 0
vwl85#branch                                 0
vwl84#branch                                 0
vwl83#branch                                 0
vwl82#branch                                 0
vwl81#branch                                 0
vwl80#branch                                 0
vwl79#branch                                 0
vwl78#branch                                 0
vwl77#branch                                 0
vwl76#branch                                 0
vwl75#branch                                 0
vwl74#branch                                 0
vwl73#branch                                 0
vwl72#branch                                 0
vwl71#branch                                 0
vwl70#branch                                 0
vwl69#branch                                 0
vwl68#branch                                 0
vwl67#branch                                 0
vwl66#branch                                 0
vwl65#branch                                 0
vwl64#branch                                 0
vwl63#branch                                 0
vwl62#branch                                 0
vwl61#branch                                 0
vwl60#branch                                 0
vwl59#branch                                 0
vwl58#branch                                 0
vwl57#branch                                 0
vwl56#branch                                 0
vwl55#branch                                 0
vwl54#branch                                 0
vwl53#branch                                 0
vwl52#branch                                 0
vwl51#branch                                 0
vwl50#branch                                 0
vwl49#branch                                 0
vwl48#branch                                 0
vwl47#branch                                 0
vwl46#branch                                 0
vwl45#branch                                 0
vwl44#branch                                 0
vwl43#branch                                 0
vwl42#branch                                 0
vwl41#branch                                 0
vwl40#branch                                 0
vwl39#branch                                 0
vwl38#branch                                 0
vwl37#branch                                 0
vwl36#branch                                 0
vwl35#branch                                 0
vwl34#branch                                 0
vwl33#branch                                 0
vwl32#branch                                 0
vwl31#branch                                 0
vwl30#branch                                 0
vwl29#branch                                 0
vwl28#branch                                 0
vwl27#branch                                 0
vwl26#branch                                 0
vwl25#branch                                 0
vwl24#branch                                 0
vwl23#branch                                 0
vwl22#branch                                 0
vwl21#branch                                 0
vwl20#branch                                 0
vwl19#branch                                 0
vwl18#branch                                 0
vwl17#branch                                 0
vwl16#branch                                 0
vwl15#branch                                 0
vwl14#branch                                 0
vwl13#branch                                 0
vwl12#branch                                 0
vwl11#branch                                 0
vwl10#branch                                 0
vwl9#branch                                  0
vwl8#branch                                  0
vwl7#branch                                  0
vwl6#branch                                  0
vwl5#branch                                  0
vwl4#branch                                  0
vwl3#branch                                  0
vwl2#branch                                  0
vwl1#branch                                  0
vwl0#branch                                  0
vprecharge#branch                            0
vgndgnd_uq0#branch                 2.35701e-14
vvdd#branch                       -4.24608e-10

 Reference value :  0.00000e+00 Reference value :  2.55280e-08 Reference value :  5.20280e-08 Reference value :  7.88280e-08 Reference value :  1.02620e-07 Reference value :  1.26420e-07 Reference value :  1.55420e-07 Reference value :  1.75920e-07 Reference value :  1.97120e-07 Reference value :  2.21520e-07 Reference value :  2.52420e-07 Reference value :  2.83520e-07 Reference value :  3.12720e-07 Reference value :  3.45820e-07 Reference value :  3.79120e-07
No. of Data Rows : 4026

  Measurements for Transient Analysis

t_dis_50            =  8.845992e-09 targ=  1.088960e-07 trig=  1.000500e-07
t_dis_10            =  1.704612e-08 targ=  1.170961e-07 trig=  1.000500e-07
t_pre_90            =  4.547944e-10 targ=  2.005048e-07 trig=  2.000500e-07
t_pre_99            =  1.006130e-08 targ=  2.101113e-07 trig=  2.000500e-07


Total analysis time (seconds) = 1.7597

Total elapsed time (seconds) = 97.127 

Total DRAM available = 31789.582 MB.
DRAM currently available = 6030.766 MB.
Maximum ngspice program size =  420.719 MB.
Current ngspice program size =  354.117 MB.

Shared ngspice pages =   11.539 MB.
Text (code) pages =    6.520 MB.
Stack = 0 bytes.
Library pages =  398.555 MB.

