
Note: No compatibility mode selected!


Circuit: * wrom3 -- periphery energy per cycle -- active (cs0=1)

Doing analysis at TEMP = 25.000000 and TNOM = 27.000000

Using SPARSE 1.3 as Direct Linear Solver
Operating point simulation skipped by 'uic',
  now using transient initial conditions.

No. of Data Rows : 2498

  Measurements for Transient Analysis


Error: measure  t_clk2wl1  trig(TARG) : out of interval
 .measure tran t_clk2wl1 trig v(clk0) val=    9.000000000000000e-01     rise=1 td=1.190000e-06 targ v(wrom3_rom_row_decode_0/wl_1) val=    9.000000000000000e-01     rise=1 td=1.200000e-06 failed!


Error: measure  t_wlfall1  trig(TARG) : out of interval
 .measure tran t_wlfall1 trig v(clk0) val=    9.000000000000000e-01     rise=1 td=1.190000e-06 targ v(wrom3_rom_row_decode_0/wl_1) val=    9.000000000000000e-01     fall=1 td=1.200000e-06 failed!


Error: measure  t_clk2wl2  trig(TARG) : out of interval
 .measure tran t_clk2wl2 trig v(clk0) val=    9.000000000000000e-01     rise=1 td=1.190000e-06 targ v(wrom3_rom_row_decode_0/wl_2) val=    9.000000000000000e-01     rise=1 td=1.200000e-06 failed!


Error: measure  t_wlfall2  trig(TARG) : out of interval
 .measure tran t_wlfall2 trig v(clk0) val=    9.000000000000000e-01     rise=1 td=1.190000e-06 targ v(wrom3_rom_row_decode_0/wl_2) val=    9.000000000000000e-01     fall=1 td=1.200000e-06 failed!


Error: measure  t_clk2wl3  trig(TARG) : out of interval
 .measure tran t_clk2wl3 trig v(clk0) val=    9.000000000000000e-01     rise=1 td=1.190000e-06 targ v(wrom3_rom_row_decode_0/wl_3) val=    9.000000000000000e-01     rise=1 td=1.200000e-06 failed!


Error: measure  t_wlfall3  trig(TARG) : out of interval
 .measure tran t_wlfall3 trig v(clk0) val=    9.000000000000000e-01     rise=1 td=1.190000e-06 targ v(wrom3_rom_row_decode_0/wl_3) val=    9.000000000000000e-01     fall=1 td=1.200000e-06 failed!


Error: measure  t_clk2wl4  trig(TARG) : out of interval
 .measure tran t_clk2wl4 trig v(clk0) val=    9.000000000000000e-01     rise=1 td=1.190000e-06 targ v(wrom3_rom_row_decode_0/wl_4) val=    9.000000000000000e-01     rise=1 td=1.200000e-06 failed!


Error: measure  t_wlfall4  trig(TARG) : out of interval
 .measure tran t_wlfall4 trig v(clk0) val=    9.000000000000000e-01     rise=1 td=1.190000e-06 targ v(wrom3_rom_row_decode_0/wl_4) val=    9.000000000000000e-01     fall=1 td=1.200000e-06 failed!


Error: measure  t_clk2wl5  trig(TARG) : out of interval
 .measure tran t_clk2wl5 trig v(clk0) val=    9.000000000000000e-01     rise=1 td=1.190000e-06 targ v(wrom3_rom_row_decode_0/wl_5) val=    9.000000000000000e-01     rise=1 td=1.200000e-06 failed!


Error: measure  t_wlfall5  trig(TARG) : out of interval
 .measure tran t_wlfall5 trig v(clk0) val=    9.000000000000000e-01     rise=1 td=1.190000e-06 targ v(wrom3_rom_row_decode_0/wl_5) val=    9.000000000000000e-01     fall=1 td=1.200000e-06 failed!


Error: measure  t_clk2wl6  trig(TARG) : out of interval
 .measure tran t_clk2wl6 trig v(clk0) val=    9.000000000000000e-01     rise=1 td=1.190000e-06 targ v(wrom3_rom_row_decode_0/wl_6) val=    9.000000000000000e-01     rise=1 td=1.200000e-06 failed!


Error: measure  t_wlfall6  trig(TARG) : out of interval
 .measure tran t_wlfall6 trig v(clk0) val=    9.000000000000000e-01     rise=1 td=1.190000e-06 targ v(wrom3_rom_row_decode_0/wl_6) val=    9.000000000000000e-01     fall=1 td=1.200000e-06 failed!


Error: measure  t_clk2wl7  trig(TARG) : out of interval
 .measure tran t_clk2wl7 trig v(clk0) val=    9.000000000000000e-01     rise=1 td=1.190000e-06 targ v(wrom3_rom_row_decode_0/wl_7) val=    9.000000000000000e-01     rise=1 td=1.200000e-06 failed!


Error: measure  t_wlfall7  trig(TARG) : out of interval
 .measure tran t_wlfall7 trig v(clk0) val=    9.000000000000000e-01     rise=1 td=1.190000e-06 targ v(wrom3_rom_row_decode_0/wl_7) val=    9.000000000000000e-01     fall=1 td=1.200000e-06 failed!

q_c2                =   -3.46554e-12 from=  1.00000e-06 to=  1.20000e-06
q_c3                =   -3.47260e-12 from=  1.20000e-06 to=  1.40000e-06
e_periph_pj         =  6.25068e+00
t_clk2int           =  3.196959e-10 targ=  1.300570e-06 trig=  1.300250e-06
t_clk2wl0           =  -9.927144e-08 targ=  1.200979e-06 trig=  1.300250e-06
t_wlfall0           =  1.562955e-09 targ=  1.301813e-06 trig=  1.300250e-06
t_clk2pre           =  7.581206e-10 targ=  1.301008e-06 trig=  1.300250e-06


Total analysis time (seconds) = 221.517

Total elapsed time (seconds) = 756.069 

Total DRAM available = 31789.578 MB.
DRAM currently available = 5704.910 MB.
Maximum ngspice program size = 2773.043 MB.
Current ngspice program size = 2706.312 MB.

Shared ngspice pages =   11.547 MB.
Text (code) pages =    6.520 MB.
Stack = 0 bytes.
Library pages = 2750.879 MB.

