
Note: No compatibility mode selected!


Circuit: * wrom3 -- input pin capacitance (ss)

Doing analysis at TEMP = 100.000000 and TNOM = 27.000000

Using SPARSE 1.3 as Direct Linear Solver
Operating point simulation skipped by 'uic',
  now using transient initial conditions.

No. of Data Rows : 753

  Measurements for Transient Analysis

q_rise0             =   -9.16934e-15 from=  2.00000e-08 to=  3.10000e-08
q_fall0             =   9.17728e-15 from=  3.10000e-08 to=  4.20000e-08
c_rise0_ff          =  5.73084e+00
c_fall0_ff          =  5.73580e+00
c_cyc0_ff           =  5.73332e+00
q_rise1             =   -8.00815e-15 from=  5.20000e-08 to=  6.30000e-08
q_fall1             =   7.99344e-15 from=  6.30000e-08 to=  7.40000e-08
c_rise1_ff          =  5.00509e+00
c_fall1_ff          =  4.99590e+00
c_cyc1_ff           =  5.00050e+00
q_rise2             =   -1.10373e-14 from=  8.40000e-08 to=  9.50000e-08
q_fall2             =   1.20435e-14 from=  9.50000e-08 to=  1.06000e-07
c_rise2_ff          =  6.89830e+00
c_fall2_ff          =  7.52719e+00
c_cyc2_ff           =  7.21275e+00
q_rise3             =   -1.14305e-14 from=  1.16000e-07 to=  1.27000e-07
q_fall3             =   1.14045e-14 from=  1.27000e-07 to=  1.38000e-07
c_rise3_ff          =  7.14403e+00
c_fall3_ff          =  7.12780e+00
c_cyc3_ff           =  7.13592e+00
q_rise4             =   -1.11704e-14 from=  1.48000e-07 to=  1.59000e-07
q_fall4             =   1.11460e-14 from=  1.59000e-07 to=  1.70000e-07
c_rise4_ff          =  6.98148e+00
c_fall4_ff          =  6.96625e+00
c_cyc4_ff           =  6.97386e+00
q_rise5             =   -1.17507e-14 from=  1.80000e-07 to=  1.91000e-07
q_fall5             =   1.17149e-14 from=  1.91000e-07 to=  2.02000e-07
c_rise5_ff          =  7.34419e+00
c_fall5_ff          =  7.32181e+00
c_cyc5_ff           =  7.33300e+00
q_rise6             =   -1.25400e-14 from=  2.12000e-07 to=  2.23000e-07
q_fall6             =   1.24981e-14 from=  2.23000e-07 to=  2.34000e-07
c_rise6_ff          =  7.83750e+00
c_fall6_ff          =  7.81130e+00
c_cyc6_ff           =  7.82440e+00
q_rise7             =   -1.30777e-14 from=  2.44000e-07 to=  2.55000e-07
q_fall7             =   1.30275e-14 from=  2.55000e-07 to=  2.66000e-07
c_rise7_ff          =  8.17358e+00
c_fall7_ff          =  8.14220e+00
c_cyc7_ff           =  8.15789e+00
q_rise8             =   -1.38029e-14 from=  2.76000e-07 to=  2.87000e-07
q_fall8             =   1.26202e-14 from=  2.87000e-07 to=  2.98000e-07
c_rise8_ff          =  8.62680e+00
c_fall8_ff          =  7.88765e+00
c_cyc8_ff           =  8.25722e+00
q_rise9             =   -1.44709e-14 from=  3.08000e-07 to=  3.19000e-07
q_fall9             =   1.44016e-14 from=  3.19000e-07 to=  3.30000e-07
c_rise9_ff          =  9.04431e+00
c_fall9_ff          =  9.00102e+00
c_cyc9_ff           =  9.02266e+00
q_rise10            =   -1.32593e-14 from=  3.40000e-07 to=  3.51000e-07
q_fall10            =   1.32068e-14 from=  3.51000e-07 to=  3.62000e-07
c_rise10_ff         =  8.28705e+00
c_fall10_ff         =  8.25424e+00
c_cyc10_ff          =  8.27065e+00
q_rise11            =   -1.58126e-14 from=  3.72000e-07 to=  3.83000e-07
q_fall11            =   1.57258e-14 from=  3.83000e-07 to=  3.94000e-07
c_rise11_ff         =  9.88290e+00
c_fall11_ff         =  9.82865e+00
c_cyc11_ff          =  9.85578e+00
q_rise12            =   -1.49732e-14 from=  4.04000e-07 to=  4.15000e-07
q_fall12            =   1.48970e-14 from=  4.15000e-07 to=  4.26000e-07
c_rise12_ff         =  9.35828e+00
c_fall12_ff         =  9.31065e+00
c_cyc12_ff          =  9.33446e+00


Total analysis time (seconds) = 47.254

Total elapsed time (seconds) = 503.103 

Total DRAM available = 31789.570 MB.
DRAM currently available = 8266.852 MB.
Maximum ngspice program size = 2875.422 MB.
Current ngspice program size = 2808.070 MB.

Shared ngspice pages =   11.000 MB.
Text (code) pages =    6.520 MB.
Stack = 0 bytes.
Library pages = 2853.258 MB.

