
Note: No compatibility mode selected!


Circuit: * wrom3 -- input pin capacitance (tt)

Doing analysis at TEMP = 25.000000 and TNOM = 27.000000

Using SPARSE 1.3 as Direct Linear Solver
Operating point simulation skipped by 'uic',
  now using transient initial conditions.

No. of Data Rows : 794

  Measurements for Transient Analysis

q_rise0             =   -1.01565e-14 from=  2.00000e-08 to=  3.10000e-08
q_fall0             =   1.02382e-14 from=  3.10000e-08 to=  4.20000e-08
c_rise0_ff          =  5.64251e+00
c_fall0_ff          =  5.68791e+00
c_cyc0_ff           =  5.66521e+00
q_rise1             =   -8.78051e-15 from=  5.20000e-08 to=  6.30000e-08
q_fall1             =   8.82035e-15 from=  6.30000e-08 to=  7.40000e-08
c_rise1_ff          =  4.87806e+00
c_fall1_ff          =  4.90020e+00
c_cyc1_ff           =  4.88913e+00
q_rise2             =   -1.23551e-14 from=  8.40000e-08 to=  9.50000e-08
q_fall2             =   1.29555e-14 from=  9.50000e-08 to=  1.06000e-07
c_rise2_ff          =  6.86397e+00
c_fall2_ff          =  7.19749e+00
c_cyc2_ff           =  7.03073e+00
q_rise3             =   -1.21452e-14 from=  1.16000e-07 to=  1.27000e-07
q_fall3             =   1.22404e-14 from=  1.27000e-07 to=  1.38000e-07
c_rise3_ff          =  6.74731e+00
c_fall3_ff          =  6.80023e+00
c_cyc3_ff           =  6.77377e+00
q_rise4             =   -1.18554e-14 from=  1.48000e-07 to=  1.59000e-07
q_fall4             =   1.19438e-14 from=  1.59000e-07 to=  1.70000e-07
c_rise4_ff          =  6.58632e+00
c_fall4_ff          =  6.63543e+00
c_cyc4_ff           =  6.61088e+00
q_rise5             =   -1.24967e-14 from=  1.80000e-07 to=  1.91000e-07
q_fall5             =   1.25924e-14 from=  1.91000e-07 to=  2.02000e-07
c_rise5_ff          =  6.94260e+00
c_fall5_ff          =  6.99575e+00
c_cyc5_ff           =  6.96918e+00
q_rise6             =   -1.33818e-14 from=  2.12000e-07 to=  2.23000e-07
q_fall6             =   1.33030e-14 from=  2.23000e-07 to=  2.34000e-07
c_rise6_ff          =  7.43435e+00
c_fall6_ff          =  7.39055e+00
c_cyc6_ff           =  7.41245e+00
q_rise7             =   -1.39437e-14 from=  2.44000e-07 to=  2.55000e-07
q_fall7             =   1.40605e-14 from=  2.55000e-07 to=  2.66000e-07
c_rise7_ff          =  7.74651e+00
c_fall7_ff          =  7.81140e+00
c_cyc7_ff           =  7.77895e+00
q_rise8             =   -1.47868e-14 from=  2.76000e-07 to=  2.87000e-07
q_fall8             =   1.36561e-14 from=  2.87000e-07 to=  2.98000e-07
c_rise8_ff          =  8.21486e+00
c_fall8_ff          =  7.58675e+00
c_cyc8_ff           =  7.90080e+00
q_rise9             =   -1.55331e-14 from=  3.08000e-07 to=  3.19000e-07
q_fall9             =   1.55311e-14 from=  3.19000e-07 to=  3.30000e-07
c_rise9_ff          =  8.62948e+00
c_fall9_ff          =  8.62839e+00
c_cyc9_ff           =  8.62893e+00
q_rise10            =   -1.41764e-14 from=  3.40000e-07 to=  3.51000e-07
q_fall10            =   1.42734e-14 from=  3.51000e-07 to=  3.62000e-07
c_rise10_ff         =  7.87577e+00
c_fall10_ff         =  7.92965e+00
c_cyc10_ff          =  7.90271e+00
q_rise11            =   -1.70164e-14 from=  3.72000e-07 to=  3.83000e-07
q_fall11            =   1.71039e-14 from=  3.83000e-07 to=  3.94000e-07
c_rise11_ff         =  9.45356e+00
c_fall11_ff         =  9.50215e+00
c_cyc11_ff          =  9.47786e+00
q_rise12            =   -1.60932e-14 from=  4.04000e-07 to=  4.15000e-07
q_fall12            =   1.63873e-14 from=  4.15000e-07 to=  4.26000e-07
c_rise12_ff         =  8.94069e+00
c_fall12_ff         =  9.10407e+00
c_cyc12_ff          =  9.02238e+00


Total analysis time (seconds) = 42.5207

Total elapsed time (seconds) = 470.372 

Total DRAM available = 31789.582 MB.
DRAM currently available = 10537.020 MB.
Maximum ngspice program size = 2871.086 MB.
Current ngspice program size = 2804.027 MB.

Shared ngspice pages =   11.230 MB.
Text (code) pages =    6.520 MB.
Stack = 0 bytes.
Library pages = 2848.922 MB.

