wrom3 tt: dynamic read energy, average of 10 random reads
  array        : 134 rows x 256 columns, 1064 words x 8 per row
  E_column     : 0.4970 pJ per discharged column  (col10_energy_tt.log)
  E_periphery  : 6.2507 pJ per cycle              (periph_active_tt.log)
  seed         : 1626233652

  read     address      row   discharged       E (pJ)
  1           1057      132          140      75.8352
  2            979      122          126      68.8767
  3            307       38          144      77.8233
  4            812      101          128      69.8708
  5             16        2          142      76.8292
  6            292       36          130      70.8648
  7            831      103          139      75.3381
  8            410       51          130      70.8648
  9            788       98          121      66.3916
  10           607       75          122      66.8886

  average      : 71.9583 pJ   (min 66.3916, max 77.8233, sd 4.1835)
  worst case   : 133.4909 pJ   (all 256 columns discharging -- 1.86x)
  whole array  : 74.5889 pJ   (exact mean over all 134 rows, 137.5 of 256
                 columns discharging; per-row spread 0..256). The
                 sample is -3.53% against it.

e_read_avg_pj       =  7.195831e+01
e_read_worst_pj     =  1.334909e+02
n_reads             =  10
seed                =  1626233652
