wrom3 ff: dynamic read energy, average of 10 random reads
  array        : 134 rows x 256 columns, 1064 words x 8 per row
  E_column     : 0.8788 pJ per discharged column  (col10_energy_ff.log)
  E_periphery  : 7.2562 pJ per cycle              (periph_active_ff.log)
  seed         : 1626233652

  read     address      row   discharged       E (pJ)
  1           1057      132          140     130.2876
  2            979      122          126     117.9845
  3            307       38          144     133.8028
  4            812      101          128     119.7421
  5             16        2          142     132.0452
  6            292       36          130     121.4997
  7            831      103          139     129.4088
  8            410       51          130     121.4997
  9            788       98          121     113.5905
  10           607       75          122     114.4693

  average      : 123.4330 pJ   (min 113.5905, max 133.8028, sd 7.3968)
  worst case   : 232.2280 pJ   (all 256 columns discharging -- 1.88x)
  whole array  : 128.0841 pJ   (exact mean over all 134 rows, 137.5 of 256
                 columns discharging; per-row spread 0..256). The
                 sample is -3.63% against it.

e_read_avg_pj       =  1.234330e+02
e_read_worst_pj     =  2.322280e+02
n_reads             =  10
seed                =  1626233652
